05-07 02:38:39.195   474   474 V SystemServerTiming: OnBootPhase_480_com.android.server.pm.UserManagerService$LifeCycle took to complete: 0ms
05-07 02:38:39.195   474   474 D SystemServerTiming: OnBootPhase_480_com.android.server.om.OverlayManagerService
05-07 02:38:39.195   474   474 V SystemServerTiming: OnBootPhase_480_com.android.server.om.OverlayManagerService took to complete: 0ms
05-07 02:38:39.195   474   474 D SystemServerTiming: OnBootPhase_480_com.android.server.resources.ResourcesManagerService
05-07 02:38:39.195   474   474 V SystemServerTiming: OnBootPhase_480_com.android.server.resources.ResourcesManagerService took to complete: 0ms
05-07 02:38:39.195   474   474 D SystemServerTiming: OnBootPhase_480_com.android.server.sensorprivacy.SensorPrivacyService
05-07 02:38:39.195   474   474 V SystemServerTiming: OnBootPhase_480_com.android.server.sensorprivacy.SensorPrivacyService took to complete: 0ms
05-07 02:38:39.195   474   474 D SystemServerTiming: OnBootPhase_480_com.android.server.sensors.SensorService
05-07 02:38:39.195   474   474 V SystemServerTiming: OnBootPhase_480_com.android.server.sensors.SensorService took to complete: 0ms
05-07 02:38:39.195   474   474 D SystemServerTiming: OnBootPhase_480_com.android.server.SystemConfigService
05-07 02:38:39.195   474   474 V SystemServerTiming: OnBootPhase_480_com.android.server.SystemConfigService took to complete: 0ms
05-07 02:38:39.195   474   474 D SystemServerTiming: OnBootPhase_480_com.android.server.BatteryService
05-07 02:38:39.195   474   474 V SystemServerTiming: OnBootPhase_480_com.android.server.BatteryService took to complete: 0ms
05-07 02:38:39.195   474   474 D SystemServerTiming: OnBootPhase_480_com.android.server.usage.UsageStatsService
05-07 02:38:39.195   474   474 V SystemServerTiming: OnBootPhase_480_com.android.server.usage.UsageStatsService took to complete: 0ms
05-07 02:38:39.195   474   474 D SystemServerTiming: OnBootPhase_480_com.android.server.webkit.WebViewUpdateService
05-07 02:38:39.195   474   474 V SystemServerTiming: OnBootPhase_480_com.android.server.webkit.WebViewUpdateService took to complete: 0ms
05-07 02:38:39.195   474   474 D SystemServerTiming: OnBootPhase_480_com.android.server.CachedDeviceStateService
05-07 02:38:39.195   474   474 V SystemServerTiming: OnBootPhase_480_com.android.server.CachedDeviceStateService took to complete: 0ms
05-07 02:38:39.196   474   474 D SystemServerTiming: OnBootPhase_480_com.android.server.BinderCallsStatsService$LifeCycle
05-07 02:38:39.196   474   474 V SystemServerTiming: OnBootPhase_480_com.android.server.BinderCallsStatsService$LifeCycle took to complete: 0ms
05-07 02:38:39.196   474   474 D SystemServerTiming: OnBootPhase_480_com.android.server.LooperStatsService$Lifecycle
05-07 02:38:39.196   474   474 V SystemServerTiming: OnBootPhase_480_com.android.server.LooperStatsService$Lifecycle took to complete: 0ms
05-07 02:38:39.196   474   474 D SystemServerTiming: OnBootPhase_480_com.android.server.rollback.RollbackManagerService
05-07 02:38:39.196   474   474 V SystemServerTiming: OnBootPhase_480_com.android.server.rollback.RollbackManagerService took to complete: 0ms
05-07 02:38:39.196   474   474 D SystemServerTiming: OnBootPhase_480_com.android.server.os.NativeTombstoneManagerService
05-07 02:38:39.196   474   474 V SystemServerTiming: OnBootPhase_480_com.android.server.os.NativeTombstoneManagerService took to complete: 0ms
05-07 02:38:39.196   474   474 D SystemServerTiming: OnBootPhase_480_com.android.server.os.BugreportManagerService
05-07 02:38:39.196   474   474 V SystemServerTiming: OnBootPhase_480_com.android.server.os.BugreportManagerService took to complete: 0ms
05-07 02:38:39.196   474   474 D SystemServerTiming: OnBootPhase_480_com.android.server.gpu.GpuService
05-07 02:38:39.196   474   474 V SystemServerTiming: OnBootPhase_480_com.android.server.gpu.GpuService took to complete: 0ms
05-07 02:38:39.196   474   474 D SystemServerTiming: OnBootPhase_480_com.android.server.security.KeyChainSystemService
05-07 02:38:39.196   474   474 V SystemServerTiming: OnBootPhase_480_com.android.server.security.KeyChainSystemService took to complete: 0ms
05-07 02:38:39.196   474   474 D SystemServerTiming: OnBootPhase_480_com.android.server.BinaryTransparencyService
05-07 02:38:39.196   474   474 V SystemServerTiming: OnBootPhase_480_com.android.server.BinaryTransparencyService took to complete: 0ms
05-07 02:38:39.196   474   474 D SystemServerTiming: OnBootPhase_480_com.android.server.telecom.TelecomLoaderService
05-07 02:38:39.196   474   474 V SystemServerTiming: OnBootPhase_480_com.android.server.telecom.TelecomLoaderService took to complete: 0ms
05-07 02:38:39.196   474   474 D SystemServerTiming: OnBootPhase_480_com.android.server.accounts.AccountManagerService$Lifecycle
05-07 02:38:39.196   474   474 V SystemServerTiming: OnBootPhase_480_com.android.server.accounts.AccountManagerService$Lifecycle took to complete: 0ms
05-07 02:38:39.196   474   474 D SystemServerTiming: OnBootPhase_480_com.android.server.content.ContentService$Lifecycle
05-07 02:38:39.196   474   474 V SystemServerTiming: OnBootPhase_480_com.android.server.content.ContentService$Lifecycle took to complete: 0ms
05-07 02:38:39.196   474   474 D SystemServerTiming: OnBootPhase_480_com.android.server.DropBoxManagerService
05-07 02:38:39.196   474   474 V SystemServerTiming: OnBootPhase_480_com.android.server.DropBoxManagerService took to complete: 0ms
05-07 02:38:39.196   474   474 D SystemServerTiming: OnBootPhase_480_com.android.role.RoleService
05-07 02:38:39.196   474   474 V SystemServerTiming: OnBootPhase_480_com.android.role.RoleService took to complete: 0ms
05-07 02:38:39.196   474   474 D SystemServerTiming: OnBootPhase_480_com.android.server.vibrator.VibratorManagerService$Lifecycle
05-07 02:38:39.196   474   474 V SystemServerTiming: OnBootPhase_480_com.android.server.vibrator.VibratorManagerService$Lifecycle took to complete: 0ms
05-07 02:38:39.196   474   474 D SystemServerTiming: OnBootPhase_480_com.android.server.tare.InternalResourceService
05-07 02:38:39.196   474   474 V SystemServerTiming: OnBootPhase_480_com.android.server.tare.InternalResourceService took to complete: 0ms
05-07 02:38:39.196   474   474 D SystemServerTiming: OnBootPhase_480_com.android.server.alarm.AlarmManagerService
05-07 02:38:39.196   474   474 V SystemServerTiming: OnBootPhase_480_com.android.server.alarm.AlarmManagerService took to complete: 0ms
05-07 02:38:39.196   474   474 D SystemServerTiming: OnBootPhase_480_com.android.server.devicestate.DeviceStateManagerService
05-07 02:38:39.196   474   474 V SystemServerTiming: OnBootPhase_480_com.android.server.devicestate.DeviceStateManagerService took to complete: 0ms
05-07 02:38:39.196   474   474 D SystemServerTiming: OnBootPhase_480_com.android.server.camera.CameraServiceProxy
05-07 02:38:39.196   474   474 V SystemServerTiming: OnBootPhase_480_com.android.server.camera.CameraServiceProxy took to complete: 0ms
05-07 02:38:39.196   474   474 D SystemServerTiming: OnBootPhase_480_com.android.server.bluetooth.BluetoothService
05-07 02:38:39.196   474   474 V SystemServerTiming: OnBootPhase_480_com.android.server.bluetooth.BluetoothService took to complete: 0ms
05-07 02:38:39.196   474   474 D SystemServerTiming: OnBootPhase_480_com.android.server.connectivity.IpConnectivityMetrics
05-07 02:38:39.196   474   474 V SystemServerTiming: OnBootPhase_480_com.android.server.connectivity.IpConnectivityMetrics took to complete: 0ms
05-07 02:38:39.196   474   474 D SystemServerTiming: OnBootPhase_480_com.android.server.net.watchlist.NetworkWatchlistService$Lifecycle
05-07 02:38:39.196   474   474 V SystemServerTiming: OnBootPhase_480_com.android.server.net.watchlist.NetworkWatchlistService$Lifecycle took to complete: 0ms
05-07 02:38:39.196   474   474 D SystemServerTiming: OnBootPhase_480_com.android.server.PinnerService
05-07 02:38:39.196   474   474 V SystemServerTiming: OnBootPhase_480_com.android.server.PinnerService took to complete: 0ms
05-07 02:38:39.197   474   474 D SystemServerTiming: OnBootPhase_480_com.android.server.integrity.AppIntegrityManagerService
05-07 02:38:39.197   474   474 V SystemServerTiming: OnBootPhase_480_com.android.server.integrity.AppIntegrityManagerService took to complete: 0ms
05-07 02:38:39.197   474   474 D SystemServerTiming: OnBootPhase_480_com.android.server.logcat.LogcatManagerService
05-07 02:38:39.197   474   474 V SystemServerTiming: OnBootPhase_480_com.android.server.logcat.LogcatManagerService took to complete: 0ms
05-07 02:38:39.197   474   474 D SystemServerTiming: OnBootPhase_480_com.android.server.inputmethod.InputMethodManagerService$Lifecycle
05-07 02:38:39.197   474   474 V SystemServerTiming: OnBootPhase_480_com.android.server.inputmethod.InputMethodManagerService$Lifecycle took to complete: 0ms
05-07 02:38:39.197   474   474 D SystemServerTiming: OnBootPhase_480_com.android.server.accessibility.AccessibilityManagerService$Lifecycle
05-07 02:38:39.197   474   474 V SystemServerTiming: OnBootPhase_480_com.android.server.accessibility.AccessibilityManagerService$Lifecycle took to complete: 1ms
05-07 02:38:39.197   474   474 D SystemServerTiming: OnBootPhase_480_com.android.server.StorageManagerService$Lifecycle
05-07 02:38:39.197   474   474 V SystemServerTiming: OnBootPhase_480_com.android.server.StorageManagerService$Lifecycle took to complete: 0ms
05-07 02:38:39.197   474   474 D SystemServerTiming: OnBootPhase_480_com.android.server.usage.StorageStatsService$Lifecycle
05-07 02:38:39.197   474   474 V SystemServerTiming: OnBootPhase_480_com.android.server.usage.StorageStatsService$Lifecycle took to complete: 0ms
05-07 02:38:39.197   474   474 D SystemServerTiming: OnBootPhase_480_com.android.server.UiModeManagerService
05-07 02:38:39.197   474   474 V SystemServerTiming: OnBootPhase_480_com.android.server.UiModeManagerService took to complete: 0ms
05-07 02:38:39.197   474   474 D SystemServerTiming: OnBootPhase_480_com.android.server.locales.LocaleManagerService
05-07 02:38:39.197   474   474 V SystemServerTiming: OnBootPhase_480_com.android.server.locales.LocaleManagerService took to complete: 0ms
05-07 02:38:39.197   474   474 D SystemServerTiming: OnBootPhase_480_com.android.server.locksettings.LockSettingsService$Lifecycle
05-07 02:38:39.197   474   474 V SystemServerTiming: OnBootPhase_480_com.android.server.locksettings.LockSettingsService$Lifecycle took to complete: 0ms
05-07 02:38:39.197   474   474 D SystemServerTiming: OnBootPhase_480_com.android.server.PersistentDataBlockService
05-07 02:38:39.197   474   474 V SystemServerTiming: OnBootPhase_480_com.android.server.PersistentDataBlockService took to complete: 0ms
05-07 02:38:39.197   474   474 D SystemServerTiming: OnBootPhase_480_com.android.server.testharness.TestHarnessModeService
05-07 02:38:39.197   474   474 V SystemServerTiming: OnBootPhase_480_com.android.server.testharness.TestHarnessModeService took to complete: 0ms
05-07 02:38:39.197   474   474 D SystemServerTiming: OnBootPhase_480_com.android.server.oemlock.OemLockService
05-07 02:38:39.197   474   474 V SystemServerTiming: OnBootPhase_480_com.android.server.oemlock.OemLockService took to complete: 0ms
05-07 02:38:39.197   474   474 D SystemServerTiming: OnBootPhase_480_com.android.server.DeviceIdleController
05-07 02:38:39.197   474   474 V SystemServerTiming: OnBootPhase_480_com.android.server.DeviceIdleController took to complete: 0ms
05-07 02:38:39.197   474   474 D SystemServerTiming: OnBootPhase_480_com.android.server.devicepolicy.DevicePolicyManagerService$Lifecycle
05-07 02:38:39.205   474   474 I UsbPortManager: USB HAL AIDL version: USB_HAL_V2_0
05-07 02:38:39.206   474   474 V SystemServerTiming: OnBootPhase_480_com.android.server.devicepolicy.DevicePolicyManagerService$Lifecycle took to complete: 9ms
05-07 02:38:39.206   474   474 D SystemServerTiming: OnBootPhase_480_com.android.server.texttospeech.TextToSpeechManagerService
05-07 02:38:39.206   474   501 D SystemServerTimingAsync: InitThreadPoolExec:DevicePolicyManager
05-07 02:38:39.206   474   501 D SystemServerInitThreadPool: Started executing DevicePolicyManager
05-07 02:38:39.206   474   501 D SystemServerInitThreadPool: Finished executing DevicePolicyManager
05-07 02:38:39.206   474   501 V SystemServerTimingAsync: InitThreadPoolExec:DevicePolicyManager took to complete: 0ms
05-07 02:38:39.207   474   474 V SystemServerTiming: OnBootPhase_480_com.android.server.texttospeech.TextToSpeechManagerService took to complete: 0ms
05-07 02:38:39.207   474   474 D SystemServerTiming: OnBootPhase_480_com.android.server.ambientcontext.AmbientContextManagerService
05-07 02:38:39.207   474   474 V SystemServerTiming: OnBootPhase_480_com.android.server.ambientcontext.AmbientContextManagerService took to complete: 0ms
05-07 02:38:39.207   474   474 D SystemServerTiming: OnBootPhase_480_com.android.server.speech.SpeechRecognitionManagerService
05-07 02:38:39.207   474   474 V SystemServerTiming: OnBootPhase_480_com.android.server.speech.SpeechRecognitionManagerService took to complete: 0ms
05-07 02:38:39.207   474   474 D SystemServerTiming: OnBootPhase_480_com.android.server.searchui.SearchUiManagerService
05-07 02:38:39.207   474   474 V SystemServerTiming: OnBootPhase_480_com.android.server.searchui.SearchUiManagerService took to complete: 0ms
05-07 02:38:39.207   474   474 D SystemServerTiming: OnBootPhase_480_com.android.server.smartspace.SmartspaceManagerService
05-07 02:38:39.207   474   474 V SystemServerTiming: OnBootPhase_480_com.android.server.smartspace.SmartspaceManagerService took to complete: 0ms
05-07 02:38:39.207   474   474 D SystemServerTiming: OnBootPhase_480_com.android.server.graphics.fonts.FontManagerService$Lifecycle
05-07 02:38:39.207   474   474 V SystemServerTiming: OnBootPhase_480_com.android.server.graphics.fonts.FontManagerService$Lifecycle took to complete: 0ms
05-07 02:38:39.207   474   474 D SystemServerTiming: OnBootPhase_480_com.android.server.textservices.TextServicesManagerService$Lifecycle
05-07 02:38:39.207   474   474 V SystemServerTiming: OnBootPhase_480_com.android.server.textservices.TextServicesManagerService$Lifecycle took to complete: 0ms
05-07 02:38:39.207   474   474 D SystemServerTiming: OnBootPhase_480_com.android.server.textclassifier.TextClassificationManagerService$Lifecycle
05-07 02:38:39.207   474   474 V SystemServerTiming: OnBootPhase_480_com.android.server.textclassifier.TextClassificationManagerService$Lifecycle took to complete: 0ms
05-07 02:38:39.207   474   474 D SystemServerTiming: OnBootPhase_480_com.android.server.NetworkScoreService$Lifecycle
05-07 02:38:39.207   474   474 V SystemServerTiming: OnBootPhase_480_com.android.server.NetworkScoreService$Lifecycle took to complete: 0ms
05-07 02:38:39.207   474   474 D SystemServerTiming: OnBootPhase_480_com.android.server.NetworkStatsServiceInitializer
05-07 02:38:39.207   474   474 V SystemServerTiming: OnBootPhase_480_com.android.server.NetworkStatsServiceInitializer took to complete: 0ms
05-07 02:38:39.207   474   474 D SystemServerTiming: OnBootPhase_480_com.android.server.wifi.WifiService
05-07 02:38:39.207   474   474 V SystemServerTiming: OnBootPhase_480_com.android.server.wifi.WifiService took to complete: 0ms
05-07 02:38:39.207   474   474 D SystemServerTiming: OnBootPhase_480_com.android.server.wifi.scanner.WifiScanningService
05-07 02:38:39.207   474   474 V SystemServerTiming: OnBootPhase_480_com.android.server.wifi.scanner.WifiScanningService took to complete: 0ms
05-07 02:38:39.207   474   474 D SystemServerTiming: OnBootPhase_480_com.android.server.wifi.p2p.WifiP2pService
05-07 02:38:39.207   474   474 V SystemServerTiming: OnBootPhase_480_com.android.server.wifi.p2p.WifiP2pService took to complete: 0ms
05-07 02:38:39.207   474   474 D SystemServerTiming: OnBootPhase_480_com.android.server.ConnectivityServiceInitializer
05-07 02:38:39.207   474   474 V SystemServerTiming: OnBootPhase_480_com.android.server.ConnectivityServiceInitializer took to complete: 0ms
05-07 02:38:39.207   474   474 D SystemServerTiming: OnBootPhase_480_com.android.server.notification.NotificationManagerService
05-07 02:38:39.207   474   474 V SystemServerTiming: OnBootPhase_480_com.android.server.notification.NotificationManagerService took to complete: 0ms
05-07 02:38:39.207   474   474 D SystemServerTiming: OnBootPhase_480_com.android.server.storage.DeviceStorageMonitorService
05-07 02:38:39.207   474   474 V SystemServerTiming: OnBootPhase_480_com.android.server.storage.DeviceStorageMonitorService took to complete: 0ms
05-07 02:38:39.207   474   474 D SystemServerTiming: OnBootPhase_480_com.android.server.location.LocationManagerService$Lifecycle
05-07 02:38:39.207   474   474 V SystemServerTiming: OnBootPhase_480_com.android.server.location.LocationManagerService$Lifecycle took to complete: 0ms
05-07 02:38:39.207   474   474 D SystemServerTiming: OnBootPhase_480_com.android.server.timedetector.TimeDetectorService$Lifecycle
05-07 02:38:39.207   474   474 V SystemServerTiming: OnBootPhase_480_com.android.server.timedetector.TimeDetectorService$Lifecycle took to complete: 0ms
05-07 02:38:39.207   474   474 D SystemServerTiming: OnBootPhase_480_com.android.server.timezonedetector.TimeZoneDetectorService$Lifecycle
05-07 02:38:39.207   474   474 V SystemServerTiming: OnBootPhase_480_com.android.server.timezonedetector.TimeZoneDetectorService$Lifecycle took to complete: 0ms
05-07 02:38:39.207   474   474 D SystemServerTiming: OnBootPhase_480_com.android.server.timezonedetector.location.LocationTimeZoneManagerService$Lifecycle
05-07 02:38:39.208   474   474 V SystemServerTiming: OnBootPhase_480_com.android.server.timezonedetector.location.LocationTimeZoneManagerService$Lifecycle took to complete: 0ms
05-07 02:38:39.208   474   474 D SystemServerTiming: OnBootPhase_480_com.android.server.search.SearchManagerService$Lifecycle
05-07 02:38:39.208   474   474 V SystemServerTiming: OnBootPhase_480_com.android.server.search.SearchManagerService$Lifecycle took to complete: 0ms
05-07 02:38:39.208   474   474 D SystemServerTiming: OnBootPhase_480_com.android.server.wallpaper.WallpaperManagerService$Lifecycle
05-07 02:38:39.208   474   474 V SystemServerTiming: OnBootPhase_480_com.android.server.wallpaper.WallpaperManagerService$Lifecycle took to complete: 1ms
05-07 02:38:39.208   474   474 D SystemServerTiming: OnBootPhase_480_com.android.server.wallpapereffectsgeneration.WallpaperEffectsGenerationManagerService
05-07 02:38:39.209   474   474 V SystemServerTiming: OnBootPhase_480_com.android.server.wallpapereffectsgeneration.WallpaperEffectsGenerationManagerService took to complete: 0ms
05-07 02:38:39.209   474   474 D SystemServerTiming: OnBootPhase_480_com.android.server.audio.AudioService$Lifecycle
05-07 02:38:39.209   474   474 V SystemServerTiming: OnBootPhase_480_com.android.server.audio.AudioService$Lifecycle took to complete: 0ms
05-07 02:38:39.209   474   474 D SystemServerTiming: OnBootPhase_480_com.android.server.soundtrigger_middleware.SoundTriggerMiddlewareService$Lifecycle
05-07 02:38:39.209   474   474 V SystemServerTiming: OnBootPhase_480_com.android.server.soundtrigger_middleware.SoundTriggerMiddlewareService$Lifecycle took to complete: 0ms
05-07 02:38:39.209   474   474 D SystemServerTiming: OnBootPhase_480_com.android.server.DockObserver
05-07 02:38:39.209   474   474 V SystemServerTiming: OnBootPhase_480_com.android.server.DockObserver took to complete: 0ms
05-07 02:38:39.209   474   474 D SystemServerTiming: OnBootPhase_480_com.android.server.adb.AdbService$Lifecycle
05-07 02:38:39.209   474   474 V SystemServerTiming: OnBootPhase_480_com.android.server.adb.AdbService$Lifecycle took to complete: 0ms
05-07 02:38:39.209   474   474 D SystemServerTiming: OnBootPhase_480_com.android.server.usb.UsbService$Lifecycle
05-07 02:38:39.209   474   474 V SystemServerTiming: OnBootPhase_480_com.android.server.usb.UsbService$Lifecycle took to complete: 0ms
05-07 02:38:39.209   474   474 D SystemServerTiming: OnBootPhase_480_com.android.server.twilight.TwilightService
05-07 02:38:39.209   474   474 V SystemServerTiming: OnBootPhase_480_com.android.server.twilight.TwilightService took to complete: 0ms
05-07 02:38:39.209   474   474 D SystemServerTiming: OnBootPhase_480_com.android.server.display.color.ColorDisplayService
05-07 02:38:39.209   474   474 V SystemServerTiming: OnBootPhase_480_com.android.server.display.color.ColorDisplayService took to complete: 0ms
05-07 02:38:39.209   474   474 D SystemServerTiming: OnBootPhase_480_com.android.server.job.JobSchedulerService
05-07 02:38:39.209   474   474 V SystemServerTiming: OnBootPhase_480_com.android.server.job.JobSchedulerService took to complete: 0ms
05-07 02:38:39.209   474   474 D SystemServerTiming: OnBootPhase_480_com.android.server.soundtrigger.SoundTriggerService
05-07 02:38:39.209   474   474 D SoundTriggerService: onBootPhase: 480 : false
05-07 02:38:39.209   474   474 V SystemServerTiming: OnBootPhase_480_com.android.server.soundtrigger.SoundTriggerService took to complete: 0ms
05-07 02:38:39.209   474   474 D SystemServerTiming: OnBootPhase_480_com.android.server.trust.TrustManagerService
05-07 02:38:39.209   474   474 V SystemServerTiming: OnBootPhase_480_com.android.server.trust.TrustManagerService took to complete: 0ms
05-07 02:38:39.209   474   474 D SystemServerTiming: OnBootPhase_480_com.android.server.backup.BackupManagerService$Lifecycle
05-07 02:38:39.209   474   474 V SystemServerTiming: OnBootPhase_480_com.android.server.backup.BackupManagerService$Lifecycle took to complete: 0ms
05-07 02:38:39.209   474   474 D SystemServerTiming: OnBootPhase_480_com.android.server.appwidget.AppWidgetService
05-07 02:38:39.209   474   474 V SystemServerTiming: OnBootPhase_480_com.android.server.appwidget.AppWidgetService took to complete: 0ms
05-07 02:38:39.209   474   474 D SystemServerTiming: OnBootPhase_480_com.android.server.voiceinteraction.VoiceInteractionManagerService
05-07 02:38:39.209   474   474 V SystemServerTiming: OnBootPhase_480_com.android.server.voiceinteraction.VoiceInteractionManagerService took to complete: 0ms
05-07 02:38:39.209   474   474 D SystemServerTiming: OnBootPhase_480_com.android.server.apphibernation.AppHibernationService
05-07 02:38:39.209   474   474 V SystemServerTiming: OnBootPhase_480_com.android.server.apphibernation.AppHibernationService took to complete: 0ms
05-07 02:38:39.209   474   474 D SystemServerTiming: OnBootPhase_480_com.android.server.GestureLauncherService
05-07 02:38:39.209   474   474 V SystemServerTiming: OnBootPhase_480_com.android.server.GestureLauncherService took to complete: 0ms
05-07 02:38:39.209   474   474 D SystemServerTiming: OnBootPhase_480_com.android.server.SensorNotificationService
05-07 02:38:39.209   474   474 V SystemServerTiming: OnBootPhase_480_com.android.server.SensorNotificationService took to complete: 0ms
05-07 02:38:39.209   474   474 D SystemServerTiming: OnBootPhase_480_com.android.server.emergency.EmergencyAffordanceService
05-07 02:38:39.209   474   474 V SystemServerTiming: OnBootPhase_480_com.android.server.emergency.EmergencyAffordanceService took to complete: 0ms
05-07 02:38:39.209   474   474 D SystemServerTiming: OnBootPhase_480_com.android.server.blob.BlobStoreManagerService
05-07 02:38:39.209   474   474 V SystemServerTiming: OnBootPhase_480_com.android.server.blob.BlobStoreManagerService took to complete: 0ms
05-07 02:38:39.209   474   474 D SystemServerTiming: OnBootPhase_480_com.android.server.dreams.DreamManagerService
05-07 02:38:39.209   474   474 V SystemServerTiming: OnBootPhase_480_com.android.server.dreams.DreamManagerService took to complete: 0ms
05-07 02:38:39.209   474   474 D SystemServerTiming: OnBootPhase_480_com.android.server.print.PrintManagerService
05-07 02:38:39.209   474   474 V SystemServerTiming: OnBootPhase_480_com.android.server.print.PrintManagerService took to complete: 0ms
05-07 02:38:39.209   474   474 D SystemServerTiming: OnBootPhase_480_com.android.server.security.AttestationVerificationManagerService
05-07 02:38:39.209   474   474 V SystemServerTiming: OnBootPhase_480_com.android.server.security.AttestationVerificationManagerService took to complete: 0ms
05-07 02:38:39.209   474   474 D SystemServerTiming: OnBootPhase_480_com.android.server.companion.CompanionDeviceManagerService
05-07 02:38:39.209   474   474 V SystemServerTiming: OnBootPhase_480_com.android.server.companion.CompanionDeviceManagerService took to complete: 0ms
05-07 02:38:39.210   474   474 D SystemServerTiming: OnBootPhase_480_com.android.server.companion.virtual.VirtualDeviceManagerService
05-07 02:38:39.210   474   474 V SystemServerTiming: OnBootPhase_480_com.android.server.companion.virtual.VirtualDeviceManagerService took to complete: 0ms
05-07 02:38:39.210   474   474 D SystemServerTiming: OnBootPhase_480_com.android.server.restrictions.RestrictionsManagerService
05-07 02:38:39.210   474   474 V SystemServerTiming: OnBootPhase_480_com.android.server.restrictions.RestrictionsManagerService took to complete: 0ms
05-07 02:38:39.210   474   474 D SystemServerTiming: OnBootPhase_480_com.android.server.media.MediaSessionService
05-07 02:38:39.210   474   474 V SystemServerTiming: OnBootPhase_480_com.android.server.media.MediaSessionService took to complete: 0ms
05-07 02:38:39.210   474   474 D SystemServerTiming: OnBootPhase_480_com.android.server.media.MediaResourceMonitorService
05-07 02:38:39.210   474   474 V SystemServerTiming: OnBootPhase_480_com.android.server.media.MediaResourceMonitorService took to complete: 0ms
05-07 02:38:39.210   474   474 D SystemServerTiming: OnBootPhase_480_com.android.server.biometrics.BiometricService
05-07 02:38:39.210   474   474 V SystemServerTiming: OnBootPhase_480_com.android.server.biometrics.BiometricService took to complete: 0ms
05-07 02:38:39.210   474   474 D SystemServerTiming: OnBootPhase_480_com.android.server.biometrics.AuthService
05-07 02:38:39.210   474   474 V SystemServerTiming: OnBootPhase_480_com.android.server.biometrics.AuthService took to complete: 0ms
05-07 02:38:39.210   474   474 D SystemServerTiming: OnBootPhase_480_com.android.server.pm.ShortcutService$Lifecycle
05-07 02:38:39.212   474   474 V SystemServerTiming: OnBootPhase_480_com.android.server.pm.ShortcutService$Lifecycle took to complete: 2ms
05-07 02:38:39.212   474   474 D SystemServerTiming: OnBootPhase_480_com.android.server.pm.LauncherAppsService
05-07 02:38:39.212   474   474 V SystemServerTiming: OnBootPhase_480_com.android.server.pm.LauncherAppsService took to complete: 0ms
05-07 02:38:39.212   474   474 D SystemServerTiming: OnBootPhase_480_com.android.server.pm.CrossProfileAppsService
05-07 02:38:39.212   474   474 V SystemServerTiming: OnBootPhase_480_com.android.server.pm.CrossProfileAppsService took to complete: 0ms
05-07 02:38:39.212   474   474 D SystemServerTiming: OnBootPhase_480_com.android.server.people.PeopleService
05-07 02:38:39.212   474   474 V SystemServerTiming: OnBootPhase_480_com.android.server.people.PeopleService took to complete: 0ms
05-07 02:38:39.213   474   474 D SystemServerTiming: OnBootPhase_480_com.android.server.media.metrics.MediaMetricsManagerService
05-07 02:38:39.213   474   474 V SystemServerTiming: OnBootPhase_480_com.android.server.media.metrics.MediaMetricsManagerService took to complete: 0ms
05-07 02:38:39.213   474   474 D SystemServerTiming: OnBootPhase_480_com.android.server.media.projection.MediaProjectionManagerService
05-07 02:38:39.213   474   474 V SystemServerTiming: OnBootPhase_480_com.android.server.media.projection.MediaProjectionManagerService took to complete: 0ms
05-07 02:38:39.213   474   474 D SystemServerTiming: OnBootPhase_480_com.android.server.slice.SliceManagerService$Lifecycle
05-07 02:38:39.213   474   474 V SystemServerTiming: OnBootPhase_480_com.android.server.slice.SliceManagerService$Lifecycle took to complete: 0ms
05-07 02:38:39.213   474   474 D SystemServerTiming: OnBootPhase_480_com.android.server.stats.StatsCompanion$Lifecycle
05-07 02:38:39.213   474   474 V SystemServerTiming: OnBootPhase_480_com.android.server.stats.StatsCompanion$Lifecycle took to complete: 0ms
05-07 02:38:39.213   474   474 D SystemServerTiming: OnBootPhase_480_com.android.server.scheduling.RebootReadinessManagerService$Lifecycle
05-07 02:38:39.213   474   474 V SystemServerTiming: OnBootPhase_480_com.android.server.scheduling.RebootReadinessManagerService$Lifecycle took to complete: 0ms
05-07 02:38:39.213   474   474 D SystemServerTiming: OnBootPhase_480_com.android.server.stats.pull.StatsPullAtomService
05-07 02:38:39.213   474   474 V SystemServerTiming: OnBootPhase_480_com.android.server.stats.pull.StatsPullAtomService took to complete: 0ms
05-07 02:38:39.213   474   474 D SystemServerTiming: OnBootPhase_480_com.android.server.stats.bootstrap.StatsBootstrapAtomService$Lifecycle
05-07 02:38:39.213   474   474 V SystemServerTiming: OnBootPhase_480_com.android.server.stats.bootstrap.StatsBootstrapAtomService$Lifecycle took to complete: 0ms
05-07 02:38:39.213   474   474 D SystemServerTiming: OnBootPhase_480_com.android.server.incident.IncidentCompanionService
05-07 02:38:39.213   474   474 V SystemServerTiming: OnBootPhase_480_com.android.server.incident.IncidentCompanionService took to complete: 0ms
05-07 02:38:39.213   474   474 D SystemServerTiming: OnBootPhase_480_com.android.server.sdksandbox.SdkSandboxManagerService$Lifecycle
05-07 02:38:39.213   474   474 V SystemServerTiming: OnBootPhase_480_com.android.server.sdksandbox.SdkSandboxManagerService$Lifecycle took to complete: 0ms
05-07 02:38:39.213   474   474 D SystemServerTiming: OnBootPhase_480_com.android.server.adservices.AdServicesManagerService$Lifecycle
05-07 02:38:39.213   474   474 V SystemServerTiming: OnBootPhase_480_com.android.server.adservices.AdServicesManagerService$Lifecycle took to complete: 0ms
05-07 02:38:39.213   474   474 D SystemServerTiming: OnBootPhase_480_com.android.server.autofill.AutofillManagerService
05-07 02:38:39.213   474   474 V SystemServerTiming: OnBootPhase_480_com.android.server.autofill.AutofillManagerService took to complete: 0ms
05-07 02:38:39.213   474   474 D SystemServerTiming: OnBootPhase_480_com.android.server.clipboard.ClipboardService
05-07 02:38:39.213   474   474 V SystemServerTiming: OnBootPhase_480_com.android.server.clipboard.ClipboardService took to complete: 0ms
05-07 02:38:39.213   474   474 D SystemServerTiming: OnBootPhase_480_com.android.server.appbinding.AppBindingService$Lifecycle
05-07 02:38:39.213   474   474 V SystemServerTiming: OnBootPhase_480_com.android.server.appbinding.AppBindingService$Lifecycle took to complete: 0ms
05-07 02:38:39.213   474   474 D SystemServerTiming: OnBootPhase_480_com.android.server.tracing.TracingServiceProxy
05-07 02:38:39.213   474   474 V SystemServerTiming: OnBootPhase_480_com.android.server.tracing.TracingServiceProxy took to complete: 0ms
05-07 02:38:39.213   474   474 V SystemServerTiming: OnBootPhase_480 took to complete: 19ms
05-07 02:38:39.213   474   474 V SystemServerTiming: StartBootPhaseLockSettingsReady took to complete: 19ms
05-07 02:38:39.213   474   474 D SystemServerTiming: StartBootPhaseSystemServicesReady
05-07 02:38:39.213   474   474 I SystemServiceManager: Starting phase 500
05-07 02:38:39.213   474   474 D SystemServerTiming: OnBootPhase_500
05-07 02:38:39.213   474   474 D SystemServerTiming: OnBootPhase_500_com.android.server.security.FileIntegrityService
05-07 02:38:39.213   474   474 V SystemServerTiming: OnBootPhase_500_com.android.server.security.FileIntegrityService took to complete: 0ms
05-07 02:38:39.213   474   474 D SystemServerTiming: OnBootPhase_500_com.android.server.pm.Installer
05-07 02:38:39.213   474   474 V SystemServerTiming: OnBootPhase_500_com.android.server.pm.Installer took to complete: 0ms
05-07 02:38:39.213   474   474 D SystemServerTiming: OnBootPhase_500_com.android.server.os.DeviceIdentifiersPolicyService
05-07 02:38:39.213   474   474 V SystemServerTiming: OnBootPhase_500_com.android.server.os.DeviceIdentifiersPolicyService took to complete: 0ms
05-07 02:38:39.213   474   474 D SystemServerTiming: OnBootPhase_500_com.android.server.uri.UriGrantsManagerService$Lifecycle
05-07 02:38:39.215   474   474 V SystemServerTiming: OnBootPhase_500_com.android.server.uri.UriGrantsManagerService$Lifecycle took to complete: 2ms
05-07 02:38:39.215   474   474 D SystemServerTiming: OnBootPhase_500_com.android.server.powerstats.PowerStatsService
05-07 02:38:39.215   474   474 E StatsPullAtomCallbackImpl: Failed to start PowerStatsService statsd pullers
05-07 02:38:39.215   474   474 V SystemServerTiming: OnBootPhase_500_com.android.server.powerstats.PowerStatsService took to complete: 0ms
05-07 02:38:39.215   474   474 D SystemServerTiming: OnBootPhase_500_com.android.server.wm.ActivityTaskManagerService$Lifecycle
05-07 02:38:39.215   474   474 V SystemServerTiming: OnBootPhase_500_com.android.server.wm.ActivityTaskManagerService$Lifecycle took to complete: 0ms
05-07 02:38:39.215   474   474 D SystemServerTiming: OnBootPhase_500_com.android.server.am.ActivityManagerService$Lifecycle
05-07 02:38:39.219   474   474 D ConnectivityService: requestNetwork for uid/pid:1000/474 activeRequest: null callbackRequest: 6 [NetworkRequest [ REQUEST id=7, [ Capabilities: INTERNET&NOT_RESTRICTED&TRUSTED&NOT_VCN_MANAGED Uid: 1000 RequestorUid: 1000 RequestorPkg: android UnderlyingNetworks: Null] ]] callback flags: 0 order: 2147483647
05-07 02:38:39.220   474   474 E BatteryStatsService: Could not register PowerStatsInternal
05-07 02:38:39.220   474   602 D ConnectivityService: NetReassign [no changes]
05-07 02:38:39.221   474   474 D CompatibilityChangeReporter: Compat change id reported: 147600208; UID 1000; state: ENABLED
05-07 02:38:39.222   275   281 I ServiceManager: Waiting for service 'statscompanion' on '/dev/binder' successful after waiting 1209ms
05-07 02:38:39.225   474   474 V SystemServerTiming: OnBootPhase_500_com.android.server.am.ActivityManagerService$Lifecycle took to complete: 10ms
05-07 02:38:39.225   474   474 D SystemServerTiming: OnBootPhase_500_com.android.server.pm.DataLoaderManagerService
05-07 02:38:39.225   474   474 V SystemServerTiming: OnBootPhase_500_com.android.server.pm.DataLoaderManagerService took to complete: 0ms
05-07 02:38:39.225   474   474 D SystemServerTiming: OnBootPhase_500_com.android.server.power.PowerManagerService
05-07 02:38:39.227   474   474 I AttentionDetector: readValuesFromDeviceConfig():
05-07 02:38:39.227   474   474 I AttentionDetector: mMaximumExtensionMillis=900000
05-07 02:38:39.227   474   474 I AttentionDetector: mPreDimCheckDurationMillis=2000
05-07 02:38:39.227   474   474 I AttentionDetector: mRequestedPostDimTimeoutMillis=0
05-07 02:38:39.231   474   474 W BrightnessThrottler: DeviceConfig BrightnessThrottlingData is null
05-07 02:38:39.232   474   474 E DisplayPowerController[0]: failed to set up display white-balance: java.lang.IllegalStateException: cannot find light sensor
05-07 02:38:39.232   474   474 W DisplayPowerController[0]: Screen brightness nits configuration is unavailable; falling back
05-07 02:38:39.240   474   521 W KeyguardServiceDelegate: onScreenTurningOn(): no keyguard service!
05-07 02:38:39.243   474   511 W KernelCpuProcStringReader: File not found. It's normal if not implemented: /proc/uid_cputime/show_uid_stat
05-07 02:38:39.246   474   521 V DisplayPowerController[0]: Brightness [0.39763778] reason changing to: 'override', previous reason: '0'.
05-07 02:38:39.247   474   521 I DisplayPowerController[0]: BrightnessEvent: disp=0, physDisp=local:0, brt=0.39763778, initBrt=NaN, rcmdBrt=NaN, preBrt=NaN, lux=0.0, preLux=0.0, hbmMax=1.0, hbmMode=off, rbcStrength=0, powerFactor=1.0, thrmMax=1.0, wasShortTermModelActive=false, flags=, reason=override, autoBrightness=false
05-07 02:38:39.247   474   521 I DisplayPowerController[0]: BrightnessEvent: disp=0, physDisp=local:0, brt=0.39763778, initBrt=0.39763778, rcmdBrt=NaN, preBrt=NaN, lux=0.0, preLux=0.0, hbmMax=1.0, hbmMode=off, rbcStrength=0, powerFactor=1.0, thrmMax=1.0, wasShortTermModelActive=false, flags=, reason=override, autoBrightness=false
05-07 02:38:39.247   474   521 I DisplayPowerController[0]: BrightnessEvent: disp=0, physDisp=local:0, brt=0.39763778, initBrt=0.39763778, rcmdBrt=NaN, preBrt=NaN, lux=0.0, preLux=0.0, hbmMax=1.0, hbmMode=off, rbcStrength=0, powerFactor=1.0, thrmMax=1.0, wasShortTermModelActive=false, flags=, reason=override, autoBrightness=false
05-07 02:38:39.250   474   474 I FaceDownDetector: readValuesFromDeviceConfig():
05-07 02:38:39.250   474   474 I FaceDownDetector: mAccelerationThreshold=0.2
05-07 02:38:39.250   474   474 I FaceDownDetector: mZAccelerationThreshold=-9.5
05-07 02:38:39.250   474   474 I FaceDownDetector: mTimeThreshold=PT1S
05-07 02:38:39.250   474   474 I FaceDownDetector: mIsEnabled=true
05-07 02:38:39.252   195   195 D SurfaceFlinger: Setting power mode 2 on display 0
05-07 02:38:39.252   474   497 I DisplayDeviceRepository: Display device changed state: "", ON
05-07 02:38:39.252   474   640 E DisplayDeviceConfig: requesting nits when no mapping exists.
05-07 02:38:39.254   474   640 E DisplayDeviceConfig: requesting nits when no mapping exists.
05-07 02:38:39.254   474   497 I InputManager-JNI: Viewport [0] to add: local:0, isActive: true
05-07 02:38:39.255   474   497 I DisplayDeviceRepository: Display device changed state: "", ON
05-07 02:38:39.255   474   568 I InputReader: Reconfiguring input devices, changes=DISPLAY_INFO | 
05-07 02:38:39.255   474   568 I InputReader: Device reconfigured: id=5, name='goodix-ts', size 1280x800, orientation 0, mode 1, display id 0
05-07 02:38:39.255   311   328 I SensorsHal: set batch: handle = 0, period_ns = 200000000ns, timeout = 2000000000ns
05-07 02:38:39.255   311   328 D SensorsHal: Couldn't open /dev/mma8452_daemon (No such file or directory)
05-07 02:38:39.255   311   328 I SensorsHal: MmaSensor update delay: 200ms
05-07 02:38:39.255   311   328 E SensorsHal: fail to perform GSENSOR_IOCTL_APP_SET_RATE, result = -1, error is 'Bad file descriptor'
05-07 02:38:39.257   474   504 I DropBoxManagerService: add tag=system_server_wtf isTagEnabled=true flags=0x2
05-07 02:38:39.257   474   474 E SensorService: sensor batch failed 0x00000000 200000000 2000000000 err=Operation not permitted
05-07 02:38:39.258   311   328 I SensorsHal: set batch: handle = 0, period_ns = 200000000ns, timeout = 0ns
05-07 02:38:39.259   311   328 D SensorsHal: Couldn't open /dev/mma8452_daemon (No such file or directory)
05-07 02:38:39.259   311   328 I SensorsHal: MmaSensor update delay: 200ms
05-07 02:38:39.259   311   328 E SensorsHal: fail to perform GSENSOR_IOCTL_APP_SET_RATE, result = -1, error is 'Bad file descriptor'
05-07 02:38:39.259   474   474 E SensorService: sensor batch failed 0x00000000 200000000 0 err=Operation not permitted
05-07 02:38:39.259   474   504 I DropBoxManagerService: add tag=system_server_wtf isTagEnabled=true flags=0x2
05-07 02:38:39.260   474   474 I ScreenUndimDetector: readValuesFromDeviceConfig():
05-07 02:38:39.260   474   474 I ScreenUndimDetector: mKeepScreenOnForMillis=600000
05-07 02:38:39.260   474   474 I ScreenUndimDetector: mKeepScreenOnNotificationEnabled=true
05-07 02:38:39.260   474   474 I ScreenUndimDetector: mUndimsRequired=2
05-07 02:38:39.262   474   521 I DisplayPowerController[0]: BrightnessEvent: disp=0, physDisp=local:0, brt=0.39763778, initBrt=0.39763778, rcmdBrt=NaN, preBrt=NaN, lux=0.0, preLux=0.0, hbmMax=1.0, hbmMode=off, rbcStrength=0, powerFactor=1.0, thrmMax=1.0, wasShortTermModelActive=false, flags=, reason=override, autoBrightness=false
05-07 02:38:39.269   474   474 V SystemServerTiming: OnBootPhase_500_com.android.server.power.PowerManagerService took to complete: 44ms
05-07 02:38:39.269   474   474 D SystemServerTiming: OnBootPhase_500_com.android.server.power.ThermalManagerService
05-07 02:38:39.269   474   474 V SystemServerTiming: OnBootPhase_500_com.android.server.power.ThermalManagerService took to complete: 0ms
05-07 02:38:39.269   474   474 D SystemServerTiming: OnBootPhase_500_com.android.server.power.hint.HintManagerService
05-07 02:38:39.269   474   474 V HintManagerService: Initializing HintManager service...
05-07 02:38:39.269   474   474 V HistoricalRegistry: Interaction before persistence initialized
05-07 02:38:39.270   474   474 V SystemServerTiming: OnBootPhase_500_com.android.server.power.hint.HintManagerService took to complete: 0ms
05-07 02:38:39.270   474   474 D SystemServerTiming: OnBootPhase_500_com.android.server.recoverysystem.RecoverySystemService$Lifecycle
05-07 02:38:39.270   474   474 V SystemServerTiming: OnBootPhase_500_com.android.server.recoverysystem.RecoverySystemService$Lifecycle took to complete: 0ms
05-07 02:38:39.270   474   474 D SystemServerTiming: OnBootPhase_500_com.android.server.lights.LightsService
05-07 02:38:39.270   474   474 V SystemServerTiming: OnBootPhase_500_com.android.server.lights.LightsService took to complete: 0ms
05-07 02:38:39.270   474   474 D SystemServerTiming: OnBootPhase_500_com.android.server.display.DisplayManagerService
05-07 02:38:39.270   474   474 V SystemServerTiming: OnBootPhase_500_com.android.server.display.DisplayManagerService took to complete: 0ms
05-07 02:38:39.270   474   474 D SystemServerTiming: OnBootPhase_500_com.android.server.pm.verify.domain.DomainVerificationService
05-07 02:38:39.270   474   474 V SystemServerTiming: OnBootPhase_500_com.android.server.pm.verify.domain.DomainVerificationService took to complete: 1ms
05-07 02:38:39.270   474   474 D SystemServerTiming: OnBootPhase_500_com.android.server.pm.PackageInstallerService$Lifecycle
05-07 02:38:39.270   474   474 V SystemServerTiming: OnBootPhase_500_com.android.server.pm.PackageInstallerService$Lifecycle took to complete: 0ms
05-07 02:38:39.270   474   474 D SystemServerTiming: OnBootPhase_500_com.android.server.pm.UserManagerService$LifeCycle
05-07 02:38:39.270   474   474 V SystemServerTiming: OnBootPhase_500_com.android.server.pm.UserManagerService$LifeCycle took to complete: 0ms
05-07 02:38:39.270   474   474 D SystemServerTiming: OnBootPhase_500_com.android.server.om.OverlayManagerService
05-07 02:38:39.270   474   474 V SystemServerTiming: OnBootPhase_500_com.android.server.om.OverlayManagerService took to complete: 0ms
05-07 02:38:39.270   474   474 D SystemServerTiming: OnBootPhase_500_com.android.server.resources.ResourcesManagerService
05-07 02:38:39.270   474   474 V SystemServerTiming: OnBootPhase_500_com.android.server.resources.ResourcesManagerService took to complete: 0ms
05-07 02:38:39.270   474   474 D SystemServerTiming: OnBootPhase_500_com.android.server.sensorprivacy.SensorPrivacyService
05-07 02:38:39.275   474   474 D CompatibilityChangeReporter: Compat change id reported: 157233955; UID 1000; state: ENABLED
05-07 02:38:39.276   474   474 V SystemServerTiming: OnBootPhase_500_com.android.server.sensorprivacy.SensorPrivacyService took to complete: 6ms
05-07 02:38:39.276   474   474 D SystemServerTiming: OnBootPhase_500_com.android.server.sensors.SensorService
05-07 02:38:39.276   474   474 V SystemServerTiming: OnBootPhase_500_com.android.server.sensors.SensorService took to complete: 0ms
05-07 02:38:39.276   474   474 D SystemServerTiming: OnBootPhase_500_com.android.server.SystemConfigService
05-07 02:38:39.276   474   474 V SystemServerTiming: OnBootPhase_500_com.android.server.SystemConfigService took to complete: 0ms
05-07 02:38:39.276   474   474 D SystemServerTiming: OnBootPhase_500_com.android.server.BatteryService
05-07 02:38:39.277   474   474 V SystemServerTiming: OnBootPhase_500_com.android.server.BatteryService took to complete: 0ms
05-07 02:38:39.277   474   474 D SystemServerTiming: OnBootPhase_500_com.android.server.usage.UsageStatsService
05-07 02:38:39.278   474   474 D AppStandbyController: Setting app idle enabled state
05-07 02:38:39.283   474   503 E AppWidgetManager: Nofity service of inheritance info
05-07 02:38:39.283   474   503 E AppWidgetManager: java.lang.IllegalStateException: User 0 must be unlocked for widgets to be available
05-07 02:38:39.283   474   503 E AppWidgetManager: 	at com.android.server.appwidget.AppWidgetServiceImpl.ensureGroupStateLoadedLocked(AppWidgetServiceImpl.java:640)
05-07 02:38:39.283   474   503 E AppWidgetManager: 	at com.android.server.appwidget.AppWidgetServiceImpl.ensureGroupStateLoadedLocked(AppWidgetServiceImpl.java:634)
05-07 02:38:39.283   474   503 E AppWidgetManager: 	at com.android.server.appwidget.AppWidgetServiceImpl.getInstalledProvidersForProfile(AppWidgetServiceImpl.java:1697)
05-07 02:38:39.283   474   503 E AppWidgetManager: 	at android.appwidget.AppWidgetManager.getInstalledProvidersForProfile(AppWidgetManager.java:920)
05-07 02:38:39.283   474   503 E AppWidgetManager: 	at android.appwidget.AppWidgetManager.getInstalledProvidersForPackage(AppWidgetManager.java:854)
05-07 02:38:39.283   474   503 E AppWidgetManager: 	at android.appwidget.AppWidgetManager.lambda$new$3$android-appwidget-AppWidgetManager(AppWidgetManager.java:536)
05-07 02:38:39.283   474   503 E AppWidgetManager: 	at android.appwidget.AppWidgetManager$$ExternalSyntheticLambda4.run(Unknown Source:2)
05-07 02:38:39.283   474   503 E AppWidgetManager: 	at android.os.Handler.handleCallback(Handler.java:942)
05-07 02:38:39.283   474   503 E AppWidgetManager: 	at android.os.Handler.dispatchMessage(Handler.java:99)
05-07 02:38:39.283   474   503 E AppWidgetManager: 	at android.os.Looper.loopOnce(Looper.java:201)
05-07 02:38:39.283   474   503 E AppWidgetManager: 	at android.os.Looper.loop(Looper.java:288)
05-07 02:38:39.283   474   503 E AppWidgetManager: 	at android.os.HandlerThread.run(HandlerThread.java:67)
05-07 02:38:39.285   474   474 W UsageStatsService: Missing procfs interface: /proc/uid_procstat/set
05-07 02:38:39.285   474   474 V SystemServerTiming: OnBootPhase_500_com.android.server.usage.UsageStatsService took to complete: 9ms
05-07 02:38:39.285   474   474 D SystemServerTiming: OnBootPhase_500_com.android.server.webkit.WebViewUpdateService
05-07 02:38:39.285   474   474 V SystemServerTiming: OnBootPhase_500_com.android.server.webkit.WebViewUpdateService took to complete: 0ms
05-07 02:38:39.285   474   474 D SystemServerTiming: OnBootPhase_500_com.android.server.CachedDeviceStateService
05-07 02:38:39.285   474   474 V SystemServerTiming: OnBootPhase_500_com.android.server.CachedDeviceStateService took to complete: 0ms
05-07 02:38:39.286   474   474 D SystemServerTiming: OnBootPhase_500_com.android.server.BinderCallsStatsService$LifeCycle
05-07 02:38:39.289   474   474 V SystemServerTiming: OnBootPhase_500_com.android.server.BinderCallsStatsService$LifeCycle took to complete: 4ms
05-07 02:38:39.289   474   474 D SystemServerTiming: OnBootPhase_500_com.android.server.LooperStatsService$Lifecycle
05-07 02:38:39.290   474   474 V SystemServerTiming: OnBootPhase_500_com.android.server.LooperStatsService$Lifecycle took to complete: 1ms
05-07 02:38:39.290   474   474 D SystemServerTiming: OnBootPhase_500_com.android.server.rollback.RollbackManagerService
05-07 02:38:39.290   474   474 V SystemServerTiming: OnBootPhase_500_com.android.server.rollback.RollbackManagerService took to complete: 0ms
05-07 02:38:39.290   474   474 D SystemServerTiming: OnBootPhase_500_com.android.server.os.NativeTombstoneManagerService
05-07 02:38:39.290   474   474 V SystemServerTiming: OnBootPhase_500_com.android.server.os.NativeTombstoneManagerService took to complete: 0ms
05-07 02:38:39.290   474   474 D SystemServerTiming: OnBootPhase_500_com.android.server.os.BugreportManagerService
05-07 02:38:39.290   474   474 V SystemServerTiming: OnBootPhase_500_com.android.server.os.BugreportManagerService took to complete: 0ms
05-07 02:38:39.290   474   474 D SystemServerTiming: OnBootPhase_500_com.android.server.gpu.GpuService
05-07 02:38:39.290   474   474 V SystemServerTiming: OnBootPhase_500_com.android.server.gpu.GpuService took to complete: 0ms
05-07 02:38:39.290   474   474 D SystemServerTiming: OnBootPhase_500_com.android.server.security.KeyChainSystemService
05-07 02:38:39.290   474   474 V SystemServerTiming: OnBootPhase_500_com.android.server.security.KeyChainSystemService took to complete: 0ms
05-07 02:38:39.290   474   474 D SystemServerTiming: OnBootPhase_500_com.android.server.BinaryTransparencyService
05-07 02:38:39.290   474   474 V SystemServerTiming: OnBootPhase_500_com.android.server.BinaryTransparencyService took to complete: 0ms
05-07 02:38:39.290   474   474 D SystemServerTiming: OnBootPhase_500_com.android.server.telecom.TelecomLoaderService
05-07 02:38:39.291   474   474 V SystemServerTiming: OnBootPhase_500_com.android.server.telecom.TelecomLoaderService took to complete: 0ms
05-07 02:38:39.291   474   474 D SystemServerTiming: OnBootPhase_500_com.android.server.accounts.AccountManagerService$Lifecycle
05-07 02:38:39.291   474   474 V SystemServerTiming: OnBootPhase_500_com.android.server.accounts.AccountManagerService$Lifecycle took to complete: 0ms
05-07 02:38:39.291   474   474 D SystemServerTiming: OnBootPhase_500_com.android.server.content.ContentService$Lifecycle
05-07 02:38:39.291   474   474 V SystemServerTiming: OnBootPhase_500_com.android.server.content.ContentService$Lifecycle took to complete: 0ms
05-07 02:38:39.291   474   474 D SystemServerTiming: OnBootPhase_500_com.android.server.DropBoxManagerService
05-07 02:38:39.292   474   474 V SystemServerTiming: OnBootPhase_500_com.android.server.DropBoxManagerService took to complete: 1ms
05-07 02:38:39.292   474   474 D SystemServerTiming: OnBootPhase_500_com.android.role.RoleService
05-07 02:38:39.292   474   474 V SystemServerTiming: OnBootPhase_500_com.android.role.RoleService took to complete: 0ms
05-07 02:38:39.292   474   474 D SystemServerTiming: OnBootPhase_500_com.android.server.vibrator.VibratorManagerService$Lifecycle
