05-07 02:38:38.342   474   474 V SystemServerTiming: StartSpeechRecognitionManagerService took to complete: 2ms
05-07 02:38:38.343   474   474 D SystemServer: AppPredictionService not defined by OEM
05-07 02:38:38.343   474   474 D SystemServer: ContentSuggestionsService not defined by OEM
05-07 02:38:38.343   474   474 D SystemServerTiming: StartSearchUiService
05-07 02:38:38.343   474   474 I SystemServiceManager: Starting com.android.server.searchui.SearchUiManagerService
05-07 02:38:38.345   474   474 V SystemServerTiming: StartSearchUiService took to complete: 2ms
05-07 02:38:38.345   474   474 D SystemServerTiming: StartSmartspaceService
05-07 02:38:38.345   474   474 I SystemServiceManager: Starting com.android.server.smartspace.SmartspaceManagerService
05-07 02:38:38.347   474   474 V SystemServerTiming: StartSmartspaceService took to complete: 1ms
05-07 02:38:38.347   474   474 D SystemServerTiming: InitConnectivityModuleConnector
05-07 02:38:38.347   474   474 D ConnectivityModuleConnector: Network stack init
05-07 02:38:38.347   474   474 V SystemServerTiming: InitConnectivityModuleConnector took to complete: 0ms
05-07 02:38:38.348   474   474 D SystemServerTiming: InitNetworkStackClient
05-07 02:38:38.348   474   474 V SystemServerTiming: InitNetworkStackClient took to complete: 1ms
05-07 02:38:38.348   474   474 D SystemServerTiming: StartNetworkManagementService
05-07 02:38:38.354   474   474 V SystemServerTiming: StartNetworkManagementService took to complete: 6ms
05-07 02:38:38.355   474   474 D SystemServerTiming: StartFontManagerService
08-04 09:00:17.666     1     1 I init    : Service 'exec 18 (/system/bin/extra_free_kbytes.sh 12000)' (pid 574) exited with status 0 waiting took 0.190000 seconds
08-04 09:00:17.666     1     1 I init    : Sending signal 9 to service 'exec 18 (/system/bin/extra_free_kbytes.sh 12000)' (pid 574) process group...
08-04 09:00:17.667     1     1 I libprocessgroup: Successfully killed process cgroup uid 0 pid 574 in 0ms
05-07 02:38:38.592   474   474 V SystemServerTiming: StartFontManagerService took to complete: 237ms
05-07 02:38:38.592   474   474 D SystemServerTiming: StartTextServicesManager
05-07 02:38:38.592   474   474 I SystemServiceManager: Starting com.android.server.textservices.TextServicesManagerService$Lifecycle
05-07 02:38:38.593   474   474 V SystemServerTiming: StartTextServicesManager took to complete: 1ms
05-07 02:38:38.593   474   474 D SystemServerTiming: StartTextClassificationManagerService
05-07 02:38:38.593   474   474 I SystemServiceManager: Starting com.android.server.textclassifier.TextClassificationManagerService$Lifecycle
05-07 02:38:38.595   474   474 V SystemServerTiming: StartTextClassificationManagerService took to complete: 2ms
05-07 02:38:38.595   474   474 D SystemServerTiming: StartNetworkScoreService
05-07 02:38:38.595   474   474 I SystemServiceManager: Starting com.android.server.NetworkScoreService$Lifecycle
05-07 02:38:38.596   474   474 I NetworkScoreService: Registering network_score
05-07 02:38:38.597   474   474 V SystemServerTiming: StartNetworkScoreService took to complete: 1ms
05-07 02:38:38.597   474   474 D SystemServerTiming: StartNetworkStatsService
05-07 02:38:38.608   474   474 I SystemServiceManager: Starting com.android.server.NetworkStatsServiceInitializer
05-07 02:38:38.637   474   474 I NetworkStatsServiceInitializer: Registering netstats
05-07 02:38:38.639   474   474 V SystemServerTiming: StartNetworkStatsService took to complete: 42ms
05-07 02:38:38.639   474   474 D SystemServerTiming: StartNetworkPolicyManagerService
05-07 02:38:38.643   474   474 V SystemServerTiming: StartNetworkPolicyManagerService took to complete: 4ms
05-07 02:38:38.643   474   474 D SystemServerTiming: StartWifi
05-07 02:38:38.646   474   591 D CompatibilityChangeReporter: Compat change id reported: 170188668; UID 1000; state: ENABLED
05-07 02:38:38.660   474   474 I SystemServiceManager: Starting com.android.server.wifi.WifiService
05-07 02:38:38.665   474   474 I WifiContext: Got resolveInfos for com.android.server.wifi.intent.action.SERVICE_WIFI_RESOURCES_APK: [ResolveInfo{a9c52e8 com.android.wifi.resources/android.app.Activity m=0x108000}]
05-07 02:38:38.665   474   474 I WifiContext: Found Wifi Resources APK at: com.android.wifi.resources
05-07 02:38:38.688   474   474 D ScanMetrics: Settings package: com.android.settings
05-07 02:38:38.688   474   474 E ScanMetrics: Can't get GMS uid
05-07 02:38:38.700   149   149 I servicemanager: Found android.hardware.wifi.supplicant.ISupplicant/default in device VINTF manifest.
05-07 02:38:38.700   474   474 I SupplicantStaIfaceHal: Initializing SupplicantStaIfaceHal using AIDL implementation.
05-07 02:38:38.703   149   149 I servicemanager: Found android.hardware.wifi.supplicant.ISupplicant/default in device VINTF manifest.
05-07 02:38:38.703   474   474 I SupplicantP2pIfaceHal: Initializing SupplicantP2pIfaceHal using AIDL implementation.
05-07 02:38:38.704   474   474 I WifiCoexManager: Default coex algorithm is disabled.
05-07 02:38:38.732   474   474 D WifiOpenNetworkNotifier: Settings toggle enabled=true
05-07 02:38:38.739   474   474 D WifiNl80211Manager: registerCountryCodeEventListener called
05-07 02:38:38.739   409   409 I wificond: New wificond event callback registered
05-07 02:38:38.739   474   474 D WifiCountryCode: Default country code from system property ro.boot.wificountrycode is CN
05-07 02:38:38.746   474   474 D WakeupController: WifiWake enabled
05-07 02:38:38.748   474   474 V HistoricalRegistry: Interaction before persistence initialized
05-07 02:38:38.753   474   474 I WifiService: Registering wifi
05-07 02:38:38.754   474   474 V SystemServerTiming: StartWifi took to complete: 111ms
05-07 02:38:38.754   474   474 D SystemServerTiming: StartWifiScanning
05-07 02:38:38.755   474   474 I SystemServiceManager: Starting com.android.server.wifi.scanner.WifiScanningService
05-07 02:38:38.755   474   474 I WifiScanningService: Creating wifiscanner
05-07 02:38:38.759   474   474 I WifiScanningService: Publishing wifiscanner
05-07 02:38:38.760   474   474 V SystemServerTiming: StartWifiScanning took to complete: 6ms
05-07 02:38:38.760   474   474 D SystemServerTiming: StartWifiP2P
05-07 02:38:38.760   474   474 I SystemServiceManager: Starting com.android.server.wifi.p2p.WifiP2pService
05-07 02:38:38.768   474   474 D CompatibilityChangeReporter: Compat change id reported: 183155436; UID 1000; state: ENABLED
05-07 02:38:38.768   474   474 I WifiContext: Got resolveInfos for com.android.server.wifi.intent.action.SERVICE_WIFI_RESOURCES_APK: [ResolveInfo{b08d47c com.android.wifi.resources/android.app.Activity m=0x108000}]
05-07 02:38:38.769   474   474 I WifiContext: Found Wifi Resources APK at: com.android.wifi.resources
05-07 02:38:38.769   474   474 I WifiP2pService: Registering wifip2p
05-07 02:38:38.770   474   474 V SystemServerTiming: StartWifiP2P took to complete: 10ms
05-07 02:38:38.770   474   474 D SystemServerTiming: StartPacProxyService
05-07 02:38:38.792   474   474 V SystemServerTiming: StartPacProxyService took to complete: 22ms
05-07 02:38:38.792   474   474 D SystemServerTiming: StartConnectivityService
05-07 02:38:38.793   474   474 I SystemServiceManager: Starting com.android.server.ConnectivityServiceInitializer
05-07 02:38:38.809   474   474 D EthernetTracker: Interface match regexp set to 'eth\d'
05-07 02:38:38.818   474   474 D ConnectivityService: ConnectivityService starting up
05-07 02:38:38.840   474   474 D CompatibilityChangeReporter: Compat change id reported: 182478738; UID 1000; state: ENABLED
05-07 02:38:38.851   474   474 D ConnectivityNativeService: Attached BPF_CGROUP_INET4_BIND and BPF_CGROUP_INET6_BIND programs
05-07 02:38:38.868   474   474 W UnsafeUtil: platform method missing - proto runtime falling back to safer methods: java.lang.NoSuchMethodException: sun.misc.Unsafe.copyMemory [class java.lang.Object, long, class java.lang.Object, long, long]
05-07 02:38:38.869   474   474 I ConnectivityServiceInitializer: Registering ethernet
05-07 02:38:38.870   474   474 I ConnectivityServiceInitializer: Registering connectivity
05-07 02:38:38.870   474   474 I ConnectivityServiceInitializer: Registering ipsec
05-07 02:38:38.871   474   474 I ConnectivityServiceInitializer: Registering connectivity_native
05-07 02:38:38.871   474   474 I ConnectivityServiceInitializer: Registering servicediscovery
05-07 02:38:38.872   474   474 I ConnectivityServiceInitializer: Registering nearby
05-07 02:38:38.873   474   474 V SystemServerTiming: StartConnectivityService took to complete: 81ms
05-07 02:38:38.873   474   474 D SystemServerTiming: StartVpnManagerService
05-07 02:38:38.876   474   474 D VpnManagerService: VpnManagerService starting up
05-07 02:38:38.877   474   474 V SystemServerTiming: StartVpnManagerService took to complete: 3ms
05-07 02:38:38.877   474   474 D SystemServerTiming: StartVcnManagementService
05-07 02:38:38.880   474   474 V SystemServerTiming: StartVcnManagementService took to complete: 2ms
05-07 02:38:38.880   474   474 D SystemServerTiming: StartSystemUpdateManagerService
05-07 02:38:38.880   474   474 I SystemUpdateManagerService: No existing info file /data/system/system-update-info.xml
05-07 02:38:38.881   474   474 V SystemServerTiming: StartSystemUpdateManagerService took to complete: 1ms
05-07 02:38:38.881   474   474 D SystemServerTiming: StartUpdateLockService
05-07 02:38:38.882   474   474 V SystemServerTiming: StartUpdateLockService took to complete: 1ms
05-07 02:38:38.882   474   474 I SystemServer: addService drm_device_management
05-07 02:38:38.884   474   474 W PullResolutionParser: parse resolution + clock 27000 txt: 27000
05-07 02:38:38.884   474   474 W PullResolutionParser: parse resolution flags:  10  txt: a
05-07 02:38:38.884   474   474 W PullResolutionParser: parse resolution + clock 74250 txt: 74250
05-07 02:38:38.884   474   474 W PullResolutionParser: parse resolution flags:  5  txt: 5
05-07 02:38:38.884   474   474 W PullResolutionParser: parse resolution + clock 148500 txt: 148500
05-07 02:38:38.884   474   474 W PullResolutionParser: parse resolution flags:  5  txt: 5
05-07 02:38:38.884   474   474 W PullResolutionParser: parse resolution + clock 594000 txt: 594000
05-07 02:38:38.884   474   474 W PullResolutionParser: parse resolution flags:  5  txt: 5
05-07 02:38:38.884   474   474 W PullResolutionParser: parse resolution + clock 594000 txt: 594000
05-07 02:38:38.885   474   474 W PullResolutionParser: parse resolution flags:  5  txt: 5
05-07 02:38:38.886   325   325 D rkdisplay-resources: Frame buffers:
05-07 02:38:38.886   325   325 D rkdisplay-resources: id	size	pitch
05-07 02:38:38.887   325   325 D rkdisplay-resources:  CUBIC_LUT_SIZE:
05-07 02:38:38.887   325   325 D rkdisplay-resources: 		flags: immutable range
05-07 02:38:38.887   325   325 D rkdisplay-resources: 		values:0ffffffff
05-07 02:38:38.887   325   325 D rkdisplay-resources: 		value:2d9
05-07 02:38:38.887   325   325 D rkdisplay-resources: 
05-07 02:38:38.887   325   325 D rkdisplay-resources: current_crtc id : 293  crtid : 0
05-07 02:38:38.887   325   325 D rkdisplay-resources: current_crtc id : 295  crtid : 71
05-07 02:38:38.887   325   325 D rkdisplay-resources: Encoders:
05-07 02:38:38.887   325   325 D rkdisplay-resources: id	crtc	type	possible crtcs	possible clones	
05-07 02:38:38.887   325   325 D rkdisplay-resources: 125	0	(invalid)	1	1
05-07 02:38:38.887   325   325 D rkdisplay-resources: 
05-07 02:38:38.887   325   325 D rkdisplay-resources: 127	47	(invalid)	1	2
05-07 02:38:38.887   325   325 D rkdisplay-resources: 
05-07 02:38:38.888   325   325 D hwc-drm-connector: crtc_id_property_: name CRTC_ID 
05-07 02:38:38.888   325   325 W hwc-drm-connector: Could not get color_format_caps property
05-07 02:38:38.888   325   325 W hwc-drm-connector: Could not get hdmi_output_colorimetry property
05-07 02:38:38.888   325   325 W hwc-drm-connector: Could not get color_depth_caps property
05-07 02:38:38.888   325   325 W hwc-drm-connector: Could not get hdmi_output_format property
05-07 02:38:38.888   325   325 W hwc-drm-connector: Could not get CONNECTOR_ID property
05-07 02:38:38.888   325   325 W hwc-drm-connector: UpdateModes Could not get color_format_caps property
05-07 02:38:38.888   325   325 W hwc-drm-connector: UpdateModes Could not get hdmi_output_colorimetry property
05-07 02:38:38.888   325   325 W hwc-drm-connector: UpdateModes Could not get color_depth_caps property
05-07 02:38:38.888   325   325 W hwc-drm-connector: UpdateModes Could not get hdmi_output_format property
05-07 02:38:38.888   325   325 D rkdisplay-resources:  hue:
05-07 02:38:38.888   325   325 D rkdisplay-resources: 		flags: range
05-07 02:38:38.888   325   325 D rkdisplay-resources: 		values:064
05-07 02:38:38.888   325   325 D rkdisplay-resources: 		value:32
05-07 02:38:38.888   325   325 D rkdisplay-resources: 
05-07 02:38:38.888   325   325 D hw_output: nativeInit: 
05-07 02:38:38.888   325   325 W hwc-drm-connector: UpdateModes Could not get color_format_caps property
05-07 02:38:38.888   325   325 W hwc-drm-connector: UpdateModes Could not get hdmi_output_colorimetry property
05-07 02:38:38.889   325   325 W hwc-drm-connector: UpdateModes Could not get color_depth_caps property
05-07 02:38:38.889   325   325 W hwc-drm-connector: UpdateModes Could not get hdmi_output_format property
05-07 02:38:38.889   325   325 D hw_output: old_state 1 cur_state 1 conn->get_type() 16
05-07 02:38:38.895   325   325 D hw_output: primary: 0x0 extend: 0x0 
05-07 02:38:38.897   474   474 D SystemServerTiming: StartNotificationManager
05-07 02:38:38.897   474   474 I SystemServiceManager: Starting com.android.server.notification.NotificationManagerService
05-07 02:38:38.905   474   474 D ConditionProviders.SCP: new ScheduleConditionProvider()
05-07 02:38:38.926   474   474 I NotificationAssistants: Read notification assistant permissions from xml
05-07 02:38:38.926   474   474 I ConditionProviders: Read condition provider permissions from xml
05-07 02:38:38.926   474   474 I ConditionProviders: Read condition provider permissions from xml
05-07 02:38:38.926   474   474 D NotificationAssistants: Approving default notification assistant for user 0
05-07 02:38:38.927   474   474 I ConditionProviders:  Allowing condition provider android.ext.services/android.ext.services.notification.Assistant (userSet: true)
05-07 02:38:38.935   474   474 V SystemServerTiming: StartNotificationManager took to complete: 37ms
05-07 02:38:38.935   474   474 D SystemServerTiming: StartDeviceMonitor
05-07 02:38:38.935   474   474 I SystemServiceManager: Starting com.android.server.storage.DeviceStorageMonitorService
05-07 02:38:38.946   474   474 V SystemServerTiming: StartDeviceMonitor took to complete: 11ms
05-07 02:38:38.946   474   474 D SystemServerTiming: StartLocationManagerService
05-07 02:38:38.946   474   474 I SystemServiceManager: Starting com.android.server.location.LocationManagerService$Lifecycle
05-07 02:38:38.954   474   474 V SystemServerTiming: StartLocationManagerService took to complete: 9ms
05-07 02:38:38.954   474   474 D SystemServerTiming: StartCountryDetectorService
05-07 02:38:38.955   474   474 V SystemServerTiming: StartCountryDetectorService took to complete: 1ms
05-07 02:38:38.955   474   474 D SystemServerTiming: StartTimeDetectorService
05-07 02:38:38.955   474   474 I SystemServiceManager: Starting com.android.server.timedetector.TimeDetectorService$Lifecycle
05-07 02:38:38.957   474   474 V SystemServerTiming: StartTimeDetectorService took to complete: 2ms
05-07 02:38:38.957   474   474 D SystemServerTiming: StartTimeZoneDetectorService
05-07 02:38:38.957   474   474 I SystemServiceManager: Starting com.android.server.timezonedetector.TimeZoneDetectorService$Lifecycle
05-07 02:38:38.961   474   474 V SystemServerTiming: StartTimeZoneDetectorService took to complete: 3ms
05-07 02:38:38.961   474   474 D SystemServerTiming: StartLocationTimeZoneManagerService
05-07 02:38:38.961   474   474 I SystemServiceManager: Starting com.android.server.timezonedetector.location.LocationTimeZoneManagerService$Lifecycle
05-07 02:38:38.962   474   474 V SystemServerTiming: StartLocationTimeZoneManagerService took to complete: 1ms
05-07 02:38:38.962   474   474 D SystemServerTiming: StartSearchManagerService
05-07 02:38:38.962   474   474 I SystemServiceManager: Starting com.android.server.search.SearchManagerService$Lifecycle
05-07 02:38:38.963   474   474 V SystemServerTiming: StartSearchManagerService took to complete: 1ms
05-07 02:38:38.963   474   474 D SystemServerTiming: StartWallpaperManagerService
05-07 02:38:38.964   474   474 I SystemServiceManager: Starting com.android.server.wallpaper.WallpaperManagerService$Lifecycle
05-07 02:38:38.965   474   474 V SystemServerTiming: StartWallpaperManagerService took to complete: 2ms
05-07 02:38:38.965   474   474 D SystemServerTiming: StartWallpaperEffectsGenerationService
05-07 02:38:38.965   474   474 I SystemServiceManager: Starting com.android.server.wallpapereffectsgeneration.WallpaperEffectsGenerationManagerService
05-07 02:38:38.966   474   474 V SystemServerTiming: StartWallpaperEffectsGenerationService took to complete: 1ms
05-07 02:38:38.966   474   474 D SystemServerTiming: StartAudioService
05-07 02:38:38.967   474   474 I SystemServiceManager: Starting com.android.server.audio.AudioService$Lifecycle
05-07 02:38:38.975   474   474 I AS.AudioService: Stream 5: using max vol of 7
05-07 02:38:38.975   474   474 I AS.AudioService: Stream 5: using default vol of 5
05-07 02:38:38.975   474   474 I AS.AudioService: Stream 2: using max vol of 7
05-07 02:38:38.975   474   474 I AS.AudioService: Stream 2: using default vol of 5
05-07 02:38:38.977   474   474 I android_os_HwBinder: HwBinder: Starting thread pool for getting: android.hidl.manager@1.0::IServiceManager/default
05-07 02:38:38.982   336   444 W AudioFlinger: no wake lock to update, system not ready yet
05-07 02:38:38.986   336   440 D PermissionCache: checking android.permission.MODIFY_AUDIO_ROUTING for uid=1000 => granted (753 us)
05-07 02:38:38.995   336   437 D PermissionCache: checking android.permission.MODIFY_AUDIO_SETTINGS for uid=1000 => granted (168 us)
05-07 02:38:38.999   336   437 D AudioFlinger: isLowRamDevice:false totalMemory:2059628544 mClientSharedHeapSize:4194304
05-07 02:38:39.001   474   474 V SystemServerTiming: StartAudioService took to complete: 35ms
05-07 02:38:39.001   474   474 D SystemServerTiming: StartSoundTriggerMiddlewareService
05-07 02:38:39.001   474   474 I SystemServiceManager: Starting com.android.server.soundtrigger_middleware.SoundTriggerMiddlewareService$Lifecycle
05-07 02:38:39.003   149   149 I servicemanager: Could not find android.hardware.soundtrigger3.ISoundTriggerHw/default in the VINTF manifest.
05-07 02:38:39.003   474   474 I SoundTriggerMiddlewareDefaultHalFactory: Connecting to default soundtrigger-V2.x.ISoundTriggerHw
05-07 02:38:39.004   150   150 I hwservicemanager: getTransport: Cannot find entry android.hardware.soundtrigger@2.0::ISoundTriggerHw/default in either framework or device VINTF manifest.
05-07 02:38:39.004   474   474 E SoundTriggerMiddlewareImpl: Failed to add a SoundTriggerModule instance
05-07 02:38:39.004   474   474 E SoundTriggerMiddlewareImpl: java.util.NoSuchElementException
05-07 02:38:39.004   474   474 E SoundTriggerMiddlewareImpl: 	at android.os.HwBinder.getService(Native Method)
05-07 02:38:39.004   474   474 E SoundTriggerMiddlewareImpl: 	at android.hardware.soundtrigger.V2_0.ISoundTriggerHw.getService(ISoundTriggerHw.java:57)
05-07 02:38:39.004   474   474 E SoundTriggerMiddlewareImpl: 	at android.hardware.soundtrigger.V2_0.ISoundTriggerHw.getService(ISoundTriggerHw.java:64)
05-07 02:38:39.004   474   474 E SoundTriggerMiddlewareImpl: 	at com.android.server.soundtrigger_middleware.DefaultHalFactory.create(DefaultHalFactory.java:76)
05-07 02:38:39.004   474   474 E SoundTriggerMiddlewareImpl: 	at com.android.server.soundtrigger_middleware.SoundTriggerModule.attachToHal(SoundTriggerModule.java:170)
05-07 02:38:39.004   474   474 E SoundTriggerMiddlewareImpl: 	at com.android.server.soundtrigger_middleware.SoundTriggerModule.<init>(SoundTriggerModule.java:103)
05-07 02:38:39.004   474   474 E SoundTriggerMiddlewareImpl: 	at com.android.server.soundtrigger_middleware.SoundTriggerMiddlewareImpl.<init>(SoundTriggerMiddlewareImpl.java:86)
05-07 02:38:39.004   474   474 E SoundTriggerMiddlewareImpl: 	at com.android.server.soundtrigger_middleware.SoundTriggerMiddlewareService$Lifecycle.onStart(SoundTriggerMiddlewareService.java:230)
05-07 02:38:39.004   474   474 E SoundTriggerMiddlewareImpl: 	at com.android.server.SystemServiceManager.startService(SystemServiceManager.java:258)
05-07 02:38:39.004   474   474 E SoundTriggerMiddlewareImpl: 	at com.android.server.SystemServiceManager.startService(SystemServiceManager.java:236)
05-07 02:38:39.004   474   474 E SoundTriggerMiddlewareImpl: 	at com.android.server.SystemServer.startOtherServices(SystemServer.java:2217)
05-07 02:38:39.004   474   474 E SoundTriggerMiddlewareImpl: 	at com.android.server.SystemServer.run(SystemServer.java:980)
05-07 02:38:39.004   474   474 E SoundTriggerMiddlewareImpl: 	at com.android.server.SystemServer.main(SystemServer.java:690)
05-07 02:38:39.004   474   474 E SoundTriggerMiddlewareImpl: 	at java.lang.reflect.Method.invoke(Native Method)
05-07 02:38:39.004   474   474 E SoundTriggerMiddlewareImpl: 	at com.android.internal.os.RuntimeInit$MethodAndArgsCaller.run(RuntimeInit.java:548)
05-07 02:38:39.004   474   474 E SoundTriggerMiddlewareImpl: 	at com.android.internal.os.ZygoteInit.main(ZygoteInit.java:914)
05-07 02:38:39.005   336   437 I CaptureStateNotifier: Registering a listener
05-07 02:38:39.006   474   474 V SystemServerTiming: StartSoundTriggerMiddlewareService took to complete: 5ms
05-07 02:38:39.006   474   474 D SystemServerTiming: StartDockObserver
05-07 02:38:39.006   474   474 I SystemServiceManager: Starting com.android.server.DockObserver
05-07 02:38:39.007   474   474 I DockObserver: No extcon dock device found in this kernel.
05-07 02:38:39.008   474   474 V SystemServerTiming: StartDockObserver took to complete: 2ms
05-07 02:38:39.008   474   474 D SystemServerTiming: StartWiredAccessoryManager
05-07 02:38:39.008   474   474 W WiredAccessoryManager: This kernel does not have wired headset support
05-07 02:38:39.009   474   474 W WiredAccessoryManager: This kernel does not have usb audio support
05-07 02:38:39.009   474   474 W WiredAccessoryManager: This kernel does not have HDMI audio support
05-07 02:38:39.009   474   474 V SystemServerTiming: StartWiredAccessoryManager took to complete: 1ms
05-07 02:38:39.009   474   474 D SystemServerTiming: StartAdbService
05-07 02:38:39.009   474   474 I SystemServiceManager: Starting com.android.server.adb.AdbService$Lifecycle
05-07 02:38:39.011   474   474 V SystemServerTiming: StartAdbService took to complete: 1ms
05-07 02:38:39.011   474   474 D SystemServerTiming: StartUsbService
05-07 02:38:39.011   474   474 I SystemServiceManager: Starting com.android.server.usb.UsbService$Lifecycle
05-07 02:38:39.011   474   540 D SystemServerTimingAsync: InitThreadPoolExec:UsbService$Lifecycle#onStart
05-07 02:38:39.011   474   540 D SystemServerInitThreadPool: Started executing UsbService$Lifecycle#onStart
05-07 02:38:39.012   474   540 I UsbDeviceManager: failed to write to /sys/class/android_usb/android0/f_rndis/ethaddr
05-07 02:38:39.012   474   474 V SystemServerTiming: StartUsbService took to complete: 1ms
05-07 02:38:39.013   474   474 D SystemServerTiming: StartSerialService
05-07 02:38:39.013   150   150 I hwservicemanager: getTransport: Cannot find entry android.hardware.usb.gadget@1.0::IUsbGadget/default in either framework or device VINTF manifest.
05-07 02:38:39.013   474   474 V SystemServerTiming: StartSerialService took to complete: 1ms
05-07 02:38:39.013   474   474 D SystemServerTiming: StartHardwarePropertiesManagerService
05-07 02:38:39.014   474   540 I UsbDeviceManager: USB GADGET HAL not present in the device
05-07 02:38:39.014   474   540 I UsbDeviceManager: java.util.NoSuchElementException
05-07 02:38:39.014   474   540 I UsbDeviceManager: 	at android.os.HwBinder.getService(Native Method)
05-07 02:38:39.014   474   540 I UsbDeviceManager: 	at android.hardware.usb.gadget.V1_0.IUsbGadget.getService(IUsbGadget.java:57)
05-07 02:38:39.014   474   540 I UsbDeviceManager: 	at android.hardware.usb.gadget.V1_0.IUsbGadget.getService(IUsbGadget.java:64)
05-07 02:38:39.014   474   540 I UsbDeviceManager: 	at com.android.server.usb.UsbDeviceManager.<init>(UsbDeviceManager.java:302)
05-07 02:38:39.014   474   540 I UsbDeviceManager: 	at com.android.server.usb.UsbService.<init>(UsbService.java:183)
05-07 02:38:39.014   474   540 I UsbDeviceManager: 	at com.android.server.usb.UsbService$Lifecycle.lambda$onStart$0(UsbService.java:97)
05-07 02:38:39.014   474   540 I UsbDeviceManager: 	at com.android.server.usb.UsbService$Lifecycle.$r8$lambda$CxV7IL0QHEjIgNnhuBbpakF4-Bg(Unknown Source:0)
05-07 02:38:39.014   474   540 I UsbDeviceManager: 	at com.android.server.usb.UsbService$Lifecycle$$ExternalSyntheticLambda2.run(Unknown Source:2)
05-07 02:38:39.014   474   540 I UsbDeviceManager: 	at com.android.server.SystemServerInitThreadPool.lambda$submitTask$0(SystemServerInitThreadPool.java:106)
05-07 02:38:39.014   474   540 I UsbDeviceManager: 	at com.android.server.SystemServerInitThreadPool.$r8$lambda$aGlXt69ihU44Qi7EB_RNeu8pnrY(Unknown Source:0)
05-07 02:38:39.014   474   540 I UsbDeviceManager: 	at com.android.server.SystemServerInitThreadPool$$ExternalSyntheticLambda0.run(Unknown Source:6)
05-07 02:38:39.014   474   540 I UsbDeviceManager: 	at java.util.concurrent.Executors$RunnableAdapter.call(Executors.java:463)
05-07 02:38:39.014   474   540 I UsbDeviceManager: 	at java.util.concurrent.FutureTask.run(FutureTask.java:264)
05-07 02:38:39.014   474   540 I UsbDeviceManager: 	at java.util.concurrent.ThreadPoolExecutor.runWorker(ThreadPoolExecutor.java:1137)
05-07 02:38:39.014   474   540 I UsbDeviceManager: 	at java.util.concurrent.ThreadPoolExecutor$Worker.run(ThreadPoolExecutor.java:637)
05-07 02:38:39.014   474   540 I UsbDeviceManager: 	at com.android.internal.util.ConcurrentUtils$1$1.run(ConcurrentUtils.java:65)
05-07 02:38:39.015   474   474 D HardwarePropertiesManagerService-JNI: Link to death notification successful
05-07 02:38:39.015   474   474 V SystemServerTiming: StartHardwarePropertiesManagerService took to complete: 2ms
05-07 02:38:39.015   474   474 D SystemServerTiming: StartTwilightService
05-07 02:38:39.015   474   474 I SystemServiceManager: Starting com.android.server.twilight.TwilightService
05-07 02:38:39.016   474   474 V SystemServerTiming: StartTwilightService took to complete: 0ms
05-07 02:38:39.016   474   474 D SystemServerTiming: StartColorDisplay
05-07 02:38:39.016   474   474 I SystemServiceManager: Starting com.android.server.display.color.ColorDisplayService
08-04 09:00:18.264   540   540 I         : read descriptors
08-04 09:00:18.264   540   540 I         : read strings
08-04 09:00:18.264   540   540 I         : read descriptors
08-04 09:00:18.264   540   540 I         : read strings
05-07 02:38:39.017   474   474 V SystemServerTiming: StartColorDisplay took to complete: 2ms
05-07 02:38:39.017   474   474 D SystemServerTiming: StartJobScheduler
05-07 02:38:39.017   474   474 I SystemServiceManager: Starting com.android.server.job.JobSchedulerService
05-07 02:38:39.019   474   540 W StorageManagerService: No primary storage defined yet; hacking together a stub
05-07 02:38:39.022   474   540 D UsbPortManager: Querying USB HAL version
05-07 02:38:39.023   149   149 I servicemanager: Found android.hardware.usb.IUsb/default in device VINTF manifest.
05-07 02:38:39.023   474   474 D JobStore: Start tag: job-info
05-07 02:38:39.024   474   474 W JobStore: Periodic job for uid='10079' persisted run-time is too big [360:00:38, 720:00:38]. Clamping to [360:00:15,720:00:15]
05-07 02:38:39.024   474   540 I UsbPortManager: USB HAL AIDL present
05-07 02:38:39.026   313   313 I android.hardware.usb.aidl-service: registering callback
05-07 02:38:39.027   474   540 D UsbPortManager: getInstance done
05-07 02:38:39.028   474   489 I UsbPortManager: all: opID:1 successful
05-07 02:38:39.030   474   474 W JobStore: Periodic job for uid='1000' persisted run-time is too big [24:00:25, 48:00:25]. Clamping to [24:00:15,48:00:15]
05-07 02:38:39.031   474   474 I JobStore: Read 6 jobs
05-07 02:38:39.033   474   540 D SystemServerInitThreadPool: Finished executing UsbService$Lifecycle#onStart
05-07 02:38:39.033   474   540 V SystemServerTimingAsync: InitThreadPoolExec:UsbService$Lifecycle#onStart took to complete: 22ms
05-07 02:38:39.036   474   602 D ConnectivityService: NetReassign [no changes]
05-07 02:38:39.036   313   622 E android.hardware.usb.aidl-service: creating thread
05-07 02:38:39.039   474   474 V HistoricalRegistry: Interaction before persistence initialized
05-07 02:38:39.040   474   474 V HistoricalRegistry: Interaction before persistence initialized
05-07 02:38:39.041   474   474 W JobScheduler: !!! RTC not yet good; tracking time updates for job scheduling
05-07 02:38:39.042   474   474 V SystemServerTiming: StartJobScheduler took to complete: 25ms
05-07 02:38:39.042   474   474 D SystemServerTiming: StartSoundTrigger
05-07 02:38:39.042   474   474 I SystemServiceManager: Starting com.android.server.soundtrigger.SoundTriggerService
05-07 02:38:39.043   474   474 V SystemServerTiming: StartSoundTrigger took to complete: 1ms
05-07 02:38:39.043   474   474 D SystemServerTiming: StartTrustManager
05-07 02:38:39.044   474   474 I SystemServiceManager: Starting com.android.server.trust.TrustManagerService
05-07 02:38:39.045   474   474 V SystemServerTiming: StartTrustManager took to complete: 2ms
05-07 02:38:39.045   474   474 D SystemServerTiming: StartBackupManager
05-07 02:38:39.046   474   474 I SystemServiceManager: Starting com.android.server.backup.BackupManagerService$Lifecycle
05-07 02:38:39.047   474   474 V SystemServerTiming: StartBackupManager took to complete: 2ms
05-07 02:38:39.047   474   474 D SystemServerTiming: StartAppWidgetService
05-07 02:38:39.048   474   474 I SystemServiceManager: Starting com.android.server.appwidget.AppWidgetService
05-07 02:38:39.051   474   474 V SystemServerTiming: StartAppWidgetService took to complete: 3ms
05-07 02:38:39.051   474   474 D SystemServerTiming: StartVoiceRecognitionManager
05-07 02:38:39.051   474   474 I SystemServiceManager: Starting com.android.server.voiceinteraction.VoiceInteractionManagerService
05-07 02:38:39.059   474   474 V SystemServerTiming: StartVoiceRecognitionManager took to complete: 8ms
05-07 02:38:39.059   474   474 D SystemServerTiming: StartAppHibernationService
05-07 02:38:39.059   474   474 I SystemServiceManager: Starting com.android.server.apphibernation.AppHibernationService
05-07 02:38:39.062   474   474 V SystemServerTiming: StartAppHibernationService took to complete: 3ms
05-07 02:38:39.062   474   474 D SystemServerTiming: StartGestureLauncher
05-07 02:38:39.062   474   474 I SystemServiceManager: Starting com.android.server.GestureLauncherService
05-07 02:38:39.062   474   474 V SystemServerTiming: StartGestureLauncher took to complete: 0ms
05-07 02:38:39.062   474   474 D SystemServerTiming: StartSensorNotification
05-07 02:38:39.062   474   474 I SystemServiceManager: Starting com.android.server.SensorNotificationService
05-07 02:38:39.062   474   474 V SystemServerTiming: StartSensorNotification took to complete: 0ms
05-07 02:38:39.063   474   474 D SystemServerTiming: StartDiskStatsService
05-07 02:38:39.064   474   474 D CompatibilityChangeReporter: Compat change id reported: 194532703; UID 1000; state: ENABLED
05-07 02:38:39.064   474   474 D CompatibilityChangeReporter: Compat change id reported: 194532703; UID 1000; state: ENABLED
05-07 02:38:39.065   474   474 D CompatibilityChangeReporter: Compat change id reported: 194532703; UID 1000; state: DISABLED
05-07 02:38:39.066   474   474 V SystemServerTiming: StartDiskStatsService took to complete: 4ms
05-07 02:38:39.066   474   474 D SystemServerTiming: RuntimeService
05-07 02:38:39.067   474   474 V SystemServerTiming: RuntimeService took to complete: 1ms
05-07 02:38:39.067   474   474 D SystemServerTiming: StartNetworkTimeUpdateService
05-07 02:38:39.068   474   613 E AS.AudioService: error reading spatial audio device settings
05-07 02:38:39.068   474   613 I AS.SpatializerHelper: init effectExpected=false
05-07 02:38:39.068   474   613 I AS.SpatializerHelper: init(): setting state to STATE_NOT_SUPPORTED due to effect not expected
05-07 02:38:39.068   474   613 I AS.SpatializerHelper: setFeatureEnabled(false) was featureEnabled:false
05-07 02:38:39.069   474   474 V SystemServerTiming: StartNetworkTimeUpdateService took to complete: 1ms
05-07 02:38:39.069   474   474 D SystemServerTiming: CertBlacklister
05-07 02:38:39.069   474   474 V SystemServerTiming: CertBlacklister took to complete: 1ms
05-07 02:38:39.070   474   474 D SystemServerTiming: StartEmergencyAffordanceService
05-07 02:38:39.070   474   474 I SystemServiceManager: Starting com.android.server.emergency.EmergencyAffordanceService
05-07 02:38:39.070   474   474 V SystemServerTiming: StartEmergencyAffordanceService took to complete: 1ms
05-07 02:38:39.071   474   474 D SystemServerTiming: startBlobStoreManagerService
05-07 02:38:39.071   474   474 I SystemServiceManager: Starting com.android.server.blob.BlobStoreManagerService
05-07 02:38:39.074   474   474 V SystemServerTiming: startBlobStoreManagerService took to complete: 3ms
05-07 02:38:39.074   474   474 D SystemServerTiming: StartDreamManager
05-07 02:38:39.074   474   474 I SystemServiceManager: Starting com.android.server.dreams.DreamManagerService
05-07 02:38:39.075   474   474 V SystemServerTiming: StartDreamManager took to complete: 1ms
05-07 02:38:39.076   474   474 D SystemServerTiming: AddGraphicsStatsService
05-07 02:38:39.079   474   474 V SystemServerTiming: AddGraphicsStatsService took to complete: 4ms
05-07 02:38:39.080   474   474 D SystemServerTiming: StartPrintManager
05-07 02:38:39.080   474   474 I SystemServiceManager: Starting com.android.server.print.PrintManagerService
05-07 02:38:39.082   474   474 V SystemServerTiming: StartPrintManager took to complete: 2ms
05-07 02:38:39.082   474   474 D SystemServerTiming: StartAttestationVerificationService
05-07 02:38:39.082   474   474 I SystemServiceManager: Starting com.android.server.security.AttestationVerificationManagerService
05-07 02:38:39.083   474   474 D AVF     : Started
05-07 02:38:39.084   474   474 V SystemServerTiming: StartAttestationVerificationService took to complete: 2ms
05-07 02:38:39.084   474   474 D SystemServerTiming: StartCompanionDeviceManager
05-07 02:38:39.084   474   474 I SystemServiceManager: Starting com.android.server.companion.CompanionDeviceManagerService
05-07 02:38:39.085   474   474 I CompanionDevice_PersistentDataStore: Reading associations for user 0 from disk
05-07 02:38:39.088   474   474 V SystemServerTiming: StartCompanionDeviceManager took to complete: 3ms
05-07 02:38:39.088   474   474 D SystemServerTiming: StartVirtualDeviceManager
05-07 02:38:39.088   474   474 I SystemServiceManager: Starting com.android.server.companion.virtual.VirtualDeviceManagerService
05-07 02:38:39.089   474   474 V SystemServerTiming: StartVirtualDeviceManager took to complete: 1ms
05-07 02:38:39.089   474   474 D SystemServerTiming: StartRestrictionManager
05-07 02:38:39.090   474   474 I SystemServiceManager: Starting com.android.server.restrictions.RestrictionsManagerService
05-07 02:38:39.091   474   474 V SystemServerTiming: StartRestrictionManager took to complete: 2ms
05-07 02:38:39.091   474   474 D SystemServerTiming: StartMediaSessionService
05-07 02:38:39.091   474   474 I SystemServiceManager: Starting com.android.server.media.MediaSessionService
05-07 02:38:39.094   474   474 V SystemServerTiming: StartMediaSessionService took to complete: 3ms
05-07 02:38:39.094   474   474 D SystemServerTiming: StartMediaResourceMonitor
05-07 02:38:39.094   474   474 I SystemServiceManager: Starting com.android.server.media.MediaResourceMonitorService
05-07 02:38:39.095   474   474 V SystemServerTiming: StartMediaResourceMonitor took to complete: 1ms
05-07 02:38:39.095   474   474 D SystemServerTiming: StartMediaRouterService
05-07 02:38:39.096   474   474 V HistoricalRegistry: Interaction before persistence initialized
05-07 02:38:39.098   474   474 V SystemServerTiming: StartMediaRouterService took to complete: 3ms
05-07 02:38:39.098   474   474 D SystemServerTiming: StartBiometricService
05-07 02:38:39.098   474   474 I SystemServiceManager: Starting com.android.server.biometrics.BiometricService
05-07 02:38:39.101   474   474 V SystemServerTiming: StartBiometricService took to complete: 3ms
05-07 02:38:39.101   474   474 D SystemServerTiming: StartAuthService
05-07 02:38:39.101   474   474 I SystemServiceManager: Starting com.android.server.biometrics.AuthService
05-07 02:38:39.105   474   474 V SystemServerTiming: StartAuthService took to complete: 4ms
05-07 02:38:39.105   474   474 D SystemServerTiming: StartDynamicCodeLoggingService
05-07 02:38:39.107   474   474 V SystemServerTiming: StartDynamicCodeLoggingService took to complete: 2ms
05-07 02:38:39.108   474   474 D SystemServerTiming: StartPruneInstantAppsJobService
05-07 02:38:39.108   278   278 D MtpDeviceJNI: register_android_mtp_MtpDevice
05-07 02:38:39.109   474   474 V SystemServerTiming: StartPruneInstantAppsJobService took to complete: 2ms
05-07 02:38:39.110   474   474 D SystemServerTiming: StartShortcutServiceLifecycle
05-07 02:38:39.110   474   474 I SystemServiceManager: Starting com.android.server.pm.ShortcutService$Lifecycle
05-07 02:38:39.112   474   474 V HistoricalRegistry: Interaction before persistence initialized
05-07 02:38:39.113   474   474 V SystemServerTiming: StartShortcutServiceLifecycle took to complete: 4ms
05-07 02:38:39.113   474   474 D SystemServerTiming: StartLauncherAppsService
05-07 02:38:39.113   474   474 I SystemServiceManager: Starting com.android.server.pm.LauncherAppsService
05-07 02:38:39.115   474   474 V SystemServerTiming: StartLauncherAppsService took to complete: 2ms
05-07 02:38:39.116   474   474 D SystemServerTiming: StartCrossProfileAppsService
05-07 02:38:39.116   474   474 I SystemServiceManager: Starting com.android.server.pm.CrossProfileAppsService
05-07 02:38:39.117   474   474 V SystemServerTiming: StartCrossProfileAppsService took to complete: 1ms
05-07 02:38:39.117   474   474 D SystemServerTiming: StartPeopleService
05-07 02:38:39.117   474   474 I SystemServiceManager: Starting com.android.server.people.PeopleService
05-07 02:38:39.119   474   474 V SystemServerTiming: StartPeopleService took to complete: 1ms
05-07 02:38:39.119   474   474 D SystemServerTiming: StartMediaMetricsManager
05-07 02:38:39.119   474   474 I SystemServiceManager: Starting com.android.server.media.metrics.MediaMetricsManagerService
05-07 02:38:39.121   474   474 V SystemServerTiming: StartMediaMetricsManager took to complete: 1ms
05-07 02:38:39.121   474   474 D SystemServerTiming: StartMediaProjectionManager
05-07 02:38:39.121   474   474 I SystemServiceManager: Starting com.android.server.media.projection.MediaProjectionManagerService
05-07 02:38:39.125   474   474 V MediaRouter: Selecting route: RouteInfo{ name=, description=null, status=null, category=RouteCategory{ name= types=ROUTE_TYPE_LIVE_AUDIO ROUTE_TYPE_LIVE_VIDEO  groupable=false }, supportedTypes=ROUTE_TYPE_LIVE_AUDIO ROUTE_TYPE_LIVE_VIDEO , presentationDisplay=null }
05-07 02:38:39.125   474   474 I MediaRouter: Skip setBluetoothA2dpOn(): types=8388615, isPlaybackActive()=false, BT route=null
05-07 02:38:39.126   474   474 V SystemServerTiming: StartMediaProjectionManager took to complete: 4ms
05-07 02:38:39.126   474   474 D SystemServerTiming: StartSliceManagerService
05-07 02:38:39.126   474   474 I SystemServiceManager: Starting com.android.server.slice.SliceManagerService$Lifecycle
05-07 02:38:39.131   474   474 V SystemServerTiming: StartSliceManagerService took to complete: 5ms
05-07 02:38:39.132   474   474 D SystemServerTiming: StartStatsCompanion
05-07 02:38:39.133   474   474 I SystemServiceManager: Starting com.android.server.stats.StatsCompanion$Lifecycle
05-07 02:38:39.138   474   474 V SystemServerTiming: StartStatsCompanion took to complete: 6ms
05-07 02:38:39.138   474   474 D SystemServerTiming: StartRebootReadinessManagerService
05-07 02:38:39.140   474   474 I SystemServiceManager: Starting com.android.server.scheduling.RebootReadinessManagerService$Lifecycle
05-07 02:38:39.147   474   474 I TetheringManager: registerTetheringEventCallback:android
05-07 02:38:39.147   474   474 I TetheringManager: registerTetheringEventCallback caller:android
05-07 02:38:39.148   474   474 V SystemServerTiming: StartRebootReadinessManagerService took to complete: 10ms
05-07 02:38:39.148   474   474 D SystemServerTiming: StartStatsPullAtomService
05-07 02:38:39.148   474   474 I SystemServiceManager: Starting com.android.server.stats.pull.StatsPullAtomService
05-07 02:38:39.149   474   474 V SystemServerTiming: StartStatsPullAtomService took to complete: 0ms
05-07 02:38:39.149   474   474 D SystemServerTiming: StatsBootstrapAtomService
05-07 02:38:39.149   474   474 I SystemServiceManager: Starting com.android.server.stats.bootstrap.StatsBootstrapAtomService$Lifecycle
05-07 02:38:39.150   474   474 V SystemServerTiming: StatsBootstrapAtomService took to complete: 1ms
05-07 02:38:39.150   474   474 D SystemServerTiming: StartIncidentCompanionService
05-07 02:38:39.150   474   474 I SystemServiceManager: Starting com.android.server.incident.IncidentCompanionService
05-07 02:38:39.151   474   474 V SystemServerTiming: StartIncidentCompanionService took to complete: 1ms
05-07 02:38:39.151   474   474 D SystemServerTiming: StarSdkSandboxManagerService
05-07 02:38:39.152   474   474 I SystemServiceManager: Starting com.android.server.sdksandbox.SdkSandboxManagerService$Lifecycle
05-07 02:38:39.155   278   278 I zygote  : Thread[1,tid=278,Native,Thread*=0xe4546210,peer=0x12ec0078,"main"] recursive attempt to load library "librtp_jni.so"
05-07 02:38:39.157   474   474 V SystemServerTiming: StarSdkSandboxManagerService took to complete: 6ms
05-07 02:38:39.157   474   474 D SystemServerTiming: StartAdServicesManagerService
05-07 02:38:39.159   474   474 I SystemServiceManager: Starting com.android.server.adservices.AdServicesManagerService$Lifecycle
05-07 02:38:39.160   474   474 I AdServicesManagerService: AdServicesManagerService started!
05-07 02:38:39.160   474   474 V SystemServerTiming: StartAdServicesManagerService took to complete: 3ms
05-07 02:38:39.160   474   474 D SystemServerTiming: StartAutoFillService
05-07 02:38:39.161   474   474 I SystemServiceManager: Starting com.android.server.autofill.AutofillManagerService
05-07 02:38:39.163   474   474 D AutofillManagerService: setLogLevelFromSettings(): level=2, debug=true, verbose=false
05-07 02:38:39.163   474   474 D AutofillManagerService: setMaxPartitionsFromSettings(): 10
05-07 02:38:39.163   474   474 D AutofillManagerService: setMaxVisibleDatasetsFromSettings(): 0
05-07 02:38:39.164   474   495 D AutofillUI: destroySaveUiUiThread(): already destroyed
05-07 02:38:39.164   474   474 D AutofillManagerServiceImpl: Reset component for user 0:
05-07 02:38:39.166   474   474 V SystemServerTiming: StartAutoFillService took to complete: 6ms
05-07 02:38:39.166   474   474 D SystemServer: TranslationService not defined by OEM
05-07 02:38:39.166   474   474 D SystemServerTiming: StartClipboardService
05-07 02:38:39.166   474   474 I SystemServiceManager: Starting com.android.server.clipboard.ClipboardService
05-07 02:38:39.169   474   474 V SystemServerTiming: StartClipboardService took to complete: 3ms
05-07 02:38:39.169   474   474 D SystemServerTiming: AppServiceManager
05-07 02:38:39.169   474   474 I SystemServiceManager: Starting com.android.server.appbinding.AppBindingService$Lifecycle
05-07 02:38:39.171   474   474 V SystemServerTiming: AppServiceManager took to complete: 2ms
05-07 02:38:39.171   474   474 D SystemServerTiming: startTracingServiceProxy
05-07 02:38:39.171   474   474 I SystemServiceManager: Starting com.android.server.tracing.TracingServiceProxy
05-07 02:38:39.173   474   474 V SystemServerTiming: startTracingServiceProxy took to complete: 1ms
05-07 02:38:39.173   474   474 D SystemServerTiming: MakeLockSettingsServiceReady
05-07 02:38:39.188   474   474 I android_os_HwBinder: HwBinder: Starting thread pool for getting: android.hardware.weaver@1.0::IWeaver/default
05-07 02:38:39.190   318   318 I android.hardware.weaver@1.0-service: getConfig: slots:100 keySize:32 valueSize:32
05-07 02:38:39.192   150   150 I hwservicemanager: getTransport: Cannot find entry android.hardware.authsecret@1.0::IAuthSecret/default in either framework or device VINTF manifest.
05-07 02:38:39.192   474   474 I LockSettingsService: Device doesn't implement AuthSecret HAL
05-07 02:38:39.194   474   474 V SystemServerTiming: MakeLockSettingsServiceReady took to complete: 21ms
05-07 02:38:39.194   474   474 D SystemServerTiming: StartBootPhaseLockSettingsReady
05-07 02:38:39.194   474   474 I SystemServiceManager: Starting phase 480
05-07 02:38:39.194   474   474 D SystemServerTiming: OnBootPhase_480
05-07 02:38:39.194   474   474 D SystemServerTiming: OnBootPhase_480_com.android.server.security.FileIntegrityService
05-07 02:38:39.194   474   474 V SystemServerTiming: OnBootPhase_480_com.android.server.security.FileIntegrityService took to complete: 0ms
05-07 02:38:39.194   474   474 D SystemServerTiming: OnBootPhase_480_com.android.server.pm.Installer
05-07 02:38:39.194   474   474 V SystemServerTiming: OnBootPhase_480_com.android.server.pm.Installer took to complete: 0ms
05-07 02:38:39.195   474   474 D SystemServerTiming: OnBootPhase_480_com.android.server.os.DeviceIdentifiersPolicyService
05-07 02:38:39.195   474   474 V SystemServerTiming: OnBootPhase_480_com.android.server.os.DeviceIdentifiersPolicyService took to complete: 0ms
05-07 02:38:39.195   474   474 D SystemServerTiming: OnBootPhase_480_com.android.server.uri.UriGrantsManagerService$Lifecycle
05-07 02:38:39.195   474   474 V SystemServerTiming: OnBootPhase_480_com.android.server.uri.UriGrantsManagerService$Lifecycle took to complete: 0ms
05-07 02:38:39.195   474   474 D SystemServerTiming: OnBootPhase_480_com.android.server.powerstats.PowerStatsService
05-07 02:38:39.195   474   474 V SystemServerTiming: OnBootPhase_480_com.android.server.powerstats.PowerStatsService took to complete: 0ms
05-07 02:38:39.195   474   474 D SystemServerTiming: OnBootPhase_480_com.android.server.wm.ActivityTaskManagerService$Lifecycle
05-07 02:38:39.195   474   474 V SystemServerTiming: OnBootPhase_480_com.android.server.wm.ActivityTaskManagerService$Lifecycle took to complete: 0ms
05-07 02:38:39.195   474   474 D SystemServerTiming: OnBootPhase_480_com.android.server.am.ActivityManagerService$Lifecycle
05-07 02:38:39.195   474   474 V SystemServerTiming: OnBootPhase_480_com.android.server.am.ActivityManagerService$Lifecycle took to complete: 0ms
05-07 02:38:39.195   474   474 D SystemServerTiming: OnBootPhase_480_com.android.server.pm.DataLoaderManagerService
05-07 02:38:39.195   474   474 V SystemServerTiming: OnBootPhase_480_com.android.server.pm.DataLoaderManagerService took to complete: 0ms
05-07 02:38:39.195   474   474 D SystemServerTiming: OnBootPhase_480_com.android.server.power.PowerManagerService
05-07 02:38:39.195   474   474 V SystemServerTiming: OnBootPhase_480_com.android.server.power.PowerManagerService took to complete: 0ms
05-07 02:38:39.195   474   474 D SystemServerTiming: OnBootPhase_480_com.android.server.power.ThermalManagerService
05-07 02:38:39.195   474   474 V SystemServerTiming: OnBootPhase_480_com.android.server.power.ThermalManagerService took to complete: 0ms
05-07 02:38:39.195   474   474 D SystemServerTiming: OnBootPhase_480_com.android.server.power.hint.HintManagerService
05-07 02:38:39.195   474   474 V SystemServerTiming: OnBootPhase_480_com.android.server.power.hint.HintManagerService took to complete: 0ms
05-07 02:38:39.195   474   474 D SystemServerTiming: OnBootPhase_480_com.android.server.recoverysystem.RecoverySystemService$Lifecycle
05-07 02:38:39.195   474   474 V SystemServerTiming: OnBootPhase_480_com.android.server.recoverysystem.RecoverySystemService$Lifecycle took to complete: 0ms
05-07 02:38:39.195   474   474 D SystemServerTiming: OnBootPhase_480_com.android.server.lights.LightsService
05-07 02:38:39.195   474   474 V SystemServerTiming: OnBootPhase_480_com.android.server.lights.LightsService took to complete: 0ms
05-07 02:38:39.195   474   474 D SystemServerTiming: OnBootPhase_480_com.android.server.display.DisplayManagerService
05-07 02:38:39.195   474   474 V SystemServerTiming: OnBootPhase_480_com.android.server.display.DisplayManagerService took to complete: 0ms
05-07 02:38:39.195   474   474 D SystemServerTiming: OnBootPhase_480_com.android.server.pm.verify.domain.DomainVerificationService
05-07 02:38:39.195   474   474 V SystemServerTiming: OnBootPhase_480_com.android.server.pm.verify.domain.DomainVerificationService took to complete: 0ms
05-07 02:38:39.195   474   474 D SystemServerTiming: OnBootPhase_480_com.android.server.pm.PackageInstallerService$Lifecycle
05-07 02:38:39.195   474   474 V SystemServerTiming: OnBootPhase_480_com.android.server.pm.PackageInstallerService$Lifecycle took to complete: 0ms
05-07 02:38:39.195   474   474 D SystemServerTiming: OnBootPhase_480_com.android.server.pm.UserManagerService$LifeCycle
