--------- beginning of main
08-04 09:00:04.222   148   148 I lowmemorykiller: Using psi monitors for memory pressure detection
08-04 09:00:04.223   148   148 I lowmemorykiller: Process polling is supported
08-04 09:00:04.227   148   148 I lowmemorykiller: Process reaper initialized with 2 threads in the pool
--------- beginning of kernel
08-04 09:00:02.648     0     0 I         : Booting Linux on physical CPU 0x0000000000 [0x410fd034]
08-04 09:00:02.648     0     0 I         : Linux version 5.10.157+ (sl@sl) (Android (8490178, based on r450784d) clang version 14.0.6 (https://android.googlesource.com/toolchain/llvm-project 4c603efb0cca074e9238af8b4106c30add4418f6), LLD 14.0.6) #72 SMP PREEMPT Thu Apr 17 17:03:52 CST 2025
08-04 09:00:02.656     0     0 I Machine model: Rockchip RK3562 IDO EVB3562 V1B Board
08-04 09:00:02.695     0     0 I earlycon: uart8250 at MMIO32 0x00000000ff210000 (options '')
08-04 09:00:02.699     0     0 I printk  : bootconsole [uart8250] enabled
08-04 09:00:02.701     0     0 I OF      : fdt: Reserved memory: failed to reserve memory for node 'drm-cubic-lut@00000000': base 0x0000000000000000, size 0 MiB
08-04 09:00:02.739     0     0 I Zone ranges:  
08-04 09:00:02.739     0     0 I         : DMA32    [mem 0x0000000000200000-0x000000007fffffff]
08-04 09:00:02.740     0     0 I         : Normal   empty
08-04 09:00:02.740     0     0 I         : Movable zone start for each node
08-04 09:00:02.741     0     0 I         : Early memory node ranges
08-04 09:00:02.741     0     0 I node   0: [mem 0x0000000000200000-0x00000000083fffff]
08-04 09:00:02.742     0     0 I node   0: [mem 0x0000000008c00000-0x000000007fffffff]
08-04 09:00:02.743     0     0 I         : Initmem setup node 0 [mem 0x0000000000200000-0x000000007fffffff]
08-04 09:00:02.743     0     0 D         : On node 0 totalpages: 521728
08-04 09:00:02.743     0     0 D DMA32 zone: 8184 pages used for memmap
08-04 09:00:02.743     0     0 D DMA32 zone: 0 pages reserved
08-04 09:00:02.743     0     0 D DMA32 zone: 521728 pages, LIFO batch:63
08-04 09:00:02.757     0     0 I cma     : Reserved 16 MiB at 0x000000007e800000
08-04 09:00:02.757     0     0 I psci    : probing for conduit method from DT.
08-04 09:00:02.758     0     0 I psci    : PSCIv1.1 detected in firmware.
08-04 09:00:02.758     0     0 I psci    : Using standard PSCI v0.2 function IDs
08-04 09:00:02.759     0     0 I psci    : Trusted OS migration not required
08-04 09:00:02.759     0     0 I psci    : SMC Calling Convention v1.2
08-04 09:00:02.760     0     0 I percpu  : Embedded 32 pages/cpu s91800 r8192 d31080 u131072
08-04 09:00:02.761     0     0 D pcpu-alloc: s91800 r8192 d31080 u131072 alloc=32*4096
08-04 09:00:02.761     0     0 D pcpu-alloc: [0] 0 [0] 1 [0] 2 [0] 3
08-04 09:00:02.761     0     0 I         : Detected VIPT I-cache on CPU0
08-04 09:00:02.761     0     0 I CPU features: detected: ARM erratum 845719
08-04 09:00:02.762     0     0 I         : Built 1 zonelists, mobility grouping on.  Total pages: 513544
08-04 09:00:02.763     0     0 I         : Kernel command line: storagemedia=emmc androidboot.storagemedia=emmc androidboot.mode=normal  androidboot.dtb_idx=0 androidboot.dtbo_idx=0  androidboot.verifiedbootstate=orange androidboot.serialno=200b23c17bf3a675 console=ttyFIQ0 firmware_class.path=/vendor/etc/firmware init=/init rootwait ro loop.max_part=7 androidboot.console=ttyFIQ0 androidboot.wificountrycode=CN androidboot.hardware=rk30board androidboot.boot_devices=ff870000.mmc androidboot.selinux=permissive buildvariant=userdebug earlycon=uart8250,mmio32,0xff210000
08-04 09:00:02.768     0     0 I         : Dentry cache hash table entries: 262144 (order: 9, 2097152 bytes, linear)
08-04 09:00:02.769     0     0 I         : Inode-cache hash table entries: 131072 (order: 8, 1048576 bytes, linear)
08-04 09:00:02.770     0     0 I mem auto-init: stack:all(zero), heap alloc:off, heap free:off
08-04 09:00:02.800     0     0 I Memory  : 1990148K/2086912K available (19646K kernel code, 3994K rwdata, 8052K rodata, 1344K init, 1916K bss, 80380K reserved, 16384K cma-reserved)
08-04 09:00:02.801     0     0 I SLUB    : HWalign=64, Order=0-3, MinObjects=0, CPUs=4, Nodes=1
08-04 09:00:02.802     0     0 I rcu     : Preemptible hierarchical RCU implementation.
08-04 09:00:02.802     0     0 I rcu     : RCU event tracing is enabled.
08-04 09:00:02.803     0     0 I rcu     : RCU restricting CPUs from NR_CPUS=8 to nr_cpu_ids=4.
08-04 09:00:02.804     0     0 I         : Trampoline variant of Tasks RCU enabled.
08-04 09:00:02.804     0     0 I         : Tracing variant of Tasks RCU enabled.
08-04 09:00:02.805     0     0 I rcu     : RCU calculated value of scheduler-enlistment delay is 30 jiffies.
08-04 09:00:02.805     0     0 I rcu     : Adjusting geometry for rcu_fanout_leaf=16, nr_cpu_ids=4
08-04 09:00:02.810     0     0 I NR_IRQS : 64, nr_irqs: 64, preallocated irqs: 0
08-04 09:00:02.813     0     0 I GIC     : Using split EOI/Deactivate mode
08-04 09:00:02.813     0     0 I kfence  : initialized - using 524288 bytes for 63 objects at 0x(____ptrval____)-0x(____ptrval____)
08-04 09:00:02.852     0     0 I arch_timer: cp15 timer(s) running at 24.00MHz (phys).
08-04 09:00:02.853     0     0 I clocksource: arch_sys_counter: mask: 0xffffffffffffff max_cycles: 0x588fe9dc0, max_idle_ns: 440795202592 ns
08-04 09:00:02.854     0     0 I sched_clock: 56 bits at 24MHz, resolution 41ns, wraps every 4398046511097ns
08-04 09:00:02.855     0     0 I         : Calibrating delay loop (skipped), value calculated using timer frequency.. 48.00 BogoMIPS (lpj=80000)
08-04 09:00:02.856     0     0 I pid_max : default: 32768 minimum: 301
08-04 09:00:02.857     0     0 I LSM     : Security Framework initializing
08-04 09:00:02.858     0     0 I SELinux : Initializing.
08-04 09:00:02.858     0     0 I         : Mount-cache hash table entries: 4096 (order: 3, 32768 bytes, linear)
08-04 09:00:02.859     0     0 I         : Mountpoint-cache hash table entries: 4096 (order: 3, 32768 bytes, linear)
08-04 09:00:02.861     1     1 I rcu     : Hierarchical SRCU implementation.
08-04 09:00:02.863     1     1 I smp     : Bringing up secondary CPUs ...
08-04 09:00:02.865     0     0 I         : Detected VIPT I-cache on CPU1
08-04 09:00:02.865     0     0 I CPU1    : Booted secondary processor 0x0000000001 [0x410fd034]
08-04 09:00:02.866     0     0 I         : Detected VIPT I-cache on CPU2
08-04 09:00:02.866     0     0 I CPU2    : Booted secondary processor 0x0000000002 [0x410fd034]
08-04 09:00:02.867     0     0 I         : Detected VIPT I-cache on CPU3
08-04 09:00:02.867     0     0 I CPU3    : Booted secondary processor 0x0000000003 [0x410fd034]
08-04 09:00:02.867     1     1 I smp     : Brought up 1 node, 4 CPUs
08-04 09:00:02.871     1     1 I SMP     : Total of 4 processors activated.
08-04 09:00:02.871     1     1 I CPU features: detected: 32-bit EL0 Support
08-04 09:00:02.872     1     1 I CPU features: detected: CRC32 instructions
08-04 09:00:02.872     1     1 I CPU features: emulated: Privileged Access Never (PAN) using TTBR0_EL1 switching
08-04 09:00:02.882     1     1 I         : CPU: All CPU(s) started at EL2
08-04 09:00:02.883    14    14 I alternatives: patching kernel code
08-04 09:00:02.884     1     1 I devtmpfs: initialized
08-04 09:00:02.901     7     7 I         : Trying to unpack rootfs image as initramfs...
08-04 09:00:02.902     1     1 I         : Registered cp15_barrier emulation handler
08-04 09:00:02.903     1     1 I         : Registered setend emulation handler
08-04 09:00:02.903     1     1 W         : KASLR disabled due to lack of seed
08-04 09:00:02.904     1     1 I clocksource: jiffies: mask: 0xffffffff max_cycles: 0xffffffff, max_idle_ns: 6370867519511994 ns
08-04 09:00:02.905     1     1 I         : futex hash table entries: 1024 (order: 4, 65536 bytes, linear)
08-04 09:00:02.906     1     1 I pinctrl core: initialized pinctrl subsystem
08-04 09:00:02.908     1     1 I NET     : Registered protocol family 16
08-04 09:00:02.913     1     1 I DMA     : preallocated 256 KiB GFP_KERNEL pool for atomic allocations
08-04 09:00:02.922     1     1 I DMA     : preallocated 256 KiB GFP_KERNEL|GFP_DMA32 pool for atomic allocations
08-04 09:00:02.922     1     1 I audit   : initializing netlink subsys (disabled)
01-01 00:00:00.066   147   147 W auditd  : type=2000 audit(0.0:1): state=initialized audit_enabled=0 res=1
08-04 09:00:02.925     1     1 I         : Registered FIQ tty driver
08-04 09:00:02.926     1     1 I thermal_sys: Registered thermal governor 'fair_share'
08-04 09:00:02.926     1     1 I thermal_sys: Registered thermal governor 'step_wise'
08-04 09:00:02.927     1     1 I thermal_sys: Registered thermal governor 'user_space'
08-04 09:00:02.927     1     1 I thermal_sys: Registered thermal governor 'power_allocator'
08-04 09:00:02.928     1     1 I cpuidle : using governor menu
08-04 09:00:02.930     1     1 I hw-breakpoint: found 6 breakpoint and 4 watchpoint registers.
08-04 09:00:02.930     1     1 I         : ASID allocator initialised with 65536 entries
08-04 09:00:02.932     1     1 I ramoops : boot-log-0	0x8000@0x0000000000110000
08-04 09:00:02.933     1     1 I ramoops : dmesg-0	0x14000@0x0000000000118000
08-04 09:00:02.934     1     1 I ramoops : dmesg-1	0x14000@0x000000000012c000
08-04 09:00:02.934     1     1 I ramoops : console	0x80000@0x0000000000140000
08-04 09:00:02.935     1     1 I ramoops : pmsg	0x30000@0x00000000001c0000
08-04 09:00:02.936     1     1 I printk  : console [ramoops-1] enabled
08-04 09:00:02.936     1     1 I pstore  : Registered ramoops as persistent store backend
08-04 09:00:02.937     1     1 I ramoops : using 0xe0000@0x110000, ecc: 0
08-04 09:00:02.953     7     7 I         : Freeing initrd memory: 1400K
08-04 09:00:02.976     1     1 I rockchip-gpio ff260000.gpio: probed /pinctrl/gpio@ff260000
08-04 09:00:02.977     1     1 I rockchip-gpio ff620000.gpio: probed /pinctrl/gpio@ff620000
08-04 09:00:02.978     1     1 I rockchip-gpio ff630000.gpio: probed /pinctrl/gpio@ff630000
08-04 09:00:02.979     1     1 I rockchip-gpio ffac0000.gpio: probed /pinctrl/gpio@ffac0000
08-04 09:00:02.980     1     1 I rockchip-gpio ffad0000.gpio: probed /pinctrl/gpio@ffad0000
08-04 09:00:02.981     1     1 I rockchip-pinctrl pinctrl: probed pinctrl
08-04 09:00:02.999     1     1 E fiq_debugger.0: IRQ fiq not found
08-04 09:00:02.999     1     1 E fiq_debugger.0: IRQ wakeup not found
08-04 09:00:03.000     1     1 E fiq_debugger_probe: could not install nmi irq handler
08-04 09:00:03.001     1     1 I printk  : console [ttyFIQ0] enabled
08-04 09:00:04.260   149   149 I SELinux : SELinux: Loaded service_contexts from:
08-04 09:00:04.260   150   150 I hwservicemanager: getFrameworkHalManifest: Reading VINTF information.
08-04 09:00:04.260   149   149 I SELinux :     /system/etc/selinux/plat_service_contexts
08-04 09:00:03.011     1     1 I printk  : bootconsole [uart8250] disabled
08-04 09:00:03.017     1     1 I         : Registered fiq debugger ttyFIQ0
08-04 09:00:03.018     1     1 I vcc3v3_pcie20: supplied by dc_12v
08-04 09:00:03.018     1     1 I vcc5v0_sys: supplied by dc_12v
08-04 09:00:03.018     1     1 I vcc5v0_usb: supplied by dc_12v
08-04 09:00:03.019     1     1 I vcc5v0_usb_host: supplied by vcc5v0_usb
08-04 09:00:03.019     1     1 I vcc5v0_usb_otg: supplied by vcc5v0_usb
08-04 09:00:03.019     1     1 I vcc3v3_clk: supplied by vcc5v0_sys
08-04 09:00:03.019     1     1 I vcc3v3_sys: supplied by dc_12v
08-04 09:00:03.020     1     1 I vcc25_ddr: supplied by vcc3v3_sys
08-04 09:00:03.020     1     1 I iommu   : Default domain type: Translated
08-04 09:00:03.022     1     1 I         : SCSI subsystem initialized
08-04 09:00:03.022     1     1 D         : libata version 3.00 loaded.
08-04 09:00:03.023     1     1 I usbcore : registered new interface driver usbfs
08-04 09:00:03.023     1     1 I usbcore : registered new interface driver hub
08-04 09:00:03.023     1     1 I usbcore : registered new device driver usb
08-04 09:00:03.023     1     1 I mc      : Linux media interface: v0.10
08-04 09:00:03.023     1     1 I videodev: Linux video capture interface: v2.00
08-04 09:00:03.023     1     1 I pps_core: LinuxPPS API ver. 1 registered
08-04 09:00:03.023     1     1 I pps_core: Software ver. 5.3.6 - Copyright 2005-2007 Rodolfo Giometti <giometti@linux.it>
08-04 09:00:03.023     1     1 I         : PTP clock support registered
08-04 09:00:03.024     1     1 I arm-scmi firmware: scmi: SCMI Notifications - Core Enabled.
08-04 09:00:03.024     1     1 I arm-scmi firmware: scmi: SCMI Protocol v2.0 'rockchip:' Firmware version 0x0
08-04 09:00:03.025     1     1 I         : Advanced Linux Sound Architecture Driver Initialized.
08-04 09:00:03.026     1     1 I Bluetooth: Core ver 2.22
08-04 09:00:03.026     1     1 I NET     : Registered protocol family 31
08-04 09:00:03.026     1     1 I Bluetooth: HCI device and connection manager initialized
08-04 09:00:03.026     1     1 I Bluetooth: HCI socket layer initialized
08-04 09:00:03.026     1     1 I Bluetooth: L2CAP socket layer initialized
08-04 09:00:03.026     1     1 I Bluetooth: SCO socket layer initialized
08-04 09:00:03.026     1     1 I rockchip-cpuinfo cpuinfo: SoC		: 35621000
08-04 09:00:03.026     1     1 I rockchip-cpuinfo cpuinfo: Serial		: aacf7939e3a86310
08-04 09:00:03.027     1     1 I clocksource: Switched to clocksource arch_sys_counter
08-04 09:00:03.107     1     1 I VFS     : Disk quotas dquot_6.6.0
08-04 09:00:03.107     1     1 I VFS     : Dquot-cache hash table entries: 512 (order 0, 4096 bytes)
08-04 09:00:03.109     1     1 I NET     : Registered protocol family 2
08-04 09:00:04.260   149   149 I SELinux :     /system_ext/etc/selinux/system_ext_service_contexts
08-04 09:00:03.109     1     1 I         : IP idents hash table entries: 32768 (order: 6, 262144 bytes, linear)
08-04 09:00:04.260   149   149 I SELinux :     /vendor/etc/selinux/vendor_service_contexts
08-04 09:00:03.110     1     1 I         : tcp_listen_portaddr_hash hash table entries: 1024 (order: 2, 16384 bytes, linear)
08-04 09:00:03.110     1     1 I         : TCP established hash table entries: 16384 (order: 5, 131072 bytes, linear)
08-04 09:00:03.110     1     1 I         : TCP bind hash table entries: 16384 (order: 6, 262144 bytes, linear)
08-04 09:00:03.110     1     1 I TCP     : Hash tables configured (established 16384 bind 16384)
08-04 09:00:03.110     1     1 I         : UDP hash table entries: 1024 (order: 3, 32768 bytes, linear)
08-04 09:00:03.110     1     1 I         : UDP-Lite hash table entries: 1024 (order: 3, 32768 bytes, linear)
08-04 09:00:03.110     1     1 I NET     : Registered protocol family 1
08-04 09:00:03.111     1     1 I PCI     : CLS 0 bytes, default 64
08-04 09:00:03.113     1     1 I rockchip-thermal ffa70000.tsadc: tsadc is probed successfully!
08-04 09:00:03.114     1     1 I hw perfevents: enabled with armv8_cortex_a53 PMU driver, 7 counters available
08-04 09:00:03.115     1     1 I         : Initialise system trusted keyrings
08-04 09:00:03.116     1     1 I workingset: timestamp_bits=46 max_order=19 bucket_order=0
08-04 09:00:03.120     1     1 I utf8_selftest: All 154 tests passed
08-04 09:00:03.120     1     1 I         : Key type cifs.idmap registered
08-04 09:00:03.120     1     1 I fuse    : init (API version 7.32)
08-04 09:00:03.152     1     1 I         : Key type asymmetric registered
08-04 09:00:03.152     1     1 I         : Asymmetric key parser 'x509' registered
08-04 09:00:03.152     1     1 I         : Block layer SCSI generic (bsg) driver version 0.4 loaded (major 242)
08-04 09:00:03.152     1     1 I         : io scheduler mq-deadline registered
08-04 09:00:03.152     1     1 I         : io scheduler kyber registered
08-04 09:00:03.153     1     1 I         : io scheduler bfq registered
08-04 09:00:03.153     1     1 I rockchip-csi2-dphy-hw ff3c0000.csi2-dphy0-hw: csi2 dphy hw probe successfully!
08-04 09:00:03.153     1     1 I rockchip-csi2-dphy-hw ff3d0000.csi2-dphy1-hw: csi2 dphy hw probe successfully!
08-04 09:00:03.155     1     1 E rockchip-usb2phy ff740000.usb2-phy: IRQ index 0 not found
08-04 09:00:03.160     1     1 I gpio_device gpio_ctl: GPIO driver initialized
08-04 09:00:03.162    61    61 I rk-pcie fe000000.pcie: invalid prsnt-gpios property in node
08-04 09:00:03.163     1     1 W pwm-backlight backlight: supply power not found, using dummy regulator
08-04 09:00:03.163    61    61 I rk-pcie fe000000.pcie: max MSI vector is 8
08-04 09:00:03.163    61    61 E rk-pcie fe000000.pcie: Missing *config* reg space
08-04 09:00:03.163    61    61 I rk-pcie fe000000.pcie: host bridge /pcie@ff500000 ranges:
08-04 09:00:03.163    61    61 I rk-pcie fe000000.pcie: err 0x00fc000000..0x00fc0fffff -> 0x00fc000000
08-04 09:00:03.163    61    61 I rk-pcie fe000000.pcie: IO 0x00fc100000..0x00fc1fffff -> 0x00fc100000
08-04 09:00:03.163    61    61 I rk-pcie fe000000.pcie: MEM 0x00fc200000..0x00fdffffff -> 0x00fc200000
08-04 09:00:03.163    61    61 I rk-pcie fe000000.pcie: MEM 0x0300000000..0x033fffffff -> 0x0300000000
08-04 09:00:03.163    61    61 E rk-pcie fe000000.pcie: Missing *config* reg space
08-04 09:00:03.163    61    61 E rk-pcie fe000000.pcie: invalid resource
08-04 09:00:03.163     1     1 I iep     : Module initialized.
08-04 09:00:03.163     1     1 I mpp_service mpp-srv: 2739aad124 author: FU 2023-12-05 first commit
08-04 09:00:03.163     1     1 I mpp_service mpp-srv: probe start
08-04 09:00:03.165     1     1 I mpp_jpgdec ff450000.jpegd: Adding to iommu group 5
08-04 09:00:03.165     1     1 I mpp_jpgdec ff450000.jpegd: probe device
08-04 09:00:03.166     1     1 I mpp_jpgdec ff450000.jpegd: probing finish
08-04 09:00:03.166     1     1 I mpp_rkvdec2 ff340100.rkvdec: Adding to iommu group 1
08-04 09:00:03.166     1     1 I mpp_rkvdec2 ff340100.rkvdec: rkvdec, probing start
08-04 09:00:03.166     1     1 E rkvdec2_init: 996: failed on clk_get clk_core
08-04 09:00:03.166     1     1 E rkvdec2_init: 999: failed on clk_get clk_cabac
08-04 09:00:03.166     1     1 E mpp_rkvdec2 ff340100.rkvdec: shared_niu_a is not found!
08-04 09:00:03.166     1     1 E rkvdec2_init: 1022: No niu aclk reset resource define
08-04 09:00:03.166     1     1 E mpp_rkvdec2 ff340100.rkvdec: shared_niu_h is not found!
08-04 09:00:03.167     1     1 E rkvdec2_init: 1025: No niu hclk reset resource define
08-04 09:00:03.167     1     1 E mpp_rkvdec2 ff340100.rkvdec: shared_video_core is not found!
08-04 09:00:03.167     1     1 E rkvdec2_init: 1028: No core reset resource define
08-04 09:00:03.167     1     1 E mpp_rkvdec2 ff340100.rkvdec: shared_video_cabac is not found!
08-04 09:00:03.167     1     1 E rkvdec2_init: 1031: No cabac reset resource define
08-04 09:00:03.167     1     1 E mpp_rkvdec2 ff340100.rkvdec: could not find property rcb-iova
08-04 09:00:03.167     1     1 I mpp_rkvdec2 ff340100.rkvdec: link mode probe finish
08-04 09:00:03.167     1     1 I mpp_rkvdec2 ff340100.rkvdec: probing finish
08-04 09:00:03.167     1     1 I mpp_rkvenc2 ff360000.rkvenc: Adding to iommu group 2
08-04 09:00:03.167     1     1 I mpp_rkvenc2 ff360000.rkvenc: probing start
08-04 09:00:03.168     1     1 E mpp_rkvenc2 ff360000.rkvenc: dev_pm_opp_set_regulators: no regulator (venc) found: -19
08-04 09:00:03.168     1     1 E rkvenc_init: 1859: failed to add venc devfreq
08-04 09:00:03.168     1     1 I mpp_rkvenc2 ff360000.rkvenc: probing finish
08-04 09:00:03.169     1     1 I mpp_service mpp-srv: probe success
08-04 09:00:03.177     1     1 I dma-pl330 ff990000.dma-controller: Loaded driver for PL330 DMAC-241330
08-04 09:00:03.177     1     1 I dma-pl330 ff990000.dma-controller: DBUFF-128x8bytes Num_Chans-8 Num_Peri-32 Num_Events-16
08-04 09:00:03.178     1     1 I         : rockchip-system-monitor rockchip-system-monitor: system monitor probe
08-04 09:00:03.179     1     1 I vdd_npu : supplied by vcc5v0_sys
08-04 09:00:03.179     1     1 E arm-scmi firmware: scmi: Failed. SCMI protocol 22 not active.
08-04 09:00:03.179     1     1 I Serial  : 8250/16550 driver, 10 ports, IRQ sharing disabled
08-04 09:00:03.180     1     1 I ff670000.serial: ttyS1 at MMIO 0xff670000 (irq = 52, base_baud = 1500000) is a 16550A
08-04 09:00:03.181     1     1 I ff680000.serial: ttyS2 at MMIO 0xff680000 (irq = 53, base_baud = 1500000) is a 16550A
08-04 09:00:03.181     1     1 I ff690000.serial: ttyS3 at MMIO 0xff690000 (irq = 54, base_baud = 1500000) is a 16550A
08-04 09:00:03.181     1     1 I ff6a0000.serial: ttyS4 at MMIO 0xff6a0000 (irq = 55, base_baud = 1500000) is a 16550A
08-04 09:00:03.182     1     1 I ff6b0000.serial: ttyS5 at MMIO 0xff6b0000 (irq = 56, base_baud = 1500000) is a 16550A
08-04 09:00:03.182     1     1 I ff6c0000.serial: ttyS6 at MMIO 0xff6c0000 (irq = 57, base_baud = 1500000) is a 16550A
08-04 09:00:03.182     1     1 I ff6d0000.serial: ttyS7 at MMIO 0xff6d0000 (irq = 58, base_baud = 1500000) is a 16550A
08-04 09:00:03.184    68    68 I random  : crng init done
08-04 09:00:03.185     1     1 I rockchip-vop2 ff400000.vop: Adding to iommu group 3
08-04 09:00:03.192     1     1 I rockchip-vop2 ff400000.vop: [drm:vop2_bind] vp0 assign plane mask: 0x30c, primary plane phy id: 2
08-04 09:00:03.193     1     1 I rockchip-drm display-subsystem: bound ff400000.vop (ops vop2_component_ops)
08-04 09:00:03.193     1     1 E dw-mipi-dsi-rockchip ffb10000.dsi: failed to find panel or bridge: -517
08-04 09:00:03.201    16    16 W cacheinfo: Unable to detect cache hierarchy for CPU 0
08-04 09:00:03.207     1     1 I brd     : module loaded
08-04 09:00:03.216     1     1 I loop    : module loaded
08-04 09:00:03.216     1     1 I zram    : Added device: zram0
08-04 09:00:03.217     1     1 E ido-otg-auto otg_auto: Device tree not define of gpio-pwr-check
08-04 09:00:03.217     1     1 W ido-otg-auto: probe of otg_auto failed with error -22
08-04 09:00:03.218     1     1 I         : SCSI Media Changer driver v0.25
08-04 09:00:03.220     1     1 W rockchip-spi ff220000.spi: no high_speed pinctrl state
08-04 09:00:03.220     1     1 I rockchip-spi ff220000.spi: probed, poll=0, rsd=0, cs-inactive=0, ready=0
08-04 09:00:03.222     1     1 I tun     : Universal TUN/TAP device driver, 1.6
08-04 09:00:03.222     1     1 I         : CAN device driver interface
08-04 09:00:03.224     1     1 I rk_gmac-dwmac ffa80000.ethernet: IRQ eth_lpi not found
08-04 09:00:03.224     1     1 I rk_gmac-dwmac ffa80000.ethernet: PTP uses main clock
08-04 09:00:03.224     1     1 E rk_gmac-dwmac ffa80000.ethernet: no regulator found
08-04 09:00:03.224     1     1 I rk_gmac-dwmac ffa80000.ethernet: clock input or output? (input).
08-04 09:00:03.224     1     1 I rk_gmac-dwmac ffa80000.ethernet: TX delay(0x1c).
08-04 09:00:03.224     1     1 E rk_gmac-dwmac ffa80000.ethernet: Can not read property: rx_delay.
08-04 09:00:03.224     1     1 E rk_gmac-dwmac ffa80000.ethernet: set rx_delay to 0xffffffff
08-04 09:00:03.224     1     1 I rk_gmac-dwmac ffa80000.ethernet: integrated PHY? (no).
08-04 09:00:03.224     1     1 E rk_gmac-dwmac ffa80000.ethernet: cannot get clock mac_clk_rx
08-04 09:00:03.224     1     1 E rk_gmac-dwmac ffa80000.ethernet: cannot get clock mac_clk_tx
08-04 09:00:03.224     1     1 E rk_gmac-dwmac ffa80000.ethernet: cannot get clock clk_mac_speed
08-04 09:00:03.224     1     1 I rk_gmac-dwmac ffa80000.ethernet: clock input from PHY
08-04 09:00:03.224     1     1 I rk_gmac-dwmac ffa80000.ethernet: init for RGMII_RXID
08-04 09:00:03.224     1     1 I rk_gmac-dwmac ffa80000.ethernet: User ID: 0x40, Synopsys ID: 0x51
08-04 09:00:03.224     1     1 I rk_gmac-dwmac ffa80000.ethernet: DWMAC4/5
08-04 09:00:03.224     1     1 I rk_gmac-dwmac ffa80000.ethernet: DMA HW capability register supported
08-04 09:00:03.224     1     1 I rk_gmac-dwmac ffa80000.ethernet: RX Checksum Offload Engine supported
08-04 09:00:03.224     1     1 I rk_gmac-dwmac ffa80000.ethernet: TX Checksum insertion supported
08-04 09:00:03.224     1     1 I rk_gmac-dwmac ffa80000.ethernet: Wake-Up On Lan supported
08-04 09:00:03.224     1     1 I rk_gmac-dwmac ffa80000.ethernet: TSO supported
08-04 09:00:03.224     1     1 I rk_gmac-dwmac ffa80000.ethernet: Enable RX Mitigation via HW Watchdog Timer
08-04 09:00:03.224     1     1 I rk_gmac-dwmac ffa80000.ethernet: TSO feature enabled
08-04 09:00:03.224     1     1 I rk_gmac-dwmac ffa80000.ethernet: Using 40 bits DMA width
08-04 09:00:03.348     1     1 I         : PPP generic driver version 2.4.2
08-04 09:00:03.348     1     1 I         : PPP BSD Compression module registered
08-04 09:00:03.348     1     1 I         : PPP Deflate Compression module registered
08-04 09:00:03.348     1     1 I         : PPP MPPE Compression module registered
08-04 09:00:03.348     1     1 I NET     : Registered protocol family 24
08-04 09:00:03.348     1     1 I         : PPTP driver version 0.8.5
08-04 09:00:03.349     1     1 I usbcore : registered new interface driver catc
08-04 09:00:03.349     1     1 I usbcore : registered new interface driver kaweth
08-04 09:00:03.349     1     1 I pegasus : v0.9.3 (2013/04/25), Pegasus/Pegasus II USB Ethernet driver
08-04 09:00:03.349     1     1 I usbcore : registered new interface driver pegasus
08-04 09:00:03.349     1     1 I usbcore : registered new interface driver rtl8150
08-04 09:00:03.349     1     1 I usbcore : registered new interface driver r8152
08-04 09:00:03.349     1     1 I hso     : drivers/net/usb/hso.c: Option Wireless
08-04 09:00:03.349     1     1 I usbcore : registered new interface driver hso
08-04 09:00:03.349     1     1 I usbcore : registered new interface driver asix
08-04 09:00:03.349     1     1 I usbcore : registered new interface driver ax88179_178a
08-04 09:00:03.349     1     1 I usbcore : registered new interface driver cdc_ether
08-04 09:00:03.349     1     1 I usbcore : registered new interface driver cdc_eem
08-04 09:00:03.349     1     1 I usbcore : registered new interface driver dm9601
08-04 09:00:03.349     1     1 I usbcore : registered new interface driver smsc75xx
08-04 09:00:03.349     1     1 I usbcore : registered new interface driver smsc95xx
08-04 09:00:03.349     1     1 I usbcore : registered new interface driver gl620a
08-04 09:00:03.349     1     1 I usbcore : registered new interface driver net1080
08-04 09:00:03.349     1     1 I usbcore : registered new interface driver plusb
08-04 09:00:03.349     1     1 I usbcore : registered new interface driver rndis_host
08-04 09:00:03.349     1     1 I usbcore : registered new interface driver cdc_subset
08-04 09:00:03.349     1     1 I usbcore : registered new interface driver zaurus
08-04 09:00:03.349     1     1 I usbcore : registered new interface driver MOSCHIP usb-ethernet driver
08-04 09:00:03.349     1     1 I usbcore : registered new interface driver int51x1
08-04 09:00:03.349     1     1 I usbcore : registered new interface driver kalmia
08-04 09:00:03.349     1     1 I usbcore : registered new interface driver ipheth
08-04 09:00:03.349     1     1 I usbcore : registered new interface driver sierra_net
08-04 09:00:03.350     1     1 I usbcore : registered new interface driver cx82310_eth
08-04 09:00:03.350     1     1 I usbcore : registered new interface driver cdc_ncm
08-04 09:00:03.350     1     1 I usbcore : registered new interface driver qmi_wwan_q
08-04 09:00:03.350     1     1 I usbcore : registered new interface driver qmi_wwan
08-04 09:00:03.350     1     1 I usbcore : registered new interface driver cdc_mbim
08-04 09:00:03.356     1     1 I ehci_hcd: USB 2.0 'Enhanced' Host Controller (EHCI) Driver
08-04 09:00:03.356     1     1 I ehci-pci: EHCI PCI platform driver
08-04 09:00:03.356     1     1 I ehci-platform: EHCI generic platform driver
08-04 09:00:03.359     1     1 I ehci-platform fed00000.usb: EHCI Host Controller
08-04 09:00:03.360     1     1 I ehci-platform fed00000.usb: new USB bus registered, assigned bus number 1
08-04 09:00:03.360     1     1 I ehci-platform fed00000.usb: irq 20, io mem 0xfed00000
08-04 09:00:03.368    61    61 I rk-pcie fe000000.pcie: PCIe Linking... LTSSM is 0x3
08-04 09:00:03.370     1     1 I ehci-platform fed00000.usb: USB 2.0 started, EHCI 1.00
08-04 09:00:03.370     1     1 I usb1    : New USB device found, idVendor=1d6b, idProduct=0002, bcdDevice= 5.10
08-04 09:00:03.370     1     1 I usb1    : New USB device strings: Mfr=3, Product=2, SerialNumber=1
08-04 09:00:03.370     1     1 I usb1    : Product: EHCI Host Controller
08-04 09:00:03.370     1     1 I usb1    : Manufacturer: Linux 5.10.157+ ehci_hcd
08-04 09:00:03.370     1     1 I usb1    : SerialNumber: fed00000.usb
08-04 09:00:03.371     1     1 I hub 1-0 : 1.0: USB hub found
08-04 09:00:03.371     1     1 I hub 1-0 : 1.0: 1 port detected
08-04 09:00:03.371     1     1 I ohci_hcd: USB 1.1 'Open' Host Controller (OHCI) Driver
08-04 09:00:03.371     1     1 I ohci-platform: OHCI generic platform driver
08-04 09:00:03.372     1     1 I ohci-platform fed40000.usb: Generic Platform OHCI controller
08-04 09:00:03.372     1     1 I ohci-platform fed40000.usb: new USB bus registered, assigned bus number 2
08-04 09:00:03.372     1     1 I ohci-platform fed40000.usb: irq 21, io mem 0xfed40000
08-04 09:00:03.393    61    61 I rk-pcie fe000000.pcie: PCIe Linking... LTSSM is 0x3
08-04 09:00:03.420    61    61 I rk-pcie fe000000.pcie: PCIe Linking... LTSSM is 0x3
08-04 09:00:03.431     1     1 I usb2    : New USB device found, idVendor=1d6b, idProduct=0001, bcdDevice= 5.10
08-04 09:00:03.431     1     1 I usb2    : New USB device strings: Mfr=3, Product=2, SerialNumber=1
08-04 09:00:03.431     1     1 I usb2    : Product: Generic Platform OHCI controller
08-04 09:00:03.431     1     1 I usb2    : Manufacturer: Linux 5.10.157+ ohci_hcd
08-04 09:00:03.431     1     1 I usb2    : SerialNumber: fed40000.usb
08-04 09:00:03.431     1     1 I hub 2-0 : 1.0: USB hub found
08-04 09:00:03.431     1     1 I hub 2-0 : 1.0: 1 port detected
08-04 09:00:04.265   151   151 I SELinux : SELinux: Loaded service_contexts from:
08-04 09:00:04.265   151   151 I SELinux :     /vendor/etc/selinux/vndservice_contexts
08-04 09:00:03.432     1     1 I usbcore : registered new interface driver cdc_acm
08-04 09:00:03.432     1     1 I cdc_acm : USB Abstract Control Model driver for USB modems and ISDN adapters
08-04 09:00:03.432     1     1 I usbcore : registered new interface driver usblp
08-04 09:00:03.432     1     1 I usbcore : registered new interface driver cdc_wdm
08-04 09:00:03.433     1     1 I usbcore : registered new interface driver uas
08-04 09:00:03.433     1     1 I usbcore : registered new interface driver usb-storage
08-04 09:00:03.433     1     1 I usbcore : registered new interface driver ums-alauda
08-04 09:00:03.433     1     1 I usbcore : registered new interface driver ums-cypress
08-04 09:00:03.433     1     1 I usbcore : registered new interface driver ums-datafab
08-04 09:00:03.433     1     1 I usbcore : registered new interface driver ums_eneub6250
08-04 09:00:03.433     1     1 I usbcore : registered new interface driver ums-freecom
08-04 09:00:03.433     1     1 I usbcore : registered new interface driver ums-isd200
08-04 09:00:03.433     1     1 I usbcore : registered new interface driver ums-jumpshot
08-04 09:00:03.433     1     1 I usbcore : registered new interface driver ums-karma
08-04 09:00:03.433     1     1 I usbcore : registered new interface driver ums-onetouch
08-04 09:00:03.433     1     1 I usbcore : registered new interface driver ums-sddr09
08-04 09:00:03.433     1     1 I usbcore : registered new interface driver ums-sddr55
08-04 09:00:03.433     1     1 I usbcore : registered new interface driver ums-usbat
08-04 09:00:03.433     1     1 I usbcore : registered new interface driver usbserial_generic
08-04 09:00:03.433     1     1 I usbserial: USB Serial support registered for generic
08-04 09:00:03.433     1     1 I usbcore : registered new interface driver option
08-04 09:00:03.433     1     1 I usbserial: USB Serial support registered for GSM modem (1-port)
08-04 09:00:03.433     1     1 I usbcore : registered new interface driver trancevibrator
08-04 09:00:03.434     1     1 I usbcore : registered new interface driver xpad
08-04 09:00:03.434     1     1 I usbcore : registered new interface driver usb_acecad
08-04 09:00:03.434     1     1 I usbcore : registered new interface driver aiptek
08-04 09:00:03.434     1     1 I usbcore : registered new interface driver gtco
08-04 09:00:03.434     1     1 I usbcore : registered new interface driver hanwang
08-04 09:00:03.434     1     1 I usbcore : registered new interface driver kbtab
08-04 09:00:03.435     1     1 W         : <<-GTP-INFO->> GTP driver installing...
08-04 09:00:03.435     1     1 I         : i2c /dev entries driver
08-04 09:00:03.438     1     1 I rk808 0-0020: chip id: 0x8090
08-04 09:00:03.438     1     1 W rk808 0-0020: No cache defaults, reading back from HW
08-04 09:00:03.447    61    61 I rk-pcie fe000000.pcie: PCIe Linking... LTSSM is 0x3
08-04 09:00:03.462     1     1 I rk808 0-0020: source: on=0x40, off=0x00
08-04 09:00:03.462     1     1 I rk808 0-0020: support dcdc3 fb mode:-22, 0
08-04 09:00:03.462     1     1 I rk808 0-0020: support pmic reset mode:0,0
08-04 09:00:03.467     1     1 I         : rk808-regulator rk808-regulator: there is no dvs0 gpio
08-04 09:00:03.467     1     1 I         : rk808-regulator rk808-regulator: there is no dvs1 gpio
08-04 09:00:03.467     1     1 I vdd_logic: supplied by vcc3v3_sys
08-04 09:00:03.468     1     1 I vdd_cpu : supplied by vcc3v3_sys
08-04 09:00:03.469     1     1 I vcc_ddr : supplied by vcc3v3_sys
08-04 09:00:03.470     1     1 I vdd_gpu : supplied by vcc3v3_sys
08-04 09:00:03.470     1     1 I vcc_1v8 : supplied by vcc3v3_sys
08-04 09:00:03.472     1     1 I vcc2v8_dvp: supplied by vcc3v3_sys
08-04 09:00:03.473     1     1 I vdda_0v9: supplied by vcc3v3_sys
08-04 09:00:03.473    61    61 I rk-pcie fe000000.pcie: PCIe Linking... LTSSM is 0x3
08-04 09:00:03.474     1     1 I vdda0v9_pmu: supplied by vcc3v3_sys
08-04 09:00:03.475     1     1 I vccio_acodec: supplied by vcc3v3_sys
08-04 09:00:03.477     1     1 I vccio_sd: supplied by vcc3v3_sys
08-04 09:00:03.478     1     1 I vcc3v3_pmu: supplied by vcc3v3_sys
08-04 09:00:03.479     1     1 I vcca_1v8: supplied by vcc3v3_sys
08-04 09:00:03.480     1     1 I vcca1v8_pmu: supplied by vcc3v3_sys
08-04 09:00:03.481     1     1 I vcc1v8_dvp: Bringing 600000uV into 1800000-1800000uV
08-04 09:00:03.482     1     1 I vcc1v8_dvp: supplied by vcc3v3_sys
08-04 09:00:03.482     1     1 I vcc_3v3 : supplied by vcc3v3_sys
08-04 09:00:03.483     1     1 I vcc3v3_sd: supplied by vcc3v3_sys
08-04 09:00:03.484     1     1 W rk817-battery: Failed to locate of_node [id: -1]
08-04 09:00:03.484     1     1 E         : rk817-battery rk817-battery: Failed to find matching dt id
08-04 09:00:03.484     1     1 W rk817-charger: Failed to locate of_node [id: -1]
08-04 09:00:03.484     1     1 E         : rk817-charger rk817-charger: Failed to find matching dt id
08-04 09:00:03.487     1     1 I input   : rk805 pwrkey as /devices/platform/ff200000.i2c/i2c-0/0-0020/rk805-pwrkey/input/input0
08-04 09:00:03.490     1     1 W         : <<-GTP-INFO->> GTP Driver Version: V2.4<2014/11/28>
08-04 09:00:03.490     1     1 W         : <<-GTP-INFO->> GTP I2C Address: 0x14
08-04 09:00:03.491     1     1 W         : <<-GTP-INFO->> Guitar reset
08-04 09:00:03.500    61    61 I rk-pcie fe000000.pcie: PCIe Linking... LTSSM is 0x3
08-04 09:00:04.267   150   150 I hwservicemanager: getDeviceHalManifest: Reading VINTF information.
08-04 09:00:03.527    61    61 I rk-pcie fe000000.pcie: PCIe Linking... LTSSM is 0x3
08-04 09:00:03.537    59    59 W         : Auto OTG is Host mode!
08-04 09:00:03.553    61    61 I rk-pcie fe000000.pcie: PCIe Linking... LTSSM is 0x3
08-04 09:00:03.580    61    61 I rk-pcie fe000000.pcie: PCIe Linking... LTSSM is 0x3
08-04 09:00:03.599     1     1 W         : <<-GTP-INFO->> IC Version: 911_1060
08-04 09:00:03.607    61    61 I rk-pcie fe000000.pcie: PCIe Linking... LTSSM is 0x3
08-04 09:00:03.620    60    60 I usb 1-1 : new high-speed USB device number 2 using ehci-platform
08-04 09:00:03.621     1     1 W         : <<-GTP-INFO->> Read IC config: X_MAX: 1280, Y_MAX: 800, TRIGGER: 0x01
08-04 09:00:03.621     1     1 W         : <<-GTP-INFO->> set X_MAX: 1280, Y_MAX: 800, TRIGGER: 0x01
08-04 09:00:03.637     1     1 W ==>Gt9XX invert_x: 0, invert_y:0, swap_x_y:0
08-04 09:00:03.637     1     1 W         : <<-GTP-INFO->> create proc entry gt9xx_config success
08-04 09:00:03.637     1     1 W         : <<-GTP-INFO->> Esd started
08-04 09:00:03.637     1     1 I input   : goodix-ts as /devices/virtual/input/input1
08-04 09:00:03.637     1     1 W         : <<-GTP-INFO->> GTP works in interrupt mode.
08-04 09:00:03.637     1     1 W         : <<-GTP-INFO->> Applied memory size:2562.
08-04 09:00:03.637     1     1 W         : <<-GTP-INFO->> I2C function: without pre and end cmd!
08-04 09:00:03.637     1     1 W         : <<-GTP-INFO->> Create proc entry success!
08-04 09:00:03.638     1     1 I rockchip-mipi-csi2-hw ff380000.mipi0-csi2-hw: enter mipi csi2 hw probe!
08-04 09:00:03.639     1     1 I rockchip-mipi-csi2-hw ff380000.mipi0-csi2-hw: probe success, v4l2_dev:mipi0-csi2-hw!
08-04 09:00:03.639     1     1 I rockchip-mipi-csi2-hw ff390000.mipi1-csi2-hw: enter mipi csi2 hw probe!
08-04 09:00:03.639     1     1 I rockchip-mipi-csi2-hw ff390000.mipi1-csi2-hw: probe success, v4l2_dev:mipi1-csi2-hw!
08-04 09:00:03.639     1     1 I rockchip-mipi-csi2-hw ff3a0000.mipi2-csi2-hw: enter mipi csi2 hw probe!
08-04 09:00:03.639     1     1 I rockchip-mipi-csi2-hw ff3a0000.mipi2-csi2-hw: probe success, v4l2_dev:mipi2-csi2-hw!
08-04 09:00:03.639     1     1 I rockchip-mipi-csi2-hw ff3b0000.mipi3-csi2-hw: enter mipi csi2 hw probe!
08-04 09:00:03.639     1     1 I rockchip-mipi-csi2-hw ff3b0000.mipi3-csi2-hw: probe success, v4l2_dev:mipi3-csi2-hw!
08-04 09:00:03.641     1     1 I usbcore : registered new interface driver uvcvideo
08-04 09:00:03.641     1     1 I         : USB Video Class driver (1.1.1)
08-04 09:00:03.642     1     1 W __power_supply_register: Expected proper parent device for 'test_ac'
08-04 09:00:03.642     1     1 W __power_supply_register: Expected proper parent device for 'test_battery'
08-04 09:00:03.642     1     1 W thermal_zone1: power_allocator: sustainable_power will be estimated
08-04 09:00:03.642     1     1 W __power_supply_register: Expected proper parent device for 'test_usb'
08-04 09:00:03.643     1     1 I device-mapper: uevent: version 1.0.3
08-04 09:00:03.643     1     1 I device-mapper: ioctl: 4.44.0-ioctl (2021-02-01) initialised: dm-devel@redhat.com
08-04 09:00:03.644     1     1 I cpu0    : bin=0
08-04 09:00:03.644     1     1 I cpu0    : leakage=13
08-04 09:00:03.644     1     1 I cpu0    : pvtm = 1333, get from otp
08-04 09:00:03.644     1     1 I cpu0    : pvtm-volt-sel=1
08-04 09:00:03.645     1     1 I cpu0    : avs=0
08-04 09:00:03.645     1     1 D cpu0    : EM: OPP:600000 is inefficient
08-04 09:00:03.645     1     1 D cpu0    : EM: OPP:408000 is inefficient
08-04 09:00:03.645     1     1 I cpu0    : EM: created perf domain
08-04 09:00:03.646     1     1 I cpu0    : l=10000 h=2147483647 hyst=5000 l_limit=0 h_limit=0 h_table=0
08-04 09:00:03.648     1     1 I sdhci   : Secure Digital Host Controller Interface driver
08-04 09:00:03.648     1     1 I sdhci   : Copyright(c) Pierre Ossman
08-04 09:00:03.648     1     1 I         : Synopsys Designware Multimedia Card Interface Driver
08-04 09:00:03.648     1     1 I sdhci-pltfm: SDHCI platform and OF driver helper
08-04 09:00:03.649     7     7 W dwmmc_rockchip ff880000.mmc: No normal pinctrl state
08-04 09:00:03.649     7     7 W dwmmc_rockchip ff880000.mmc: No idle pinctrl state
08-04 09:00:03.649     9     9 W dwmmc_rockchip ff890000.mmc: No normal pinctrl state
08-04 09:00:03.649     9     9 W dwmmc_rockchip ff890000.mmc: No idle pinctrl state
08-04 09:00:03.649     7     7 I dwmmc_rockchip ff880000.mmc: IDMAC supports 32-bit address mode.
08-04 09:00:03.649     7     7 I dwmmc_rockchip ff880000.mmc: Using internal DMA controller.
08-04 09:00:03.649     7     7 I dwmmc_rockchip ff880000.mmc: Version ID is 270a
08-04 09:00:03.649     9     9 I dwmmc_rockchip ff890000.mmc: IDMAC supports 32-bit address mode.
08-04 09:00:03.649     7     7 I dwmmc_rockchip ff880000.mmc: DW MMC controller at irq 64,32 bit host data width,256 deep fifo
08-04 09:00:03.649     9     9 I dwmmc_rockchip ff890000.mmc: Using internal DMA controller.
08-04 09:00:03.649     9     9 I dwmmc_rockchip ff890000.mmc: Version ID is 270a
08-04 09:00:03.649     9     9 I dwmmc_rockchip ff890000.mmc: DW MMC controller at irq 65,32 bit host data width,256 deep fifo
08-04 09:00:03.649     9     9 I dwmmc_rockchip ff890000.mmc: allocated mmc-pwrseq
08-04 09:00:03.649     9     9 I         : mmc_host mmc1: card is non-removable.
08-04 09:00:03.650     1     1 E arm-scmi firmware: scmi: Failed. SCMI protocol 17 not active.
08-04 09:00:03.650     1     1 I SMCCC   : SOC_ID: ARCH_SOC_ID not implemented, skipping ....
08-04 09:00:03.651     1     1 I cryptodev: driver 1.12 loaded.
08-04 09:00:03.651     1     1 I hid     : raw HID events driver (C) Jiri Kosina
08-04 09:00:03.653     1     1 I usbcore : registered new interface driver usbhid
08-04 09:00:03.653     1     1 I usbhid  : USB HID core driver
08-04 09:00:03.654     1     1 I ashmem  : initialized
08-04 09:00:03.658     1     1 I optee   : probing for conduit method.
08-04 09:00:03.658     1     1 I optee   : revision 3.13 (b5340fd6)
08-04 09:00:03.658     1     1 I optee   : dynamic shared memory is enabled
08-04 09:00:03.658     1     1 I optee   : initialized driver
08-04 09:00:03.659     1     1 I usbcore : registered new interface driver snd-usb-audio
08-04 09:00:03.660     1     1 W         : rk817-codec rk817-codec: DMA mask not set
08-04 09:00:03.660     7     7 I         : mmc_host mmc0: Bus speed (slot 0) = 400000Hz (slot req 400000Hz, actual 400000HZ div = 0)
08-04 09:00:03.663     1     1 W rk-multicodecs rk809-sound: Failed to get ADC channel
08-04 09:00:03.663     1     1 E rk-multicodecs rk809-sound: ASoC: Property 'rockchip,audio-routing' does not exist or its length is not even
08-04 09:00:03.663     1     1 W rk-multicodecs rk809-sound: Audio routing invalid/unspecified
08-04 09:00:03.664     1     1 I         : rk817-codec rk817-codec: rk817_probe: chip_name:0x80, chip_ver:0x9a
08-04 09:00:03.671     1     1 I input   : rockchip-rk809 Headset as /devices/platform/rk809-sound/sound/card0/input2
08-04 09:00:03.671     1     1 I netem   : version 1.3
08-04 09:00:03.671     1     1 I         : u32 classifier
08-04 09:00:03.671     1     1 I         : input device check on
08-04 09:00:03.671     1     1 I         : Actions configured
08-04 09:00:03.671     1     1 I xt_time : kernel timezone is -0000
08-04 09:00:03.672     1     1 I gre     : GRE over IPv4 demultiplexor driver
08-04 09:00:03.672     1     1 I         : IPv4 over IPsec tunneling driver
08-04 09:00:03.672     1     1 I         : Initializing XFRM netlink socket
08-04 09:00:03.672     1     1 I         : IPsec XFRM device driver
08-04 09:00:03.672     1     1 I NET     : Registered protocol family 10
08-04 09:00:03.673     1     1 I         : Segment Routing with IPv6
08-04 09:00:03.673     1     1 I mip6    : Mobile IPv6
08-04 09:00:03.673     1     1 I sit     : IPv6, IPv4 and MPLS over IPv4 tunneling driver
08-04 09:00:03.674     1     1 I NET     : Registered protocol family 17
08-04 09:00:03.674     1     1 I NET     : Registered protocol family 15
08-04 09:00:03.674     1     1 I         : Bridge firewalling registered
08-04 09:00:03.674     1     1 I can     : controller area network core
08-04 09:00:03.674     1     1 I NET     : Registered protocol family 29
08-04 09:00:03.674     1     1 I can     : raw protocol
08-04 09:00:03.674     1     1 I can     : broadcast manager protocol
08-04 09:00:03.674     1     1 I can     : netlink gateway - max_hops=1
08-04 09:00:03.674     1     1 I Bluetooth: RFCOMM TTY layer initialized
08-04 09:00:03.674     1     1 I Bluetooth: RFCOMM socket layer initialized
08-04 09:00:03.674     1     1 I Bluetooth: RFCOMM ver 1.11
08-04 09:00:03.674     1     1 I Bluetooth: BNEP (Ethernet Emulation) ver 1.3
08-04 09:00:03.674     1     1 I Bluetooth: BNEP filters: protocol multicast
08-04 09:00:03.674     1     1 I Bluetooth: BNEP socket layer initialized
08-04 09:00:03.674     1     1 I Bluetooth: HIDP (Human Interface Emulation) ver 1.2
08-04 09:00:03.674     1     1 I Bluetooth: HIDP socket layer initialized
08-04 09:00:03.674     1     1 I l2tp_core: L2TP core driver, V2.0
08-04 09:00:03.674     1     1 I l2tp_ppp: PPPoL2TP kernel driver, V2.0
08-04 09:00:03.674     1     1 I [BT_RFKILL]: Enter rfkill_rk_init
08-04 09:00:03.674     1     1 I [WLAN_RFKILL]: Enter rfkill_wlan_init
08-04 09:00:03.675     1     1 I [WLAN_RFKILL]: Enter rfkill_wlan_probe
08-04 09:00:03.675     1     1 I [WLAN_RFKILL]: wlan_platdata_parse_dt: wifi_chip_type = rtl8733bs
08-04 09:00:03.675     1     1 I [WLAN_RFKILL]: wlan_platdata_parse_dt: enable wifi power control.
08-04 09:00:03.675     1     1 I [WLAN_RFKILL]: wlan_platdata_parse_dt: wifi power controled by gpio.
08-04 09:00:03.675     1     1 I [WLAN_RFKILL]: wlan_platdata_parse_dt: WIFI,host_wake_irq = 56, flags = 0.
08-04 09:00:03.675     1     1 I [WLAN_RFKILL]: wlan_platdata_parse_dt: The ref_wifi_clk not found !
08-04 09:00:03.675     1     1 I [WLAN_RFKILL]: rfkill_wlan_probe: init gpio
08-04 09:00:03.675     1     1 I [WLAN_RFKILL]: rfkill_set_wifi_bt_power: 1
08-04 09:00:03.675     1     1 I [WLAN_RFKILL]: Exit rfkill_wlan_probe
08-04 09:00:03.675     1     1 I [BT_RFKILL]: bluetooth_platdata_parse_dt: get property: uart_rts_gpios = 59.
08-04 09:00:03.675     1     1 I [BT_RFKILL]: bluetooth_platdata_parse_dt: get property: BT,reset_gpio = 0.
08-04 09:00:03.675     1     1 I [BT_RFKILL]: bluetooth_platdata_parse_dt: get property: BT,wake_gpio = 15.
08-04 09:00:03.675     1     1 I [BT_RFKILL]: bluetooth_platdata_parse_dt: get property: BT,wake_host_irq = 65.
08-04 09:00:03.675     1     1 I [BT_RFKILL]: Request irq for bt wakeup host
08-04 09:00:03.675     1     1 I [BT_RFKILL]: ** disable irq
08-04 09:00:03.676     1     1 I [BT_RFKILL]: bt_default device registered.
08-04 09:00:03.676     1     1 I         : registered taskstats version 1
08-04 09:00:03.677     1     1 I         : Loading compiled-in X.509 certificates
08-04 09:00:03.677     1     1 I         : Key type .fscrypt registered
08-04 09:00:03.677     1     1 I         : Key type fscrypt-provisioning registered
08-04 09:00:03.677     1     1 I pstore  : Using crash dump compression: deflate
08-04 09:00:03.677     1     1 I rga2 ff440000.rga: Adding to iommu group 4
08-04 09:00:03.678     1     1 I rga     : rga2, irq = 43, match scheduler
08-04 09:00:03.678     1     1 I rga     : rga2 hardware loaded successfully, hw_version:3.6.92812.
08-04 09:00:03.678     1     1 I rga     : rga2 probe successfully
08-04 09:00:03.678     1     1 I rga_iommu: IOMMU binding successfully, default mapping core[0x4]
08-04 09:00:03.678     1     1 I rga     : Module initialized. v1.2.27
08-04 09:00:03.679    87    87 I mmc2    : SDHCI controller on ff870000.mmc [ff870000.mmc] using ADMA
08-04 09:00:03.717    59    59 I mmc2    : Host Software Queue enabled
08-04 09:00:03.717    59    59 I mmc2    : new HS400 Enhanced strobe MMC card at address 0001
08-04 09:00:03.717    59    59 I mmcblk2 : mmc2:0001 eMMC   29.1 GiB
08-04 09:00:03.718    59    59 I mmcblk2boot0: mmc2:0001 eMMC   partition 1 4.00 MiB
08-04 09:00:03.718    59    59 I mmcblk2boot1: mmc2:0001 eMMC   partition 2 4.00 MiB
08-04 09:00:03.718    59    59 I mmcblk2rpmb: mmc2:0001 eMMC   partition 3 4.00 MiB, chardev (234:0)
08-04 09:00:03.720    59    59 I mmcblk2 : p1 p2 p3 p4 p5 p6 p7 p8 p9 p10 p11 p12 p13 p14 p15
08-04 09:00:03.769    60    60 I usb 1-1 : New USB device found, idVendor=05e3, idProduct=0608, bcdDevice=85.36
08-04 09:00:03.769    60    60 I usb 1-1 : New USB device strings: Mfr=0, Product=1, SerialNumber=0
08-04 09:00:03.769    60    60 I usb 1-1 : Product: USB2.0 Hub
08-04 09:00:03.770    60    60 I hub 1-1 : 1.0: USB hub found
08-04 09:00:03.770    60    60 I hub 1-1 : 1.0: 4 ports detected
08-04 09:00:03.783    99    99 I vendor storage: 20190527 ret = 0
08-04 09:00:03.867     9     9 I         : mmc_host mmc1: Bus speed (slot 0) = 400000Hz (slot req 400000Hz, actual 400000HZ div = 0)
08-04 09:00:03.883     7     7 I rockchip-dmc dmc: bin=0
08-04 09:00:03.883     7     7 I rockchip-dmc dmc: leakage=17
08-04 09:00:03.883     7     7 I rockchip-dmc dmc: leakage-volt-sel=1
08-04 09:00:03.883     7     7 I rockchip-dmc dmc: avs=0
08-04 09:00:03.883     7     7 I rockchip-dmc dmc: current ATF version 0x101
08-04 09:00:03.885     7     7 I rockchip-dmc dmc: normal_rate = 780000000
08-04 09:00:03.885     7     7 I rockchip-dmc dmc: reboot_rate = 1560000000
08-04 09:00:03.885     7     7 I rockchip-dmc dmc: suspend_rate = 324000000
08-04 09:00:03.885     7     7 I rockchip-dmc dmc: video_4k_rate = 780000000
08-04 09:00:03.885     7     7 I rockchip-dmc dmc: video_4k_10b_rate = 780000000
08-04 09:00:03.885     7     7 I rockchip-dmc dmc: boost_rate = 1560000000
08-04 09:00:03.885     7     7 I rockchip-dmc dmc: fixed_rate(isp|cif0|cif1|dualview) = 1560000000
08-04 09:00:03.885     7     7 I rockchip-dmc dmc: performance_rate = 1560000000
08-04 09:00:03.885     7     7 E rockchip-dmc dmc: failed to get vop bandwidth to dmc rate
08-04 09:00:03.885     7     7 E rockchip-dmc dmc: failed to get vop pn to msch rl
08-04 09:00:03.885     7     7 I rockchip-dmc dmc: l=10000 h=2147483647 hyst=5000 l_limit=0 h_limit=0 h_table=0
08-04 09:00:03.886     7     7 E rockchip-dmc dmc: could not find power_model node
