08-04 09:00:08.116   277   277 V Zygote64Timing: BeginPreload took to complete: 199ms
08-04 09:00:08.116   277   277 I Zygote  : Preloading classes...
08-04 09:00:08.250   277   277 I Typeface: Preloading /system/fonts/Roboto-Regular.ttf
08-04 09:00:08.250   277   277 I Typeface: Preloading /system/fonts/RobotoStatic-Regular.ttf
08-04 09:00:08.418   277   277 E ActivityRecognitionHardware: activity_recognition HAL is deprecated. class_init is effectively a no-op
08-04 09:00:08.800   150   150 I hwservicemanager: getTransport: Cannot find entry android.hardware.radio.config@1.1::IRadioConfig/default in either framework or device VINTF manifest.
08-04 09:00:08.800   416   439 E HidlServiceManagement: Service android.hardware.radio.config@1.1::IRadioConfig/default must be in VINTF manifest in order to register/get.
08-04 09:00:08.802   416   439 I HidlServiceManagement: Registered android.hardware.radio@1.2::ISap/slot1
08-04 09:00:09.015   277   432 I zygote64: Background concurrent copying GC freed 169139(7475KB) AllocSpace objects, 29(868KB) LOS objects, 49% free, 7859KB/15MB, paused 182us,33us total 102.739ms
08-04 09:00:09.282   278   451 I zygote  : Verified 4417 classes from mainline modules in 1.209s
08-04 09:00:09.485   277   431 I zygote64: Verified 4417 classes from mainline modules in 1.230s
08-04 09:00:09.730   277   277 D MtpDeviceJNI: register_android_mtp_MtpDevice
08-04 09:00:09.770   277   277 I zygote64: Thread[1,tid=277,Native,Thread*=0xb40000751a5e6010,peer=0x13940078,"main"] recursive attempt to load library "librtp_jni.so"
08-04 09:00:10.202   277   277 W Zygote  : Class not found for preloading: com.android.internal.telephony.ServiceStateTracker$$ExternalSyntheticLambda6
08-04 09:00:10.366   277   277 I Zygote  : ...preloaded 16430 classes in 2250ms.
08-04 09:00:10.366   277   277 V Zygote64Timing: PreloadClasses took to complete: 2250ms
08-04 09:00:10.376   277   277 D ApplicationLoaders: Created zygote-cached class loader: /system/framework/android.hidl.base-V1.0-java.jar
08-04 09:00:10.381   277   277 D ApplicationLoaders: Created zygote-cached class loader: /system/framework/android.hidl.manager-V1.0-java.jar
08-04 09:00:10.386   277   277 D ApplicationLoaders: Created zygote-cached class loader: /system/framework/android.test.base.jar
08-04 09:00:10.386   277   277 V Zygote64Timing: CacheNonBootClasspathClassLoaders took to complete: 21ms
08-04 09:00:10.386   277   277 I Zygote  : Preloading resources...
08-04 09:00:10.411   277   277 W Resources: Preloaded drawable resource #0x1080287 (android:drawable/dialog_background_material) that varies with configuration!!
08-04 09:00:10.446   277   277 I Zygote  : ...preloaded 64 resources in 60ms.
08-04 09:00:10.452   277   277 I Zygote  : ...preloaded 41 resources in 5ms.
08-04 09:00:10.452   277   277 V Zygote64Timing: PreloadResources took to complete: 65ms
08-04 09:00:10.488   277   277 D libEGL  : loaded /vendor/lib64/egl/libGLES_mali.so
08-04 09:00:10.537   277   277 I Zygote  : Preloading shared libraries...
08-04 09:00:10.544   277   277 E zygote64: Unable to find pattern file or unable to map it for am
08-04 09:00:10.548   277   277 I Zygote  : Called ZygoteHooks.endPreload()
08-04 09:00:10.549   277   277 I Zygote  : Installed AndroidKeyStoreProvider in 0ms.
08-04 09:00:10.553   277   277 I Zygote  : Warmed up JCA providers in 4ms.
08-04 09:00:10.553   277   277 D Zygote  : end preload
08-04 09:00:10.553   277   277 V Zygote64Timing: ZygotePreload took to complete: 2636ms
08-04 09:00:11.990    60    60 I usb 1-1.1: new high-speed USB device number 4 using ehci-platform
08-04 09:00:12.091    60    60 I usb 1-1.1: New USB device found, idVendor=2c7c, idProduct=6005, bcdDevice= 3.18
08-04 09:00:12.091    60    60 I usb 1-1.1: New USB device strings: Mfr=1, Product=2, SerialNumber=3
08-04 09:00:12.091    60    60 I usb 1-1.1: Product: Android
08-04 09:00:12.091    60    60 I usb 1-1.1: Manufacturer: Android
08-04 09:00:12.091    60    60 I usb 1-1.1: SerialNumber: 0000
08-04 09:00:12.100    60    60 I cdc_ether 1-1.1: 1.0 usb0: register 'cdc_ether' at usb-fed00000.usb-1.1, CDC Ethernet Device, 02:0c:29:a3:9b:6d
08-04 09:00:12.101    60    60 I option 1-1.1: 1.2: GSM modem (1-port) converter detected
08-04 09:00:12.102    60    60 I usb 1-1.1: GSM modem (1-port) converter now attached to ttyUSB0
08-04 09:00:12.103    60    60 I option 1-1.1: 1.3: GSM modem (1-port) converter detected
08-04 09:00:12.104    60    60 I usb 1-1.1: GSM modem (1-port) converter now attached to ttyUSB1
08-04 09:00:12.105    60    60 I option 1-1.1: 1.4: GSM modem (1-port) converter detected
08-04 09:00:10.670   277   277 I zygote64: Explicit concurrent copying GC freed 22514(1230KB) AllocSpace objects, 1(28KB) LOS objects, 49% free, 9891KB/19MB, paused 55us,32us total 116.384ms
08-04 09:00:12.110    60    60 I usb 1-1.1: GSM modem (1-port) converter now attached to ttyUSB2
08-04 09:00:10.777   277   277 I zygote64: Explicit concurrent copying GC freed 8014(300KB) AllocSpace objects, 0(0B) LOS objects, 49% free, 9622KB/18MB, paused 47us,17us total 105.660ms
08-04 09:00:10.777   277   277 V Zygote64Timing: PostZygoteInitGC took to complete: 225ms
08-04 09:00:10.777   277   277 V Zygote64Timing: ZygoteInit took to complete: 2881ms
08-04 09:00:11.097   275   275 W ServiceManager: Service statscompanion didn't start. Returning NULL
08-04 09:00:11.098   275   275 I statsd  : Statsd starts to listen to socket.
08-04 09:00:11.241   277   277 I zygote64: Background concurrent copying GC freed 117(47KB) AllocSpace objects, 0(0B) LOS objects, 49% free, 9623KB/18MB, paused 37us,17us total 102.879ms
08-04 09:00:11.346   277   277 D Zygote  : Forked child process 474
08-04 09:00:11.346   277   277 I Zygote  : System server process 474 has been created
08-04 09:00:11.348   277   277 I Zygote  : Accepting command socket connections
08-04 09:00:11.707   474   474 I Zygote  : seccomp disabled by setenforce 0
08-04 09:00:11.721   474   474 W system_server: Failed to upload odrefresh metrics: metrics file '/data/misc/odrefresh/odrefresh-metrics.txt' could not be opened: No such file or directory
08-04 09:00:11.724   383   400 I adbd    : jdwp connection from 474
08-04 09:00:11.766   474   474 D SystemServerTiming: InitBeforeStartServices
08-04 09:00:11.768   474   474 I SystemServer: Entered the Android system server!
08-04 09:00:11.823   416   416 I rild    : type=1400 audit(0.0:57): avc: denied { read write } for name="ttyUSB1" dev="tmpfs" ino=581 scontext=u:r:rild:s0 tcontext=u:object_r:usb_serial_device:s0 tclass=chr_file permissive=1
08-04 09:00:11.823   416   416 I rild    : type=1400 audit(0.0:58): avc: denied { open } for path="/dev/ttyUSB1" dev="tmpfs" ino=581 scontext=u:r:rild:s0 tcontext=u:object_r:usb_serial_device:s0 tclass=chr_file permissive=1
08-04 09:00:11.826   416   416 I rild    : type=1400 audit(0.0:59): avc: denied { ioctl } for path="/dev/ttyUSB1" dev="tmpfs" ino=581 ioctlcmd=0x5401 scontext=u:r:rild:s0 tcontext=u:object_r:usb_serial_device:s0 tclass=chr_file permissive=1
08-04 09:00:12.062   474   474 I SystemServerInitThreadPool: Creating instance with 4 threads
08-04 09:00:12.601   474   474 V SystemServerTiming: InitBeforeStartServices took to complete: 835ms
08-04 09:00:12.601   474   474 D SystemServerTiming: StartServices
08-04 09:00:12.601   474   474 D SystemServerTiming: startBootstrapServices
08-04 09:00:12.601   474   474 D SystemServerTiming: StartWatchdog
08-04 09:00:12.612   474   474 V SystemServerTiming: StartWatchdog took to complete: 11ms
08-04 09:00:12.612   474   474 I SystemServer: Reading configuration...
08-04 09:00:12.612   474   474 D SystemServerTiming: ReadingSystemConfig
08-04 09:00:12.613   474   474 V SystemServerTiming: ReadingSystemConfig took to complete: 1ms
08-04 09:00:12.613   474   474 D SystemServerTiming: PlatformCompat
08-04 09:00:12.613   474   501 D SystemServerTimingAsync: InitThreadPoolExec:ReadingSystemConfig
08-04 09:00:12.613   474   501 D SystemServerInitThreadPool: Started executing ReadingSystemConfig
08-04 09:00:12.614   474   474 D CompatConfig: Found a config file: /system/etc/compatconfig/documents-ui-compat-config.xml
08-04 09:00:12.615   474   501 I SystemConfig: Reading permissions from /system/etc/sysconfig/framework-sysconfig.xml
08-04 09:00:12.615   474   474 D CompatConfig: Adding: com.android.server.compat.config.Change@b586685
08-04 09:00:12.616   474   474 D CompatConfig: Found a config file: /system/etc/compatconfig/calendar-provider-compat-config.xml
08-04 09:00:12.617   474   501 I incfs   : Initial API level of the device: 33
08-04 09:00:12.617   474   501 I incfs   : ro.incremental.enable: yes
08-04 09:00:12.617   474   501 I incfs   : isFsAvailable: true
08-04 09:00:12.617   474   501 I incfs   : isFsAvailable: true
08-04 09:00:12.617   474   474 D CompatConfig: Adding: com.android.server.compat.config.Change@2f4250b
08-04 09:00:12.617   474   501 I incfs   : IncFs_Features: v2
08-04 09:00:12.618   474   474 D CompatConfig: Found a config file: /system/etc/compatconfig/contacts-provider-platform-compat-config.xml
08-04 09:00:12.618   474   501 I SystemConfig: Reading permissions from /system/etc/sysconfig/preinstalled-packages-platform-full-base.xml
08-04 09:00:12.620   474   474 D CompatConfig: Found a config file: /system/etc/compatconfig/framework-platform-compat-config.xml
08-04 09:00:12.620   474   501 I SystemConfig: Reading permissions from /system/etc/sysconfig/preinstalled-packages-platform.xml
08-04 09:00:12.622   474   501 I SystemConfig: Reading permissions from /system/etc/sysconfig/hiddenapi-package-whitelist.xml
08-04 09:00:12.623   474   501 I SystemConfig: Reading permissions from /system/etc/sysconfig/preinstalled-packages-com.android.providers.media.module.xml
08-04 09:00:12.624   474   474 D CompatConfig: Adding: com.android.server.compat.config.Change@9bbad32
08-04 09:00:12.624   474   474 D CompatConfig: Adding: com.android.server.compat.config.Change@a5a2a83
08-04 09:00:12.624   474   474 D CompatConfig: Adding: com.android.server.compat.config.Change@5aa3400
08-04 09:00:12.624   474   474 D CompatConfig: Adding: com.android.server.compat.config.Change@d505439
08-04 09:00:12.624   474   474 D CompatConfig: Adding: com.android.server.compat.config.Change@1f36a7e
08-04 09:00:12.624   474   474 D CompatConfig: Adding: com.android.server.compat.config.Change@a8aebdf
08-04 09:00:12.624   474   474 D CompatConfig: Adding: com.android.server.compat.config.Change@e7e902c
08-04 09:00:12.624   474   474 D CompatConfig: Adding: com.android.server.compat.config.Change@9d8faf5
08-04 09:00:12.624   474   474 D CompatConfig: Adding: com.android.server.compat.config.Change@c57b08a
08-04 09:00:12.624   474   474 D CompatConfig: Adding: com.android.server.compat.config.Change@ddc66fb
08-04 09:00:12.624   474   474 D CompatConfig: Adding: com.android.server.compat.config.Change@f5a8318
08-04 09:00:12.624   474   474 D CompatConfig: Adding: com.android.server.compat.config.Change@a0b5171
08-04 09:00:12.624   474   474 D CompatConfig: Adding: com.android.server.compat.config.Change@8084b56
08-04 09:00:12.624   474   474 D CompatConfig: Adding: com.android.server.compat.config.Change@d0077d7
08-04 09:00:12.624   474   474 D CompatConfig: Adding: com.android.server.compat.config.Change@500b8c4
08-04 09:00:12.624   474   474 D CompatConfig: Adding: com.android.server.compat.config.Change@53293ad
08-04 09:00:12.624   474   474 D CompatConfig: Adding: com.android.server.compat.config.Change@455c6e2
08-04 09:00:12.624   474   474 D CompatConfig: Adding: com.android.server.compat.config.Change@feaba73
08-04 09:00:12.624   474   474 D CompatConfig: Adding: com.android.server.compat.config.Change@3b29d30
08-04 09:00:12.624   474   474 D CompatConfig: Adding: com.android.server.compat.config.Change@211bda9
08-04 09:00:12.624   474   474 D CompatConfig: Adding: com.android.server.compat.config.Change@30d6f2e
08-04 09:00:12.624   474   474 D CompatConfig: Adding: com.android.server.compat.config.Change@2c8acf
08-04 09:00:12.624   474   474 D CompatConfig: Adding: com.android.server.compat.config.Change@5c5c5c
08-04 09:00:12.624   474   474 D CompatConfig: Adding: com.android.server.compat.config.Change@69f8b65
08-04 09:00:12.624   474   474 D CompatConfig: Adding: com.android.server.compat.config.Change@385503a
08-04 09:00:12.625   474   474 D CompatConfig: Adding: com.android.server.compat.config.Change@51104eb
08-04 09:00:12.625   474   474 D CompatConfig: Adding: com.android.server.compat.config.Change@80e248
08-04 09:00:12.625   474   474 D CompatConfig: Adding: com.android.server.compat.config.Change@78278e1
08-04 09:00:12.625   474   474 D CompatConfig: Adding: com.android.server.compat.config.Change@2683606
08-04 09:00:12.625   474   474 D CompatConfig: Adding: com.android.server.compat.config.Change@57904c7
08-04 09:00:12.625   474   474 D CompatConfig: Adding: com.android.server.compat.config.Change@ce5daf4
08-04 09:00:12.625   474   474 D CompatConfig: Adding: com.android.server.compat.config.Change@34cc21d
08-04 09:00:12.625   474   474 D CompatConfig: Adding: com.android.server.compat.config.Change@a41ac92
08-04 09:00:12.625   474   474 D CompatConfig: Adding: com.android.server.compat.config.Change@b772663
08-04 09:00:12.625   474   474 D CompatConfig: Adding: com.android.server.compat.config.Change@5786319
08-04 09:00:12.625   474   474 D CompatConfig: Adding: com.android.server.compat.config.Change@c9ffde
08-04 09:00:12.625   474   474 D CompatConfig: Adding: com.android.server.compat.config.Change@5abc5bf
08-04 09:00:12.625   474   474 D CompatConfig: Adding: com.android.server.compat.config.Change@11d948c
08-04 09:00:12.625   474   501 I SystemConfig: Reading permissions from /system/etc/sysconfig/wakeup-alarmalign-whitelist.xml
08-04 09:00:12.625   474   474 D CompatConfig: Adding: com.android.server.compat.config.Change@d2317d5
08-04 09:00:12.625   474   474 D CompatConfig: Adding: com.android.server.compat.config.Change@cf23bea
08-04 09:00:12.625   474   474 D CompatConfig: Adding: com.android.server.compat.config.Change@260fedb
08-04 09:00:12.625   474   474 D CompatConfig: Adding: com.android.server.compat.config.Change@9556d78
08-04 09:00:12.625   474   474 D CompatConfig: Adding: com.android.server.compat.config.Change@38a5c51
08-04 09:00:12.625   474   474 D CompatConfig: Adding: com.android.server.compat.config.Change@1b02cb6
08-04 09:00:12.625   474   474 D CompatConfig: Adding: com.android.server.compat.config.Change@66adb7
08-04 09:00:12.625   474   474 D CompatConfig: Adding: com.android.server.compat.config.Change@72fe924
08-04 09:00:12.625   474   474 D CompatConfig: Adding: com.android.server.compat.config.Change@e476c8d
08-04 09:00:12.625   474   474 D CompatConfig: Adding: com.android.server.compat.config.Change@98a5e42
08-04 09:00:12.625   474   474 D CompatConfig: Adding: com.android.server.compat.config.Change@1ae6e53
08-04 09:00:12.625   474   474 D CompatConfig: Adding: com.android.server.compat.config.Change@4147390
08-04 09:00:12.625   474   474 D CompatConfig: Adding: com.android.server.compat.config.Change@94b4489
08-04 09:00:12.625   474   474 D CompatConfig: Adding: com.android.server.compat.config.Change@ee41c8e
08-04 09:00:12.625   474   474 D CompatConfig: Adding: com.android.server.compat.config.Change@ba79caf
08-04 09:00:12.625   474   474 D CompatConfig: Adding: com.android.server.compat.config.Change@67538bc
08-04 09:00:12.625   474   474 D CompatConfig: Adding: com.android.server.compat.config.Change@49aa045
08-04 09:00:12.625   474   474 D CompatConfig: Adding: com.android.server.compat.config.Change@d09739a
08-04 09:00:12.625   474   474 D CompatConfig: Adding: com.android.server.compat.config.Change@15b54cb
08-04 09:00:12.625   474   474 D CompatConfig: Adding: com.android.server.compat.config.Change@7bb24a8
08-04 09:00:12.625   474   474 D CompatConfig: Adding: com.android.server.compat.config.Change@1c9fbc1
08-04 09:00:12.626   474   474 D CompatConfig: Adding: com.android.server.compat.config.Change@5fb2f66
08-04 09:00:12.626   474   474 D CompatConfig: Adding: com.android.server.compat.config.Change@34872a7
08-04 09:00:12.626   474   474 D CompatConfig: Adding: com.android.server.compat.config.Change@cf1e354
08-04 09:00:12.626   474   474 D CompatConfig: Adding: com.android.server.compat.config.Change@d3992fd
08-04 09:00:12.626   474   474 D CompatConfig: Adding: com.android.server.compat.config.Change@8fadbf2
08-04 09:00:12.626   474   474 D CompatConfig: Adding: com.android.server.compat.config.Change@ff9243
08-04 09:00:12.626   474   474 D CompatConfig: Adding: com.android.server.compat.config.Change@e33e0c0
08-04 09:00:12.626   474   474 D CompatConfig: Adding: com.android.server.compat.config.Change@f1161f9
08-04 09:00:12.626   474   474 D CompatConfig: Adding: com.android.server.compat.config.Change@5d6c53e
08-04 09:00:12.626   474   474 D CompatConfig: Adding: com.android.server.compat.config.Change@87f0f9f
08-04 09:00:12.626   474   474 D CompatConfig: Adding: com.android.server.compat.config.Change@8d648ec
08-04 09:00:12.626   474   474 D CompatConfig: Adding: com.android.server.compat.config.Change@ffd24b5
08-04 09:00:12.626   474   474 D CompatConfig: Adding: com.android.server.compat.config.Change@8f5f74a
08-04 09:00:12.626   474   474 D CompatConfig: Adding: com.android.server.compat.config.Change@f4f06bb
08-04 09:00:12.626   474   474 D CompatConfig: Adding: com.android.server.compat.config.Change@85507d8
08-04 09:00:12.626   474   474 D CompatConfig: Adding: com.android.server.compat.config.Change@da85731
08-04 09:00:12.626   474   474 D CompatConfig: Adding: com.android.server.compat.config.Change@c243e16
08-04 09:00:12.626   474   474 D CompatConfig: Adding: com.android.server.compat.config.Change@15d5397
08-04 09:00:12.626   474   474 D CompatConfig: Adding: com.android.server.compat.config.Change@1fec984
08-04 09:00:12.626   474   474 D CompatConfig: Adding: com.android.server.compat.config.Change@afa356d
08-04 09:00:12.626   474   474 D CompatConfig: Adding: com.android.server.compat.config.Change@81e25a2
08-04 09:00:12.626   474   474 D CompatConfig: Adding: com.android.server.compat.config.Change@1999233
08-04 09:00:12.626   474   474 D CompatConfig: Adding: com.android.server.compat.config.Change@f60f9f0
08-04 09:00:12.626   474   474 D CompatConfig: Adding: com.android.server.compat.config.Change@811bb69
08-04 09:00:12.626   474   474 D CompatConfig: Adding: com.android.server.compat.config.Change@2dcf9ee
08-04 09:00:12.626   474   474 D CompatConfig: Adding: com.android.server.compat.config.Change@8511e8f
08-04 09:00:12.626   474   474 D CompatConfig: Adding: com.android.server.compat.config.Change@373c51c
08-04 09:00:12.626   474   474 D CompatConfig: Adding: com.android.server.compat.config.Change@e01a525
08-04 09:00:12.626   474   474 D CompatConfig: Adding: com.android.server.compat.config.Change@6a2c6fa
08-04 09:00:12.626   474   474 D CompatConfig: Adding: com.android.server.compat.config.Change@b4b14ab
08-04 09:00:12.626   474   474 D CompatConfig: Adding: com.android.server.compat.config.Change@6861708
08-04 09:00:12.626   474   474 D CompatConfig: Adding: com.android.server.compat.config.Change@a4c6ea1
08-04 09:00:12.626   474   474 D CompatConfig: Adding: com.android.server.compat.config.Change@dc658c6
08-04 09:00:12.626   474   474 D CompatConfig: Adding: com.android.server.compat.config.Change@ba45087
08-04 09:00:12.626   474   474 D CompatConfig: Adding: com.android.server.compat.config.Change@4e99bb4
08-04 09:00:12.627   474   474 D CompatConfig: Adding: com.android.server.compat.config.Change@62053dd
08-04 09:00:12.627   474   474 D CompatConfig: Adding: com.android.server.compat.config.Change@f3f3b52
08-04 09:00:12.627   474   474 D CompatConfig: Adding: com.android.server.compat.config.Change@56b6e23
08-04 09:00:12.627   474   474 D CompatConfig: Adding: com.android.server.compat.config.Change@c5ebf20
08-04 09:00:12.627   474   474 D CompatConfig: Adding: com.android.server.compat.config.Change@55350d9
08-04 09:00:12.627   474   474 D CompatConfig: Adding: com.android.server.compat.config.Change@7f1ba9e
08-04 09:00:12.627   474   501 I SystemConfig: Reading permissions from /system/etc/permissions/com.android.location.provider.xml
08-04 09:00:12.627   474   474 D CompatConfig: Found a config file: /system/etc/compatconfig/TeleService-platform-compat-config.xml
08-04 09:00:12.628   474   474 D CompatConfig: Adding: com.android.server.compat.config.Change@91f2195
08-04 09:00:12.628   474   474 D CompatConfig: Adding: com.android.server.compat.config.Change@61e7e9b
08-04 09:00:12.629   474   474 D CompatConfig: Adding: com.android.server.compat.config.Change@c715238
08-04 09:00:12.629   474   474 D CompatConfig: Adding: com.android.server.compat.config.Change@29d4211
08-04 09:00:12.629   474   501 I SystemConfig: Reading permissions from /system/etc/permissions/com.android.future.usb.accessory.xml
08-04 09:00:12.629   474   474 D CompatConfig: Adding: com.android.server.compat.config.Change@13c7f76
08-04 09:00:12.629   474   474 D CompatConfig: Adding: com.android.server.compat.config.Change@dc6977
08-04 09:00:12.629   474   474 D CompatConfig: Found a config file: /system/etc/compatconfig/icu4j-platform-compat-config.xml
08-04 09:00:12.630   474   474 D CompatConfig: Adding: com.android.server.compat.config.Change@102ee4d
08-04 09:00:12.631   474   501 I SystemConfig: Reading permissions from /system/etc/permissions/privapp_allowlist_com.android.providers.media.module.xml
08-04 09:00:12.631   474   474 D CompatConfig: Found a config file: /system/etc/compatconfig/services-platform-compat-config.xml
08-04 09:00:12.633   474   501 I SystemConfig: Reading permissions from /system/etc/permissions/android.test.runner.xml
08-04 09:00:12.634   474   474 D CompatConfig: Adding: com.android.server.compat.config.Change@79d2249
08-04 09:00:12.634   474   474 D CompatConfig: Adding: com.android.server.compat.config.Change@e21106f
08-04 09:00:12.634   474   474 D CompatConfig: Adding: com.android.server.compat.config.Change@bf0017c
08-04 09:00:12.634   474   501 I SystemConfig: Reading permissions from /system/etc/permissions/android.test.mock.xml
08-04 09:00:12.634   474   474 D CompatConfig: Adding: com.android.server.compat.config.Change@78c9a05
08-04 09:00:12.634   474   474 D CompatConfig: Adding: com.android.server.compat.config.Change@2a94a5a
08-04 09:00:12.634   474   474 D CompatConfig: Adding: com.android.server.compat.config.Change@258448b
08-04 09:00:12.634   474   474 D CompatConfig: Adding: com.android.server.compat.config.Change@2f9b968
08-04 09:00:12.634   474   474 D CompatConfig: Adding: com.android.server.compat.config.Change@941d181
08-04 09:00:12.634   474   474 D CompatConfig: Adding: com.android.server.compat.config.Change@9a1b226
08-04 09:00:12.634   474   474 D CompatConfig: Adding: com.android.server.compat.config.Change@d849e67
08-04 09:00:12.635   474   474 D CompatConfig: Adding: com.android.server.compat.config.Change@4650414
08-04 09:00:12.635   474   474 D CompatConfig: Adding: com.android.server.compat.config.Change@1b904bd
08-04 09:00:12.635   474   474 D CompatConfig: Adding: com.android.server.compat.config.Change@266cab2
08-04 09:00:12.635   474   474 D CompatConfig: Adding: com.android.server.compat.config.Change@f32ba03
08-04 09:00:12.635   474   474 D CompatConfig: Adding: com.android.server.compat.config.Change@e984d80
08-04 09:00:12.635   474   474 D CompatConfig: Adding: com.android.server.compat.config.Change@f762fb9
08-04 09:00:12.635   474   474 D CompatConfig: Adding: com.android.server.compat.config.Change@9f2dffe
08-04 09:00:12.635   474   474 D CompatConfig: Adding: com.android.server.compat.config.Change@91cf35f
08-04 09:00:12.635   474   474 D CompatConfig: Adding: com.android.server.compat.config.Change@df4c1ac
08-04 09:00:12.635   474   474 D CompatConfig: Adding: com.android.server.compat.config.Change@b410e75
08-04 09:00:12.635   474   474 D CompatConfig: Adding: com.android.server.compat.config.Change@98fe0a
08-04 09:00:12.635   474   474 D CompatConfig: Adding: com.android.server.compat.config.Change@447667b
08-04 09:00:12.635   474   474 D CompatConfig: Adding: com.android.server.compat.config.Change@1c24c98
08-04 09:00:12.635   474   474 D CompatConfig: Adding: com.android.server.compat.config.Change@8a11cf1
08-04 09:00:12.635   474   474 D CompatConfig: Adding: com.android.server.compat.config.Change@6d0f0d6
08-04 09:00:12.635   474   474 D CompatConfig: Adding: com.android.server.compat.config.Change@bdbef57
08-04 09:00:12.635   474   474 D CompatConfig: Adding: com.android.server.compat.config.Change@3db9a44
08-04 09:00:12.635   474   474 D CompatConfig: Adding: com.android.server.compat.config.Change@219972d
08-04 09:00:12.635   474   474 D CompatConfig: Adding: com.android.server.compat.config.Change@ac34462
08-04 09:00:12.635   474   474 D CompatConfig: Adding: com.android.server.compat.config.Change@9c629f3
08-04 09:00:12.635   474   474 D CompatConfig: Adding: com.android.server.compat.config.Change@f1a16b0
08-04 09:00:12.635   474   474 D CompatConfig: Adding: com.android.server.compat.config.Change@d257929
08-04 09:00:12.635   474   474 D CompatConfig: Adding: com.android.server.compat.config.Change@29544ae
08-04 09:00:12.635   474   474 D CompatConfig: Adding: com.android.server.compat.config.Change@10f724f
08-04 09:00:12.635   474   474 D CompatConfig: Adding: com.android.server.compat.config.Change@81eddc
08-04 09:00:12.635   474   474 D CompatConfig: Adding: com.android.server.compat.config.Change@1f37ee5
08-04 09:00:12.635   474   474 D CompatConfig: Adding: com.android.server.compat.config.Change@f74fdba
08-04 09:00:12.635   474   474 D CompatConfig: Adding: com.android.server.compat.config.Change@1fae46b
08-04 09:00:12.635   474   474 D CompatConfig: Adding: com.android.server.compat.config.Change@f2e0bc8
08-04 09:00:12.635   474   474 D CompatConfig: Adding: com.android.server.compat.config.Change@2e22461
08-04 09:00:12.635   474   474 D CompatConfig: Adding: com.android.server.compat.config.Change@5653b86
08-04 09:00:12.635   474   474 D CompatConfig: Adding: com.android.server.compat.config.Change@3e15c47
08-04 09:00:12.635   474   474 D CompatConfig: Adding: com.android.server.compat.config.Change@6fc1c74
08-04 09:00:12.635   474   474 D CompatConfig: Adding: com.android.server.compat.config.Change@fbba59d
08-04 09:00:12.635   474   474 D CompatConfig: Adding: com.android.server.compat.config.Change@3c98a12
08-04 09:00:12.635   474   474 D CompatConfig: Adding: com.android.server.compat.config.Change@cd75e3
08-04 09:00:12.635   474   474 D CompatConfig: Adding: com.android.server.compat.config.Change@1f88be0
08-04 09:00:12.636   474   474 D CompatConfig: Adding: com.android.server.compat.config.Change@b1fe99
08-04 09:00:12.636   474   474 D CompatConfig: Adding: com.android.server.compat.config.Change@ab2355e
08-04 09:00:12.636   474   474 D CompatConfig: Adding: com.android.server.compat.config.Change@c8a860c
08-04 09:00:12.636   474   474 D CompatConfig: Adding: com.android.server.compat.config.Change@51aeb55
08-04 09:00:12.636   474   474 D CompatConfig: Adding: com.android.server.compat.config.Change@8e8496a
08-04 09:00:12.636   474   474 D CompatConfig: Adding: com.android.server.compat.config.Change@341be5b
08-04 09:00:12.636   474   474 D CompatConfig: Adding: com.android.server.compat.config.Change@5ff6f8
08-04 09:00:12.636   474   501 I SystemConfig: Reading permissions from /system/etc/permissions/com.android.mediadrm.signer.xml
08-04 09:00:12.636   474   474 D CompatConfig: Adding: com.android.server.compat.config.Change@1ebe7d1
08-04 09:00:12.636   474   474 D CompatConfig: Adding: com.android.server.compat.config.Change@eb99236
08-04 09:00:12.636   474   474 D CompatConfig: Adding: com.android.server.compat.config.Change@b53e537
08-04 09:00:12.636   474   474 D CompatConfig: Adding: com.android.server.compat.config.Change@2198aa4
08-04 09:00:12.636   474   474 D CompatConfig: Adding: com.android.server.compat.config.Change@bf6300d
08-04 09:00:12.636   474   474 D CompatConfig: Adding: com.android.server.compat.config.Change@1849bc2
08-04 09:00:12.636   474   474 D CompatConfig: Adding: com.android.server.compat.config.Change@6f79dd3
08-04 09:00:12.636   474   474 D CompatConfig: Adding: com.android.server.compat.config.Change@db6ad10
08-04 09:00:12.636   474   474 D CompatConfig: Adding: com.android.server.compat.config.Change@9e2c009
08-04 09:00:12.636   474   474 D CompatConfig: Adding: com.android.server.compat.config.Change@c04b20e
08-04 09:00:12.636   474   474 D CompatConfig: Adding: com.android.server.compat.config.Change@114442f
08-04 09:00:12.637   474   474 D CompatConfig: Found a config file: /system/system_ext/etc/compatconfig/settings-platform-compat-config.xml
08-04 09:00:12.637   474   501 I SystemConfig: Reading permissions from /system/etc/permissions/rockchip.software.display.xml
08-04 09:00:12.638   474   474 D CompatConfig: Adding: com.android.server.compat.config.Change@75de11a
08-04 09:00:12.639   474   501 I SystemConfig: Reading permissions from /system/etc/permissions/javax.obex.xml
08-04 09:00:12.640   474   474 D CompatConfig: Found a config file: /apex/com.android.wifi/etc/compatconfig/wifi-compat-config.xml
08-04 09:00:12.641   474   501 I SystemConfig: Reading permissions from /system/etc/permissions/com.android.intentresolver.xml
08-04 09:00:12.641   474   474 D CompatConfig: Adding: com.android.server.compat.config.Change@8e8f4e6
08-04 09:00:12.641   474   474 D CompatConfig: Adding: com.android.server.compat.config.Change@5b28a27
08-04 09:00:12.642   474   474 D CompatConfig: No directory /apex/com.android.vndk.v33/etc/compatconfig, skipping
08-04 09:00:12.643   474   501 I SystemConfig: Reading permissions from /system/etc/permissions/com.android.media.remotedisplay.xml
08-04 09:00:12.643   474   474 D CompatConfig: No directory /apex/com.android.uwb/etc/compatconfig, skipping
08-04 09:00:12.643   474   474 D CompatConfig: No directory /apex/com.android.tzdata/etc/compatconfig, skipping
08-04 09:00:12.643   406   425 W ServiceManager: Service package_native didn't start. Returning NULL
08-04 09:00:12.643   406   425 E ServiceUtilities: getInfo: Cannot find package_native
08-04 09:00:12.644   474   474 D CompatConfig: Found a config file: /apex/com.android.tethering/etc/compatconfig/connectivity-platform-compat-config.xml
08-04 09:00:12.645   474   474 D CompatConfig: Adding: com.android.server.compat.config.Change@bf7972
08-04 09:00:12.645   474   501 I SystemConfig: Reading permissions from /system/etc/permissions/android.software.webview.xml
08-04 09:00:12.646   474   474 D CompatConfig: No directory /apex/com.android.sdkext/etc/compatconfig, skipping
08-04 09:00:12.646   474   474 D CompatConfig: No directory /apex/com.android.scheduling/etc/compatconfig, skipping
08-04 09:00:12.646   474   501 I SystemConfig: Reading permissions from /system/etc/permissions/com.android.documentsui.xml
08-04 09:00:12.647   474   474 D CompatConfig: No directory /apex/com.android.runtime/etc/compatconfig, skipping
08-04 09:00:12.647   474   474 D CompatConfig: No directory /apex/com.android.resolv/etc/compatconfig, skipping
08-04 09:00:12.647   474   474 D CompatConfig: No directory /apex/com.android.permission/etc/compatconfig, skipping
08-04 09:00:12.647   474   474 D CompatConfig: No directory /apex/com.android.os.statsd/etc/compatconfig, skipping
08-04 09:00:12.648   474   474 D CompatConfig: No directory /apex/com.android.ondevicepersonalization/etc/compatconfig, skipping
08-04 09:00:12.648   474   474 D CompatConfig: No directory /apex/com.android.neuralnetworks/etc/compatconfig, skipping
08-04 09:00:12.648   474   501 I SystemConfig: Reading permissions from /system/etc/permissions/privapp-permissions-platform.xml
08-04 09:00:12.648   474   474 D CompatConfig: Found a config file: /apex/com.android.mediaprovider/etc/compatconfig/media-provider-platform-compat-config.xml
08-04 09:00:12.649   474   474 D CompatConfig: Adding: com.android.server.compat.config.Change@c24971f
08-04 09:00:12.649   474   474 D CompatConfig: Adding: com.android.server.compat.config.Change@299fa6c
08-04 09:00:12.649   474   474 D CompatConfig: Adding: com.android.server.compat.config.Change@164b835
08-04 09:00:12.649   474   474 D CompatConfig: Adding: com.android.server.compat.config.Change@600c4ca
08-04 09:00:12.650   474   474 D CompatConfig: Adding: com.android.server.compat.config.Change@885863b
08-04 09:00:12.650   474   474 D CompatConfig: Adding: com.android.server.compat.config.Change@c625158
08-04 09:00:12.650   474   474 D CompatConfig: Adding: com.android.server.compat.config.Change@cb5a2b1
08-04 09:00:12.650   474   474 D CompatConfig: No directory /apex/com.android.media.swcodec/etc/compatconfig, skipping
08-04 09:00:12.651   474   474 D CompatConfig: No directory /apex/com.android.media/etc/compatconfig, skipping
08-04 09:00:12.651   474   474 D CompatConfig: No directory /apex/com.android.ipsec/etc/compatconfig, skipping
08-04 09:00:12.651   474   474 D CompatConfig: No directory /apex/com.android.i18n/etc/compatconfig, skipping
08-04 09:00:12.651   474   474 D CompatConfig: No directory /apex/com.android.extservices/etc/compatconfig, skipping
08-04 09:00:12.651   474   474 D CompatConfig: No directory /apex/com.android.conscrypt/etc/compatconfig, skipping
08-04 09:00:12.652   474   474 D CompatConfig: Found a config file: /apex/com.android.btservices/etc/compatconfig/bluetooth-compat-config.xml
08-04 09:00:12.653   474   474 D CompatConfig: Adding: com.android.server.compat.config.Change@43c4b17
08-04 09:00:12.655   474   474 D CompatConfig: Found a config file: /apex/com.android.art/etc/compatconfig/libcore-platform-compat-config.xml
08-04 09:00:12.656   474   501 I SystemConfig: Reading permissions from /system/etc/permissions/org.apache.http.legacy.xml
08-04 09:00:12.656   474   474 D CompatConfig: Adding: com.android.server.compat.config.Change@7052322
08-04 09:00:12.656   474   474 D CompatConfig: Adding: com.android.server.compat.config.Change@c3081b3
08-04 09:00:12.656   474   474 D CompatConfig: Adding: com.android.server.compat.config.Change@b9df370
08-04 09:00:12.656   474   474 D CompatConfig: Adding: com.android.server.compat.config.Change@b0cf6e9
08-04 09:00:12.656   474   474 D CompatConfig: Adding: com.android.server.compat.config.Change@8f64f6e
08-04 09:00:12.656   474   474 D CompatConfig: Adding: com.android.server.compat.config.Change@a27860f
08-04 09:00:12.657   474   474 D CompatConfig: No directory /apex/com.android.appsearch/etc/compatconfig, skipping
08-04 09:00:12.657   474   501 I SystemConfig: Reading permissions from /system/etc/permissions/privapp_allowlist_com.android.adservices.api.xml
08-04 09:00:12.658   474   474 D CompatConfig: No directory /apex/com.android.adservices/etc/compatconfig, skipping
08-04 09:00:12.658   474   474 D CompatConfig: No directory /apex/com.android.adbd/etc/compatconfig, skipping
08-04 09:00:12.659   474   501 I SystemConfig: Reading permissions from /system/etc/permissions/android.test.base.xml
08-04 09:00:12.661   474   501 I SystemConfig: Reading permissions from /system/etc/permissions/android.software.live_wallpaper.xml
08-04 09:00:12.661   474   474 V SystemServerTiming: PlatformCompat took to complete: 48ms
08-04 09:00:12.661   474   474 D SystemServerTiming: StartFileIntegrityService
08-04 09:00:12.661   474   474 I SystemServiceManager: Starting com.android.server.security.FileIntegrityService
08-04 09:00:12.662   474   501 I SystemConfig: Reading permissions from /system/etc/permissions/platform.xml
08-04 09:00:12.664   474   474 V SystemServerTiming: StartFileIntegrityService took to complete: 3ms
08-04 09:00:12.664   474   474 D SystemServerTiming: StartInstaller
08-04 09:00:12.664   474   474 I SystemServiceManager: Starting com.android.server.pm.Installer
08-04 09:00:12.667   402   418 D installd: Found quota mount /dev/block/dm-8 at /data
08-04 09:00:12.667   402   418 D installd: Found quota mount /dev/block/dm-8 at /data/user/0
08-04 09:00:12.669   474   474 V SystemServerTiming: StartInstaller took to complete: 5ms
08-04 09:00:12.669   474   501 I SystemConfig: Reading permissions from /vendor/etc/permissions/tablet_core_hardware.xml
08-04 09:00:12.669   474   474 D SystemServerTiming: DeviceIdentifiersPolicyService
08-04 09:00:12.669   474   474 I SystemServiceManager: Starting com.android.server.os.DeviceIdentifiersPolicyService
08-04 09:00:12.670   474   474 V SystemServerTiming: DeviceIdentifiersPolicyService took to complete: 1ms
08-04 09:00:12.670   474   474 D SystemServerTiming: UriGrantsManagerService
08-04 09:00:12.670   474   474 I SystemServiceManager: Starting com.android.server.uri.UriGrantsManagerService$Lifecycle
08-04 09:00:12.672   474   474 V SystemServerTiming: UriGrantsManagerService took to complete: 2ms
08-04 09:00:12.672   474   474 D SystemServerTiming: StartPowerStatsService
08-04 09:00:12.672   474   474 I SystemServiceManager: Starting com.android.server.powerstats.PowerStatsService
08-04 09:00:12.672   474   501 I SystemConfig: Reading permissions from /vendor/etc/permissions/android.hardware.vulkan.level-0.xml
08-04 09:00:12.673   149   149 I servicemanager: Could not find android.hardware.power.stats.IPowerStats/default in the VINTF manifest.
08-04 09:00:12.674   474   501 I SystemConfig: Reading permissions from /vendor/etc/permissions/android.hardware.usb.accessory.xml
08-04 09:00:12.675   150   150 I hwservicemanager: getTransport: Cannot find entry android.hardware.power.stats@1.0::IPowerStats/default in either framework or device VINTF manifest.
08-04 09:00:12.675   474   474 E PowerStatsService: Unable to get power.stats HAL service.
08-04 09:00:12.675   474   474 E PowerStatsService: nativeInit failed to connect to power.stats HAL
08-04 09:00:12.676   474   474 V SystemServerTiming: StartPowerStatsService took to complete: 4ms
08-04 09:00:12.676   474   474 D SystemServerTiming: StartIStatsService
08-04 09:00:12.676   474   501 I SystemConfig: Reading permissions from /vendor/etc/permissions/android.hardware.vulkan.compute-0.xml
08-04 09:00:12.676   150   150 I hwservicemanager: getTransport: Cannot find entry android.frameworks.stats@1.0::IStats/default in either framework or device VINTF manifest.
08-04 09:00:12.677   474   474 E HidlServiceManagement: Service android.frameworks.stats@1.0::IStats/default must be in VINTF manifest in order to register/get.
08-04 09:00:12.677   474   474 W system_server: Cannot register HIDL android.frameworks.stats@1.0::IStats: -2147483648
08-04 09:00:12.677   149   149 I servicemanager: Found android.frameworks.stats.IStats/default in framework VINTF manifest.
08-04 09:00:12.678   474   474 V SystemServerTiming: StartIStatsService took to complete: 2ms
08-04 09:00:12.678   474   474 D SystemServerTiming: MemtrackProxyService
08-04 09:00:12.678   150   150 I hwservicemanager: getTransport: Cannot find entry android.hardware.memtrack@1.0::IMemtrack/default in either framework or device VINTF manifest.
08-04 09:00:12.679   474   501 I SystemConfig: Reading permissions from /vendor/etc/permissions/android.software.ipsec_tunnels.xml
08-04 09:00:12.679   149   149 I servicemanager: Could not find android.hardware.memtrack.IMemtrack/default in the VINTF manifest.
08-04 09:00:12.679   474   474 I Stability: Interface set with vintf stability downgraded to system stability stability
08-04 09:00:12.680   474   474 V SystemServerTiming: MemtrackProxyService took to complete: 2ms
08-04 09:00:12.680   474   474 D SystemServerTiming: StartActivityManager
08-04 09:00:12.680   474   474 I SystemServiceManager: Starting com.android.server.wm.ActivityTaskManagerService$Lifecycle
08-04 09:00:12.682   474   501 I SystemConfig: Reading permissions from /vendor/etc/permissions/android.hardware.usb.host.xml
08-04 09:00:12.683   474   501 I SystemConfig: Reading permissions from /vendor/etc/permissions/android.hardware.camera.xml
08-04 09:00:12.685   474   474 I SystemServiceManager: Starting com.android.server.am.ActivityManagerService$Lifecycle
08-04 09:00:12.685   474   501 I SystemConfig: Reading permissions from /vendor/etc/permissions/android.hardware.camera.front.xml
08-04 09:00:12.687   474   501 I SystemConfig: Reading permissions from /vendor/etc/permissions/android.hardware.bluetooth.xml
08-04 09:00:12.690   474   474 I ActivityManager: Memory class: 192
08-04 09:00:12.691   474   501 I SystemConfig: Reading permissions from /vendor/etc/permissions/android.hardware.faketouch.xml
08-04 09:00:12.692   474   501 I SystemConfig: Reading permissions from /vendor/etc/permissions/android.hardware.vulkan.version-1_0_3.xml
08-04 09:00:12.693   474   504 I Binder  : Setting heavy hitter watcher config: false, 0, 0.0
08-04 09:00:12.694   474   501 I SystemConfig: Reading permissions from /vendor/etc/permissions/android.hardware.hardware_keystore.xml
08-04 09:00:12.695   474   501 I SystemConfig: Reading permissions from /vendor/etc/permissions/android.software.vulkan.deqp.level-2022-03-01.xml
08-04 09:00:12.696   474   501 I SystemConfig: Reading permissions from /vendor/etc/permissions/android.software.vulkan.deqp.level-2020-03-01.xml
08-04 09:00:12.698   474   501 I SystemConfig: Reading permissions from /vendor/etc/permissions/android.hardware.opengles.aep.xml
08-04 09:00:12.699   474   501 I SystemConfig: Reading permissions from /vendor/etc/permissions/android.hardware.wifi.xml
08-04 09:00:12.700   474   501 I SystemConfig: Reading permissions from /vendor/etc/permissions/android.hardware.camera.external.xml
08-04 09:00:12.701   474   501 I SystemConfig: Reading permissions from /vendor/etc/permissions/android.software.vulkan.deqp.level-2021-03-01.xml
08-04 09:00:12.703   474   501 I SystemConfig: Reading permissions from /vendor/etc/permissions/android.hardware.vulkan.version-1_1.xml
08-04 09:00:12.704   474   501 I SystemConfig: Reading permissions from /vendor/etc/permissions/android.hardware.keystore.app_attest_key.xml
08-04 09:00:12.705   474   501 I SystemConfig: Reading permissions from /vendor/etc/permissions/android.hardware.vulkan.level-1.xml
08-04 09:00:12.707   474   501 I SystemConfig: Reading permissions from /vendor/etc/permissions/android.software.vulkan.deqp.level-2019-03-01.xml
08-04 09:00:12.708   474   501 I SystemConfig: Reading permissions from /vendor/etc/permissions/android.software.incremental_delivery.xml
08-04 09:00:12.709   474   501 I SystemConfig: Reading permissions from /vendor/etc/permissions/android.hardware.wifi.passpoint.xml
08-04 09:00:12.710   474   501 I SystemConfig: Reading permissions from /vendor/etc/permissions/android.hardware.wifi.direct.xml
08-04 09:00:12.712   474   501 I SystemConfig: Reading permissions from /vendor/etc/permissions/android.hardware.bluetooth_le.xml
08-04 09:00:12.714   474   501 I SystemConfig: Reading permissions from /product/etc/sysconfig/preinstalled-packages-platform-handheld-product.xml
08-04 09:00:12.715   474   501 I SystemConfig: Reading permissions from /product/etc/sysconfig/preinstalled-packages-platform-overlays.xml
08-04 09:00:12.718   474   501 I SystemConfig: Reading permissions from /product/etc/permissions/com.android.contacts.xml
08-04 09:00:12.720   474   501 I SystemConfig: Reading permissions from /product/etc/permissions/com.android.settings.intelligence.xml
08-04 09:00:12.721   474   501 W SystemConfig: No directory /system_ext/etc/sysconfig, skipping
08-04 09:00:12.722   474   501 I SystemConfig: Reading permissions from /system_ext/etc/permissions/com.android.storagemanager.xml
08-04 09:00:12.723   474   501 I SystemConfig: Reading permissions from /system_ext/etc/permissions/com.android.launcher3.xml
08-04 09:00:12.725   474   501 I SystemConfig: Reading permissions from /system_ext/etc/permissions/com.android.settings.xml
08-04 09:00:12.727   474   501 I SystemConfig: Reading permissions from /system_ext/etc/permissions/com.android.carrierconfig.xml
08-04 09:00:12.728   474   501 I SystemConfig: Reading permissions from /system_ext/etc/permissions/androidx.window.sidecar.xml
08-04 09:00:12.730   474   501 I SystemConfig: Reading permissions from /system_ext/etc/permissions/com.android.systemui.xml
08-04 09:00:12.732   474   501 I SystemConfig: Reading permissions from /system_ext/etc/permissions/androidx.window.extensions.xml
08-04 09:00:12.734   474   501 I SystemConfig: Reading permissions from /system_ext/etc/permissions/com.android.provision.xml
08-04 09:00:12.736   474   501 I SystemConfig: Reading permissions from /apex/com.android.tethering/etc/permissions/permissions.xml
08-04 09:00:12.739   474   501 I SystemConfig: Reading permissions from /apex/com.android.permission/etc/permissions/privapp_allowlist_com.android.permissioncontroller.xml
08-04 09:00:12.741   474   501 I SystemConfig: Reading permissions from /apex/com.android.mediaprovider/etc/permissions/privapp_allowlist_com.android.providers.media.module.xml
08-04 09:00:12.743   474   501 I SystemConfig: Reading permissions from /apex/com.android.ipsec/etc/permissions/android.net.ipsec.ike.xml
08-04 09:00:12.746   474   501 I SystemConfig: Reading permissions from /apex/com.android.extservices/etc/permissions/privapp_allowlist_android.ext.services.xml
08-04 09:00:12.748   474   501 I SystemConfig: Reading permissions from /apex/com.android.btservices/etc/permissions/privapp_allowlist_com.android.bluetooth.xml
08-04 09:00:12.750   474   501 I SystemConfig: Reading permissions from /apex/com.android.adservices/etc/permissions/privapp_allowlist_com.android.adservices.api.xml
08-04 09:00:12.753   474   501 V SystemConfig: readAllPermissions took to complete: 139ms
08-04 09:00:12.753   474   501 D SystemServerInitThreadPool: Finished executing ReadingSystemConfig
08-04 09:00:12.753   474   501 V SystemServerTimingAsync: InitThreadPoolExec:ReadingSystemConfig took to complete: 140ms
08-04 09:00:12.766   474   474 W PowerProfile: screen.on is deprecated! Use screen.on.display0 instead.
08-04 09:00:12.766   474   474 W PowerProfile: screen.full is deprecated! Use screen.full.display0 instead.
08-04 09:00:12.766   474   474 W ModemPowerProfile: getAverageBatteryDrainMaH called with unexpected key: 0x0, drain:0,RAT:DEFAULT
08-04 09:00:12.766   474   474 W ModemPowerProfile: getAverageBatteryDrainMaH called with unexpected key: 0x10000000, drain:IDLE,RAT:DEFAULT
08-04 09:00:12.766   474   474 W ModemPowerProfile: getAverageBatteryDrainMaH called with unexpected key: 0x20000000, drain:RX,RAT:DEFAULT
08-04 09:00:12.766   474   474 W ModemPowerProfile: getAverageBatteryDrainMaH called with unexpected key: 0x30000000, drain:TX,level:UNKNOWN(0x0)RAT:DEFAULT
08-04 09:00:12.766   474   474 W ModemPowerProfile: getAverageBatteryDrainMaH called with unexpected key: 0x31000000, drain:TX,level:UNKNOWN(0x1000000)RAT:DEFAULT
08-04 09:00:12.767   474   474 W ModemPowerProfile: getAverageBatteryDrainMaH called with unexpected key: 0x32000000, drain:TX,level:UNKNOWN(0x2000000)RAT:DEFAULT
08-04 09:00:12.767   474   474 W ModemPowerProfile: getAverageBatteryDrainMaH called with unexpected key: 0x33000000, drain:TX,level:UNKNOWN(0x3000000)RAT:DEFAULT
08-04 09:00:12.767   474   474 W ModemPowerProfile: getAverageBatteryDrainMaH called with unexpected key: 0x34000000, drain:TX,level:UNKNOWN(0x4000000)RAT:DEFAULT
08-04 09:00:12.773   474   474 D BatteryStatsImpl: Reading daily items from /data/system/batterystats-daily.xml
08-04 09:00:12.777   474   474 I KernelCpuUidFreqTimeReader: mPerClusterTimesAvailable=false
08-04 09:00:12.785   150   150 I hwservicemanager: getTransport: Cannot find entry android.hardware.power.stats@1.0::IPowerStats/default in either framework or device VINTF manifest.
08-04 09:00:12.785   474   511 E BatteryStatsService: Unable to load Power.Stats.HAL. Setting rail availability to false
08-04 09:00:12.787   474   511 E BluetoothAdapter: Bluetooth service is null
08-04 09:00:12.789   474   511 W KernelCpuProcStringReader: File not found. It's normal if not implemented: /proc/uid_cputime/show_uid_stat
08-04 09:00:12.793   186   186 I binder:186_4: type=1400 audit(0.0:60): avc: denied { read } for name="wakeup7" dev="sysfs" ino=26006 scontext=u:r:system_suspend:s0 tcontext=u:object_r:sysfs:s0 tclass=dir permissive=1
08-04 09:00:12.793   186   186 I binder:186_4: type=1400 audit(0.0:61): avc: denied { open } for path="/sys/devices/virtual/power_supply/test_usb/wakeup7" dev="sysfs" ino=26006 scontext=u:r:system_suspend:s0 tcontext=u:object_r:sysfs:s0 tclass=dir permissive=1
08-04 09:00:12.793   186   186 I binder:186_4: type=1400 audit(0.0:62): avc: denied { read } for name="event_count" dev="sysfs" ino=26013 scontext=u:r:system_suspend:s0 tcontext=u:object_r:sysfs:s0 tclass=file permissive=1
08-04 09:00:12.793   186   186 I binder:186_4: type=1400 audit(0.0:63): avc: denied { open } for path="/sys/devices/virtual/power_supply/test_usb/wakeup7/event_count" dev="sysfs" ino=26013 scontext=u:r:system_suspend:s0 tcontext=u:object_r:sysfs:s0 tclass=file permissive=1
08-04 09:00:12.793   186   186 I binder:186_4: type=1400 audit(0.0:64): avc: denied { getattr } for path="/sys/devices/virtual/power_supply/test_usb/wakeup7/event_count" dev="sysfs" ino=26013 scontext=u:r:system_suspend:s0 tcontext=u:object_r:sysfs:s0 tclass=file permissive=1
08-04 09:00:12.806   474   511 W KernelMemoryBandwidthStats: No kernel memory bandwidth stats available
08-04 09:00:12.890   474   474 I IntentFirewall: Read new rules (A:0 B:0 S:0)
08-04 09:00:12.894   474   474 D OomAdjuster: Not killing cached processes
08-04 09:00:12.896   474   474 D AppOps  : AppOpsService published
08-04 09:00:12.899   474   474 V SystemServerTiming: StartActivityManager took to complete: 219ms
08-04 09:00:12.899   474   474 D SystemServerTiming: StartDataLoaderManagerService
